[0.248s] DEBUG:colcon:Command line arguments: ['/usr/bin/colcon', 'build']
[0.248s] DEBUG:colcon:Parsed command line arguments: Namespace(log_base=None, log_level=None, verb_name='build', build_base='build', install_base='install', merge_install=False, symlink_install=False, test_result_base=None, continue_on_error=False, executor='parallel', parallel_workers=6, event_handlers=None, ignore_user_meta=False, metas=['./colcon.meta'], base_paths=['.'], packages_ignore=None, packages_ignore_regex=None, paths=None, packages_up_to=None, packages_up_to_regex=None, packages_above=None, packages_above_and_dependencies=None, packages_above_depth=None, packages_select_by_dep=None, packages_skip_by_dep=None, packages_skip_up_to=None, packages_select_build_failed=False, packages_skip_build_finished=False, packages_select_test_failures=False, packages_skip_test_passed=False, packages_select=None, packages_skip=None, packages_select_regex=None, packages_skip_regex=None, packages_start=None, packages_end=None, allow_overriding=[], cmake_args=None, cmake_target=None, cmake_target_skip_unavailable=False, cmake_clean_cache=False, cmake_clean_first=False, cmake_force_configure=False, ament_cmake_args=None, catkin_cmake_args=None, catkin_skip_building_tests=False, mixin_files=None, mixin=None, verb_parser=<colcon_mixin.mixin.mixin_argument.MixinArgumentDecorator object at 0xffff80751f30>, verb_extension=<colcon_core.verb.build.BuildVerb object at 0xffff808cb8e0>, main=<bound method BuildVerb.main of <colcon_core.verb.build.BuildVerb object at 0xffff808cb8e0>>, mixin_verb=('build',))
[0.596s] Level 1:colcon.colcon_core.package_discovery:discover_packages(colcon_meta) check parameters
[0.596s] Level 1:colcon.colcon_core.package_discovery:discover_packages(recursive) check parameters
[0.596s] Level 1:colcon.colcon_core.package_discovery:discover_packages(ignore) check parameters
[0.596s] Level 1:colcon.colcon_core.package_discovery:discover_packages(path) check parameters
[0.596s] Level 1:colcon.colcon_core.package_discovery:discover_packages(colcon_meta) discover
[0.596s] Level 1:colcon.colcon_core.package_discovery:discover_packages(recursive) discover
[0.597s] INFO:colcon.colcon_core.package_discovery:Crawling recursively for packages in '/home/gwcs/ros2_ws'
[0.597s] Level 1:colcon.colcon_core.package_identification:_identify(.) by extensions ['ignore', 'ignore_ament_install']
[0.597s] Level 1:colcon.colcon_core.package_identification:_identify(.) by extension 'ignore'
[0.597s] Level 1:colcon.colcon_core.package_identification:_identify(.) by extension 'ignore_ament_install'
[0.597s] Level 1:colcon.colcon_core.package_identification:_identify(.) by extensions ['colcon_pkg']
[0.597s] Level 1:colcon.colcon_core.package_identification:_identify(.) by extension 'colcon_pkg'
[0.597s] Level 1:colcon.colcon_core.package_identification:_identify(.) by extensions ['colcon_meta']
[0.597s] Level 1:colcon.colcon_core.package_identification:_identify(.) by extension 'colcon_meta'
[0.598s] Level 1:colcon.colcon_core.package_identification:_identify(.) by extensions ['ros']
[0.598s] Level 1:colcon.colcon_core.package_identification:_identify(.) by extension 'ros'
[0.619s] Level 1:colcon.colcon_core.package_identification:_identify(.) by extensions ['cmake', 'python']
[0.619s] Level 1:colcon.colcon_core.package_identification:_identify(.) by extension 'cmake'
[0.620s] Level 1:colcon.colcon_core.package_identification:_identify(.) by extension 'python'
[0.620s] Level 1:colcon.colcon_core.package_identification:_identify(.) by extensions ['python_setup_py']
[0.620s] Level 1:colcon.colcon_core.package_identification:_identify(.) by extension 'python_setup_py'
[0.620s] Level 1:colcon.colcon_core.package_identification:_identify(build) by extensions ['ignore', 'ignore_ament_install']
[0.620s] Level 1:colcon.colcon_core.package_identification:_identify(build) by extension 'ignore'
[0.620s] Level 1:colcon.colcon_core.package_identification:_identify(build) ignored
[0.621s] Level 1:colcon.colcon_core.package_identification:_identify(install) by extensions ['ignore', 'ignore_ament_install']
[0.621s] Level 1:colcon.colcon_core.package_identification:_identify(install) by extension 'ignore'
[0.621s] Level 1:colcon.colcon_core.package_identification:_identify(install) ignored
[0.621s] Level 1:colcon.colcon_core.package_identification:_identify(log) by extensions ['ignore', 'ignore_ament_install']
[0.621s] Level 1:colcon.colcon_core.package_identification:_identify(log) by extension 'ignore'
[0.621s] Level 1:colcon.colcon_core.package_identification:_identify(log) ignored
[0.622s] Level 1:colcon.colcon_core.package_identification:_identify(src) by extensions ['ignore', 'ignore_ament_install']
[0.622s] Level 1:colcon.colcon_core.package_identification:_identify(src) by extension 'ignore'
[0.622s] Level 1:colcon.colcon_core.package_identification:_identify(src) by extension 'ignore_ament_install'
[0.622s] Level 1:colcon.colcon_core.package_identification:_identify(src) by extensions ['colcon_pkg']
[0.622s] Level 1:colcon.colcon_core.package_identification:_identify(src) by extension 'colcon_pkg'
[0.622s] Level 1:colcon.colcon_core.package_identification:_identify(src) by extensions ['colcon_meta']
[0.622s] Level 1:colcon.colcon_core.package_identification:_identify(src) by extension 'colcon_meta'
[0.622s] Level 1:colcon.colcon_core.package_identification:_identify(src) by extensions ['ros']
[0.622s] Level 1:colcon.colcon_core.package_identification:_identify(src) by extension 'ros'
[0.622s] Level 1:colcon.colcon_core.package_identification:_identify(src) by extensions ['cmake', 'python']
[0.622s] Level 1:colcon.colcon_core.package_identification:_identify(src) by extension 'cmake'
[0.623s] Level 1:colcon.colcon_core.package_identification:_identify(src) by extension 'python'
[0.623s] Level 1:colcon.colcon_core.package_identification:_identify(src) by extensions ['python_setup_py']
[0.623s] Level 1:colcon.colcon_core.package_identification:_identify(src) by extension 'python_setup_py'
[0.623s] Level 1:colcon.colcon_core.package_identification:_identify(src/dumbot_bringup) by extensions ['ignore', 'ignore_ament_install']
[0.623s] Level 1:colcon.colcon_core.package_identification:_identify(src/dumbot_bringup) by extension 'ignore'
[0.623s] Level 1:colcon.colcon_core.package_identification:_identify(src/dumbot_bringup) by extension 'ignore_ament_install'
[0.623s] Level 1:colcon.colcon_core.package_identification:_identify(src/dumbot_bringup) by extensions ['colcon_pkg']
[0.623s] Level 1:colcon.colcon_core.package_identification:_identify(src/dumbot_bringup) by extension 'colcon_pkg'
[0.623s] Level 1:colcon.colcon_core.package_identification:_identify(src/dumbot_bringup) by extensions ['colcon_meta']
[0.623s] Level 1:colcon.colcon_core.package_identification:_identify(src/dumbot_bringup) by extension 'colcon_meta'
[0.624s] Level 1:colcon.colcon_core.package_identification:_identify(src/dumbot_bringup) by extensions ['ros']
[0.624s] Level 1:colcon.colcon_core.package_identification:_identify(src/dumbot_bringup) by extension 'ros'
[0.629s] DEBUG:colcon.colcon_core.package_identification:Package 'src/dumbot_bringup' with type 'ros.ament_cmake' and name 'dumbot_bringup'
[0.629s] Level 1:colcon.colcon_core.package_identification:_identify(src/pose_to_odom) by extensions ['ignore', 'ignore_ament_install']
[0.629s] Level 1:colcon.colcon_core.package_identification:_identify(src/pose_to_odom) by extension 'ignore'
[0.629s] Level 1:colcon.colcon_core.package_identification:_identify(src/pose_to_odom) by extension 'ignore_ament_install'
[0.630s] Level 1:colcon.colcon_core.package_identification:_identify(src/pose_to_odom) by extensions ['colcon_pkg']
[0.630s] Level 1:colcon.colcon_core.package_identification:_identify(src/pose_to_odom) by extension 'colcon_pkg'
[0.630s] Level 1:colcon.colcon_core.package_identification:_identify(src/pose_to_odom) by extensions ['colcon_meta']
[0.630s] Level 1:colcon.colcon_core.package_identification:_identify(src/pose_to_odom) by extension 'colcon_meta'
[0.630s] Level 1:colcon.colcon_core.package_identification:_identify(src/pose_to_odom) by extensions ['ros']
[0.630s] Level 1:colcon.colcon_core.package_identification:_identify(src/pose_to_odom) by extension 'ros'
[0.632s] DEBUG:colcon.colcon_core.package_identification:Package 'src/pose_to_odom' with type 'ros.ament_cmake' and name 'pose_to_odom'
[0.632s] Level 1:colcon.colcon_core.package_identification:_identify(src/roboclaw_hardware_interface) by extensions ['ignore', 'ignore_ament_install']
[0.632s] Level 1:colcon.colcon_core.package_identification:_identify(src/roboclaw_hardware_interface) by extension 'ignore'
[0.632s] Level 1:colcon.colcon_core.package_identification:_identify(src/roboclaw_hardware_interface) by extension 'ignore_ament_install'
[0.632s] Level 1:colcon.colcon_core.package_identification:_identify(src/roboclaw_hardware_interface) by extensions ['colcon_pkg']
[0.632s] Level 1:colcon.colcon_core.package_identification:_identify(src/roboclaw_hardware_interface) by extension 'colcon_pkg'
[0.633s] Level 1:colcon.colcon_core.package_identification:_identify(src/roboclaw_hardware_interface) by extensions ['colcon_meta']
[0.633s] Level 1:colcon.colcon_core.package_identification:_identify(src/roboclaw_hardware_interface) by extension 'colcon_meta'
[0.633s] Level 1:colcon.colcon_core.package_identification:_identify(src/roboclaw_hardware_interface) by extensions ['ros']
[0.633s] Level 1:colcon.colcon_core.package_identification:_identify(src/roboclaw_hardware_interface) by extension 'ros'
[0.634s] DEBUG:colcon.colcon_core.package_identification:Package 'src/roboclaw_hardware_interface' with type 'ros.ament_cmake' and name 'roboclaw_hardware_interface'
[0.635s] Level 1:colcon.colcon_core.package_identification:_identify(src/roboclaw_serial) by extensions ['ignore', 'ignore_ament_install']
[0.635s] Level 1:colcon.colcon_core.package_identification:_identify(src/roboclaw_serial) by extension 'ignore'
[0.635s] Level 1:colcon.colcon_core.package_identification:_identify(src/roboclaw_serial) by extension 'ignore_ament_install'
[0.635s] Level 1:colcon.colcon_core.package_identification:_identify(src/roboclaw_serial) by extensions ['colcon_pkg']
[0.635s] Level 1:colcon.colcon_core.package_identification:_identify(src/roboclaw_serial) by extension 'colcon_pkg'
[0.635s] Level 1:colcon.colcon_core.package_identification:_identify(src/roboclaw_serial) by extensions ['colcon_meta']
[0.635s] Level 1:colcon.colcon_core.package_identification:_identify(src/roboclaw_serial) by extension 'colcon_meta'
[0.635s] Level 1:colcon.colcon_core.package_identification:_identify(src/roboclaw_serial) by extensions ['ros']
[0.635s] Level 1:colcon.colcon_core.package_identification:_identify(src/roboclaw_serial) by extension 'ros'
[0.636s] DEBUG:colcon.colcon_core.package_identification:Package 'src/roboclaw_serial' with type 'ros.catkin' and name 'roboclaw_serial'
[0.637s] Level 1:colcon.colcon_core.package_identification:_identify(src/ugv_nav) by extensions ['ignore', 'ignore_ament_install']
[0.637s] Level 1:colcon.colcon_core.package_identification:_identify(src/ugv_nav) by extension 'ignore'
[0.637s] Level 1:colcon.colcon_core.package_identification:_identify(src/ugv_nav) by extension 'ignore_ament_install'
[0.637s] Level 1:colcon.colcon_core.package_identification:_identify(src/ugv_nav) by extensions ['colcon_pkg']
[0.637s] Level 1:colcon.colcon_core.package_identification:_identify(src/ugv_nav) by extension 'colcon_pkg'
[0.637s] Level 1:colcon.colcon_core.package_identification:_identify(src/ugv_nav) by extensions ['colcon_meta']
[0.637s] Level 1:colcon.colcon_core.package_identification:_identify(src/ugv_nav) by extension 'colcon_meta'
[0.637s] Level 1:colcon.colcon_core.package_identification:_identify(src/ugv_nav) by extensions ['ros']
[0.637s] Level 1:colcon.colcon_core.package_identification:_identify(src/ugv_nav) by extension 'ros'
[0.638s] Level 1:colcon.colcon_core.package_identification:_identify(src/ugv_nav) by extensions ['cmake', 'python']
[0.638s] Level 1:colcon.colcon_core.package_identification:_identify(src/ugv_nav) by extension 'cmake'
[0.638s] Level 1:colcon.colcon_core.package_identification:_identify(src/ugv_nav) by extension 'python'
[0.638s] Level 1:colcon.colcon_core.package_identification:_identify(src/ugv_nav) by extensions ['python_setup_py']
[0.638s] Level 1:colcon.colcon_core.package_identification:_identify(src/ugv_nav) by extension 'python_setup_py'
[0.638s] Level 1:colcon.colcon_core.package_identification:_identify(src/ugv_nav/config) by extensions ['ignore', 'ignore_ament_install']
[0.638s] Level 1:colcon.colcon_core.package_identification:_identify(src/ugv_nav/config) by extension 'ignore'
[0.638s] Level 1:colcon.colcon_core.package_identification:_identify(src/ugv_nav/config) by extension 'ignore_ament_install'
[0.639s] Level 1:colcon.colcon_core.package_identification:_identify(src/ugv_nav/config) by extensions ['colcon_pkg']
[0.639s] Level 1:colcon.colcon_core.package_identification:_identify(src/ugv_nav/config) by extension 'colcon_pkg'
[0.639s] Level 1:colcon.colcon_core.package_identification:_identify(src/ugv_nav/config) by extensions ['colcon_meta']
[0.639s] Level 1:colcon.colcon_core.package_identification:_identify(src/ugv_nav/config) by extension 'colcon_meta'
[0.639s] Level 1:colcon.colcon_core.package_identification:_identify(src/ugv_nav/config) by extensions ['ros']
[0.639s] Level 1:colcon.colcon_core.package_identification:_identify(src/ugv_nav/config) by extension 'ros'
[0.639s] Level 1:colcon.colcon_core.package_identification:_identify(src/ugv_nav/config) by extensions ['cmake', 'python']
[0.639s] Level 1:colcon.colcon_core.package_identification:_identify(src/ugv_nav/config) by extension 'cmake'
[0.639s] Level 1:colcon.colcon_core.package_identification:_identify(src/ugv_nav/config) by extension 'python'
[0.639s] Level 1:colcon.colcon_core.package_identification:_identify(src/ugv_nav/config) by extensions ['python_setup_py']
[0.639s] Level 1:colcon.colcon_core.package_identification:_identify(src/ugv_nav/config) by extension 'python_setup_py'
[0.640s] Level 1:colcon.colcon_core.package_identification:_identify(src/ugv_nav/launch) by extensions ['ignore', 'ignore_ament_install']
[0.640s] Level 1:colcon.colcon_core.package_identification:_identify(src/ugv_nav/launch) by extension 'ignore'
[0.640s] Level 1:colcon.colcon_core.package_identification:_identify(src/ugv_nav/launch) by extension 'ignore_ament_install'
[0.640s] Level 1:colcon.colcon_core.package_identification:_identify(src/ugv_nav/launch) by extensions ['colcon_pkg']
[0.640s] Level 1:colcon.colcon_core.package_identification:_identify(src/ugv_nav/launch) by extension 'colcon_pkg'
[0.640s] Level 1:colcon.colcon_core.package_identification:_identify(src/ugv_nav/launch) by extensions ['colcon_meta']
[0.640s] Level 1:colcon.colcon_core.package_identification:_identify(src/ugv_nav/launch) by extension 'colcon_meta'
[0.640s] Level 1:colcon.colcon_core.package_identification:_identify(src/ugv_nav/launch) by extensions ['ros']
[0.640s] Level 1:colcon.colcon_core.package_identification:_identify(src/ugv_nav/launch) by extension 'ros'
[0.640s] Level 1:colcon.colcon_core.package_identification:_identify(src/ugv_nav/launch) by extensions ['cmake', 'python']
[0.640s] Level 1:colcon.colcon_core.package_identification:_identify(src/ugv_nav/launch) by extension 'cmake'
[0.640s] Level 1:colcon.colcon_core.package_identification:_identify(src/ugv_nav/launch) by extension 'python'
[0.641s] Level 1:colcon.colcon_core.package_identification:_identify(src/ugv_nav/launch) by extensions ['python_setup_py']
[0.641s] Level 1:colcon.colcon_core.package_identification:_identify(src/ugv_nav/launch) by extension 'python_setup_py'
[0.641s] Level 1:colcon.colcon_core.package_identification:_identify(src/vicon_pkg) by extensions ['ignore', 'ignore_ament_install']
[0.641s] Level 1:colcon.colcon_core.package_identification:_identify(src/vicon_pkg) by extension 'ignore'
[0.641s] Level 1:colcon.colcon_core.package_identification:_identify(src/vicon_pkg) by extension 'ignore_ament_install'
[0.641s] Level 1:colcon.colcon_core.package_identification:_identify(src/vicon_pkg) by extensions ['colcon_pkg']
[0.641s] Level 1:colcon.colcon_core.package_identification:_identify(src/vicon_pkg) by extension 'colcon_pkg'
[0.641s] Level 1:colcon.colcon_core.package_identification:_identify(src/vicon_pkg) by extensions ['colcon_meta']
[0.641s] Level 1:colcon.colcon_core.package_identification:_identify(src/vicon_pkg) by extension 'colcon_meta'
[0.642s] Level 1:colcon.colcon_core.package_identification:_identify(src/vicon_pkg) by extensions ['ros']
[0.642s] Level 1:colcon.colcon_core.package_identification:_identify(src/vicon_pkg) by extension 'ros'
[0.643s] DEBUG:colcon.colcon_core.package_identification:Package 'src/vicon_pkg' with type 'ros.ament_python' and name 'vicon_pkg'
[0.643s] Level 1:colcon.colcon_core.package_discovery:discover_packages(recursive) using defaults
[0.643s] Level 1:colcon.colcon_core.package_discovery:discover_packages(ignore) discover
[0.643s] Level 1:colcon.colcon_core.package_discovery:discover_packages(ignore) using defaults
[0.643s] Level 1:colcon.colcon_core.package_discovery:discover_packages(path) discover
[0.643s] Level 1:colcon.colcon_core.package_discovery:discover_packages(path) using defaults
[0.722s] Level 1:colcon.colcon_core.package_discovery:discover_packages(prefix_path) check parameters
[0.722s] Level 1:colcon.colcon_core.package_discovery:discover_packages(prefix_path) discover
[0.726s] DEBUG:colcon.colcon_installed_package_information.package_discovery:Found 5 installed packages in /home/gwcs/ros2_ws/install
[0.729s] DEBUG:colcon.colcon_installed_package_information.package_discovery:Found 343 installed packages in /opt/ros/humble
[0.732s] Level 1:colcon.colcon_core.package_discovery:discover_packages(prefix_path) using defaults
[0.817s] Level 5:colcon.colcon_core.verb:set package 'pose_to_odom' build argument 'cmake_args' from command line to 'None'
[0.817s] Level 5:colcon.colcon_core.verb:set package 'pose_to_odom' build argument 'cmake_target' from command line to 'None'
[0.817s] Level 5:colcon.colcon_core.verb:set package 'pose_to_odom' build argument 'cmake_target_skip_unavailable' from command line to 'False'
[0.817s] Level 5:colcon.colcon_core.verb:set package 'pose_to_odom' build argument 'cmake_clean_cache' from command line to 'False'
[0.817s] Level 5:colcon.colcon_core.verb:set package 'pose_to_odom' build argument 'cmake_clean_first' from command line to 'False'
[0.817s] Level 5:colcon.colcon_core.verb:set package 'pose_to_odom' build argument 'cmake_force_configure' from command line to 'False'
[0.817s] Level 5:colcon.colcon_core.verb:set package 'pose_to_odom' build argument 'ament_cmake_args' from command line to 'None'
[0.817s] Level 5:colcon.colcon_core.verb:set package 'pose_to_odom' build argument 'catkin_cmake_args' from command line to 'None'
[0.817s] Level 5:colcon.colcon_core.verb:set package 'pose_to_odom' build argument 'catkin_skip_building_tests' from command line to 'False'
[0.818s] DEBUG:colcon.colcon_core.verb:Building package 'pose_to_odom' with the following arguments: {'ament_cmake_args': None, 'build_base': '/home/gwcs/ros2_ws/build/pose_to_odom', 'catkin_cmake_args': None, 'catkin_skip_building_tests': False, 'cmake_args': None, 'cmake_clean_cache': False, 'cmake_clean_first': False, 'cmake_force_configure': False, 'cmake_target': None, 'cmake_target_skip_unavailable': False, 'install_base': '/home/gwcs/ros2_ws/install/pose_to_odom', 'merge_install': False, 'path': '/home/gwcs/ros2_ws/src/pose_to_odom', 'symlink_install': False, 'test_result_base': None}
[0.818s] Level 5:colcon.colcon_core.verb:set package 'roboclaw_serial' build argument 'cmake_args' from command line to 'None'
[0.818s] Level 5:colcon.colcon_core.verb:set package 'roboclaw_serial' build argument 'cmake_target' from command line to 'None'
[0.818s] Level 5:colcon.colcon_core.verb:set package 'roboclaw_serial' build argument 'cmake_target_skip_unavailable' from command line to 'False'
[0.818s] Level 5:colcon.colcon_core.verb:set package 'roboclaw_serial' build argument 'cmake_clean_cache' from command line to 'False'
[0.818s] Level 5:colcon.colcon_core.verb:set package 'roboclaw_serial' build argument 'cmake_clean_first' from command line to 'False'
[0.818s] Level 5:colcon.colcon_core.verb:set package 'roboclaw_serial' build argument 'cmake_force_configure' from command line to 'False'
[0.819s] Level 5:colcon.colcon_core.verb:set package 'roboclaw_serial' build argument 'ament_cmake_args' from command line to 'None'
[0.819s] Level 5:colcon.colcon_core.verb:set package 'roboclaw_serial' build argument 'catkin_cmake_args' from command line to 'None'
[0.819s] Level 5:colcon.colcon_core.verb:set package 'roboclaw_serial' build argument 'catkin_skip_building_tests' from command line to 'False'
[0.819s] DEBUG:colcon.colcon_core.verb:Building package 'roboclaw_serial' with the following arguments: {'ament_cmake_args': None, 'build_base': '/home/gwcs/ros2_ws/build/roboclaw_serial', 'catkin_cmake_args': None, 'catkin_skip_building_tests': False, 'cmake_args': None, 'cmake_clean_cache': False, 'cmake_clean_first': False, 'cmake_force_configure': False, 'cmake_target': None, 'cmake_target_skip_unavailable': False, 'install_base': '/home/gwcs/ros2_ws/install/roboclaw_serial', 'merge_install': False, 'path': '/home/gwcs/ros2_ws/src/roboclaw_serial', 'symlink_install': False, 'test_result_base': None}
[0.819s] Level 5:colcon.colcon_core.verb:set package 'vicon_pkg' build argument 'cmake_args' from command line to 'None'
[0.819s] Level 5:colcon.colcon_core.verb:set package 'vicon_pkg' build argument 'cmake_target' from command line to 'None'
[0.819s] Level 5:colcon.colcon_core.verb:set package 'vicon_pkg' build argument 'cmake_target_skip_unavailable' from command line to 'False'
[0.819s] Level 5:colcon.colcon_core.verb:set package 'vicon_pkg' build argument 'cmake_clean_cache' from command line to 'False'
[0.819s] Level 5:colcon.colcon_core.verb:set package 'vicon_pkg' build argument 'cmake_clean_first' from command line to 'False'
[0.820s] Level 5:colcon.colcon_core.verb:set package 'vicon_pkg' build argument 'cmake_force_configure' from command line to 'False'
[0.820s] Level 5:colcon.colcon_core.verb:set package 'vicon_pkg' build argument 'ament_cmake_args' from command line to 'None'
[0.820s] Level 5:colcon.colcon_core.verb:set package 'vicon_pkg' build argument 'catkin_cmake_args' from command line to 'None'
[0.820s] Level 5:colcon.colcon_core.verb:set package 'vicon_pkg' build argument 'catkin_skip_building_tests' from command line to 'False'
[0.820s] DEBUG:colcon.colcon_core.verb:Building package 'vicon_pkg' with the following arguments: {'ament_cmake_args': None, 'build_base': '/home/gwcs/ros2_ws/build/vicon_pkg', 'catkin_cmake_args': None, 'catkin_skip_building_tests': False, 'cmake_args': None, 'cmake_clean_cache': False, 'cmake_clean_first': False, 'cmake_force_configure': False, 'cmake_target': None, 'cmake_target_skip_unavailable': False, 'install_base': '/home/gwcs/ros2_ws/install/vicon_pkg', 'merge_install': False, 'path': '/home/gwcs/ros2_ws/src/vicon_pkg', 'symlink_install': False, 'test_result_base': None}
[0.820s] Level 5:colcon.colcon_core.verb:set package 'roboclaw_hardware_interface' build argument 'cmake_args' from command line to 'None'
[0.820s] Level 5:colcon.colcon_core.verb:set package 'roboclaw_hardware_interface' build argument 'cmake_target' from command line to 'None'
[0.820s] Level 5:colcon.colcon_core.verb:set package 'roboclaw_hardware_interface' build argument 'cmake_target_skip_unavailable' from command line to 'False'
[0.820s] Level 5:colcon.colcon_core.verb:set package 'roboclaw_hardware_interface' build argument 'cmake_clean_cache' from command line to 'False'
[0.820s] Level 5:colcon.colcon_core.verb:set package 'roboclaw_hardware_interface' build argument 'cmake_clean_first' from command line to 'False'
[0.820s] Level 5:colcon.colcon_core.verb:set package 'roboclaw_hardware_interface' build argument 'cmake_force_configure' from command line to 'False'
[0.821s] Level 5:colcon.colcon_core.verb:set package 'roboclaw_hardware_interface' build argument 'ament_cmake_args' from command line to 'None'
[0.821s] Level 5:colcon.colcon_core.verb:set package 'roboclaw_hardware_interface' build argument 'catkin_cmake_args' from command line to 'None'
[0.821s] Level 5:colcon.colcon_core.verb:set package 'roboclaw_hardware_interface' build argument 'catkin_skip_building_tests' from command line to 'False'
[0.821s] DEBUG:colcon.colcon_core.verb:Building package 'roboclaw_hardware_interface' with the following arguments: {'ament_cmake_args': None, 'build_base': '/home/gwcs/ros2_ws/build/roboclaw_hardware_interface', 'catkin_cmake_args': None, 'catkin_skip_building_tests': False, 'cmake_args': None, 'cmake_clean_cache': False, 'cmake_clean_first': False, 'cmake_force_configure': False, 'cmake_target': None, 'cmake_target_skip_unavailable': False, 'install_base': '/home/gwcs/ros2_ws/install/roboclaw_hardware_interface', 'merge_install': False, 'path': '/home/gwcs/ros2_ws/src/roboclaw_hardware_interface', 'symlink_install': False, 'test_result_base': None}
[0.821s] Level 5:colcon.colcon_core.verb:set package 'dumbot_bringup' build argument 'cmake_args' from command line to 'None'
[0.821s] Level 5:colcon.colcon_core.verb:set package 'dumbot_bringup' build argument 'cmake_target' from command line to 'None'
[0.821s] Level 5:colcon.colcon_core.verb:set package 'dumbot_bringup' build argument 'cmake_target_skip_unavailable' from command line to 'False'
[0.821s] Level 5:colcon.colcon_core.verb:set package 'dumbot_bringup' build argument 'cmake_clean_cache' from command line to 'False'
[0.822s] Level 5:colcon.colcon_core.verb:set package 'dumbot_bringup' build argument 'cmake_clean_first' from command line to 'False'
[0.822s] Level 5:colcon.colcon_core.verb:set package 'dumbot_bringup' build argument 'cmake_force_configure' from command line to 'False'
[0.822s] Level 5:colcon.colcon_core.verb:set package 'dumbot_bringup' build argument 'ament_cmake_args' from command line to 'None'
[0.822s] Level 5:colcon.colcon_core.verb:set package 'dumbot_bringup' build argument 'catkin_cmake_args' from command line to 'None'
[0.822s] Level 5:colcon.colcon_core.verb:set package 'dumbot_bringup' build argument 'catkin_skip_building_tests' from command line to 'False'
[0.822s] DEBUG:colcon.colcon_core.verb:Building package 'dumbot_bringup' with the following arguments: {'ament_cmake_args': None, 'build_base': '/home/gwcs/ros2_ws/build/dumbot_bringup', 'catkin_cmake_args': None, 'catkin_skip_building_tests': False, 'cmake_args': None, 'cmake_clean_cache': False, 'cmake_clean_first': False, 'cmake_force_configure': False, 'cmake_target': None, 'cmake_target_skip_unavailable': False, 'install_base': '/home/gwcs/ros2_ws/install/dumbot_bringup', 'merge_install': False, 'path': '/home/gwcs/ros2_ws/src/dumbot_bringup', 'symlink_install': False, 'test_result_base': None}
[0.822s] INFO:colcon.colcon_core.executor:Executing jobs using 'parallel' executor
[0.824s] DEBUG:colcon.colcon_parallel_executor.executor.parallel:run_until_complete
[0.825s] INFO:colcon.colcon_ros.task.catkin.build:Building ROS package in '/home/gwcs/ros2_ws/src/roboclaw_serial' with build type 'catkin'
[0.825s] INFO:colcon.colcon_cmake.task.cmake.build:Building CMake package in '/home/gwcs/ros2_ws/src/roboclaw_serial'
[0.830s] INFO:colcon.colcon_core.plugin_system:Skipping extension 'colcon_core.shell.bat': Not used on non-Windows systems
[0.830s] INFO:colcon.colcon_core.shell:Skip shell extension 'powershell' for command environment: Not usable outside of PowerShell
[0.830s] DEBUG:colcon.colcon_core.shell:Skip shell extension 'dsv' for command environment
[0.858s] INFO:colcon.colcon_ros.task.ament_cmake.build:Building ROS package in '/home/gwcs/ros2_ws/src/pose_to_odom' with build type 'ament_cmake'
[0.859s] INFO:colcon.colcon_cmake.task.cmake.build:Building CMake package in '/home/gwcs/ros2_ws/src/pose_to_odom'
[0.859s] INFO:colcon.colcon_core.shell:Skip shell extension 'powershell' for command environment: Not usable outside of PowerShell
[0.860s] DEBUG:colcon.colcon_core.shell:Skip shell extension 'dsv' for command environment
[0.868s] INFO:colcon.colcon_ros.task.ament_python.build:Building ROS package in '/home/gwcs/ros2_ws/src/vicon_pkg' with build type 'ament_python'
[0.869s] Level 1:colcon.colcon_core.shell:create_environment_hook('vicon_pkg', 'ament_prefix_path')
[0.869s] INFO:colcon.colcon_core.shell:Creating environment hook '/home/gwcs/ros2_ws/install/vicon_pkg/share/vicon_pkg/hook/ament_prefix_path.ps1'
[0.871s] INFO:colcon.colcon_core.shell:Creating environment descriptor '/home/gwcs/ros2_ws/install/vicon_pkg/share/vicon_pkg/hook/ament_prefix_path.dsv'
[0.872s] INFO:colcon.colcon_core.shell:Creating environment hook '/home/gwcs/ros2_ws/install/vicon_pkg/share/vicon_pkg/hook/ament_prefix_path.sh'
[0.873s] INFO:colcon.colcon_core.shell:Skip shell extension 'powershell' for command environment: Not usable outside of PowerShell
[0.874s] DEBUG:colcon.colcon_core.shell:Skip shell extension 'dsv' for command environment
[0.887s] DEBUG:colcon.colcon_core.event_handler.log_command:Invoking command in '/home/gwcs/ros2_ws/build/roboclaw_serial': /usr/bin/cmake --build /home/gwcs/ros2_ws/build/roboclaw_serial -- -j6 -l6
[0.896s] DEBUG:colcon.colcon_core.event_handler.log_command:Invoking command in '/home/gwcs/ros2_ws/build/pose_to_odom': CMAKE_PREFIX_PATH=/home/gwcs/ros2_ws/install/vicon_pkg:/opt/ros/humble:${CMAKE_PREFIX_PATH} /usr/bin/cmake --build /home/gwcs/ros2_ws/build/pose_to_odom -- -j6 -l6
[1.550s] INFO:colcon.colcon_core.task.python.build:Building Python package in '/home/gwcs/ros2_ws/src/vicon_pkg'
[1.551s] INFO:colcon.colcon_core.shell:Skip shell extension 'powershell' for command environment: Not usable outside of PowerShell
[1.551s] DEBUG:colcon.colcon_core.shell:Skip shell extension 'dsv' for command environment
[1.562s] DEBUG:colcon.colcon_core.event_handler.log_command:Invoked command in '/home/gwcs/ros2_ws/build/roboclaw_serial' returned '0': /usr/bin/cmake --build /home/gwcs/ros2_ws/build/roboclaw_serial -- -j6 -l6
[1.573s] DEBUG:colcon.colcon_core.event_handler.log_command:Invoking command in '/home/gwcs/ros2_ws/build/roboclaw_serial': /usr/bin/cmake --install /home/gwcs/ros2_ws/build/roboclaw_serial
[1.586s] DEBUG:colcon.colcon_core.event_handler.log_command:Invoked command in '/home/gwcs/ros2_ws/build/pose_to_odom' returned '0': CMAKE_PREFIX_PATH=/home/gwcs/ros2_ws/install/vicon_pkg:/opt/ros/humble:${CMAKE_PREFIX_PATH} /usr/bin/cmake --build /home/gwcs/ros2_ws/build/pose_to_odom -- -j6 -l6
[1.587s] DEBUG:colcon.colcon_core.event_handler.log_command:Invoking command in '/home/gwcs/ros2_ws/build/pose_to_odom': CMAKE_PREFIX_PATH=/home/gwcs/ros2_ws/install/vicon_pkg:/opt/ros/humble:${CMAKE_PREFIX_PATH} /usr/bin/cmake --install /home/gwcs/ros2_ws/build/pose_to_odom
[1.620s] Level 1:colcon.colcon_core.shell:create_environment_hook('roboclaw_serial', 'ros_package_path')
[1.621s] INFO:colcon.colcon_core.shell:Creating environment hook '/home/gwcs/ros2_ws/install/roboclaw_serial/share/roboclaw_serial/hook/ros_package_path.ps1'
[1.622s] DEBUG:colcon.colcon_core.event_handler.log_command:Invoked command in '/home/gwcs/ros2_ws/build/roboclaw_serial' returned '0': /usr/bin/cmake --install /home/gwcs/ros2_ws/build/roboclaw_serial
[1.623s] INFO:colcon.colcon_core.shell:Creating environment descriptor '/home/gwcs/ros2_ws/install/roboclaw_serial/share/roboclaw_serial/hook/ros_package_path.dsv'
[1.625s] INFO:colcon.colcon_core.shell:Creating environment hook '/home/gwcs/ros2_ws/install/roboclaw_serial/share/roboclaw_serial/hook/ros_package_path.sh'
[1.626s] Level 1:colcon.colcon_core.shell:create_environment_hook('roboclaw_serial', 'pkg_config_path')
[1.627s] INFO:colcon.colcon_core.shell:Creating environment hook '/home/gwcs/ros2_ws/install/roboclaw_serial/share/roboclaw_serial/hook/pkg_config_path.ps1'
[1.628s] INFO:colcon.colcon_core.shell:Creating environment descriptor '/home/gwcs/ros2_ws/install/roboclaw_serial/share/roboclaw_serial/hook/pkg_config_path.dsv'
[1.629s] INFO:colcon.colcon_core.shell:Creating environment hook '/home/gwcs/ros2_ws/install/roboclaw_serial/share/roboclaw_serial/hook/pkg_config_path.sh'
[1.637s] Level 1:colcon.colcon_core.shell:create_environment_hook('roboclaw_serial', 'pkg_config_path_multiarch')
[1.638s] INFO:colcon.colcon_core.shell:Creating environment hook '/home/gwcs/ros2_ws/install/roboclaw_serial/share/roboclaw_serial/hook/pkg_config_path_multiarch.ps1'
[1.639s] INFO:colcon.colcon_core.shell:Creating environment descriptor '/home/gwcs/ros2_ws/install/roboclaw_serial/share/roboclaw_serial/hook/pkg_config_path_multiarch.dsv'
[1.640s] INFO:colcon.colcon_core.shell:Creating environment hook '/home/gwcs/ros2_ws/install/roboclaw_serial/share/roboclaw_serial/hook/pkg_config_path_multiarch.sh'
[1.642s] Level 1:colcon.colcon_core.environment:create_environment_scripts_only(roboclaw_serial)
[1.648s] Level 1:colcon.colcon_core.environment:checking '/home/gwcs/ros2_ws/install/roboclaw_serial' for CMake module files
[1.649s] Level 1:colcon.colcon_core.environment:checking '/home/gwcs/ros2_ws/install/roboclaw_serial' for CMake config files
[1.650s] Level 1:colcon.colcon_core.shell:create_environment_hook('roboclaw_serial', 'cmake_prefix_path')
[1.650s] INFO:colcon.colcon_core.shell:Creating environment hook '/home/gwcs/ros2_ws/install/roboclaw_serial/share/roboclaw_serial/hook/cmake_prefix_path.ps1'
[1.652s] INFO:colcon.colcon_core.shell:Creating environment descriptor '/home/gwcs/ros2_ws/install/roboclaw_serial/share/roboclaw_serial/hook/cmake_prefix_path.dsv'
[1.653s] INFO:colcon.colcon_core.shell:Creating environment hook '/home/gwcs/ros2_ws/install/roboclaw_serial/share/roboclaw_serial/hook/cmake_prefix_path.sh'
[1.655s] Level 1:colcon.colcon_core.environment:checking '/home/gwcs/ros2_ws/install/roboclaw_serial/lib'
[1.655s] Level 1:colcon.colcon_core.environment:checking '/home/gwcs/ros2_ws/install/roboclaw_serial/bin'
[1.655s] Level 1:colcon.colcon_core.environment:checking '/home/gwcs/ros2_ws/install/roboclaw_serial/lib/pkgconfig/roboclaw_serial.pc'
[1.656s] Level 1:colcon.colcon_core.environment:checking '/home/gwcs/ros2_ws/install/roboclaw_serial/lib/python3.10/site-packages'
[1.657s] Level 1:colcon.colcon_core.environment:checking '/home/gwcs/ros2_ws/install/roboclaw_serial/bin'
[1.681s] INFO:colcon.colcon_core.shell:Creating package script '/home/gwcs/ros2_ws/install/roboclaw_serial/share/roboclaw_serial/package.ps1'
[1.690s] INFO:colcon.colcon_core.shell:Creating package descriptor '/home/gwcs/ros2_ws/install/roboclaw_serial/share/roboclaw_serial/package.dsv'
[1.691s] INFO:colcon.colcon_core.shell:Creating package script '/home/gwcs/ros2_ws/install/roboclaw_serial/share/roboclaw_serial/package.sh'
[1.692s] INFO:colcon.colcon_core.shell:Creating package script '/home/gwcs/ros2_ws/install/roboclaw_serial/share/roboclaw_serial/package.bash'
[1.694s] INFO:colcon.colcon_core.shell:Creating package script '/home/gwcs/ros2_ws/install/roboclaw_serial/share/roboclaw_serial/package.zsh'
[1.702s] Level 1:colcon.colcon_core.environment:create_file_with_runtime_dependencies(/home/gwcs/ros2_ws/install/roboclaw_serial/share/colcon-core/packages/roboclaw_serial)
[1.703s] Level 1:colcon.colcon_core.environment:create_environment_scripts_only(pose_to_odom)
[1.705s] DEBUG:colcon.colcon_core.event_handler.log_command:Invoked command in '/home/gwcs/ros2_ws/build/pose_to_odom' returned '0': CMAKE_PREFIX_PATH=/home/gwcs/ros2_ws/install/vicon_pkg:/opt/ros/humble:${CMAKE_PREFIX_PATH} /usr/bin/cmake --install /home/gwcs/ros2_ws/build/pose_to_odom
[1.706s] Level 1:colcon.colcon_core.environment:checking '/home/gwcs/ros2_ws/install/pose_to_odom' for CMake module files
[1.707s] Level 1:colcon.colcon_core.environment:checking '/home/gwcs/ros2_ws/install/pose_to_odom' for CMake config files
[1.707s] Level 1:colcon.colcon_core.shell:create_environment_hook('pose_to_odom', 'cmake_prefix_path')
[1.708s] INFO:colcon.colcon_core.shell:Creating environment hook '/home/gwcs/ros2_ws/install/pose_to_odom/share/pose_to_odom/hook/cmake_prefix_path.ps1'
[1.709s] INFO:colcon.colcon_core.shell:Creating environment descriptor '/home/gwcs/ros2_ws/install/pose_to_odom/share/pose_to_odom/hook/cmake_prefix_path.dsv'
[1.710s] INFO:colcon.colcon_core.shell:Creating environment hook '/home/gwcs/ros2_ws/install/pose_to_odom/share/pose_to_odom/hook/cmake_prefix_path.sh'
[1.711s] Level 1:colcon.colcon_core.environment:checking '/home/gwcs/ros2_ws/install/pose_to_odom/lib'
[1.711s] Level 1:colcon.colcon_core.environment:checking '/home/gwcs/ros2_ws/install/pose_to_odom/bin'
[1.711s] Level 1:colcon.colcon_core.environment:checking '/home/gwcs/ros2_ws/install/pose_to_odom/lib/pkgconfig/pose_to_odom.pc'
[1.712s] Level 1:colcon.colcon_core.environment:checking '/home/gwcs/ros2_ws/install/pose_to_odom/lib/python3.10/site-packages'
[1.712s] Level 1:colcon.colcon_core.environment:checking '/home/gwcs/ros2_ws/install/pose_to_odom/bin'
[1.713s] INFO:colcon.colcon_core.shell:Creating package script '/home/gwcs/ros2_ws/install/pose_to_odom/share/pose_to_odom/package.ps1'
[1.715s] INFO:colcon.colcon_core.shell:Creating package descriptor '/home/gwcs/ros2_ws/install/pose_to_odom/share/pose_to_odom/package.dsv'
[1.716s] INFO:colcon.colcon_core.shell:Creating package script '/home/gwcs/ros2_ws/install/pose_to_odom/share/pose_to_odom/package.sh'
[1.717s] INFO:colcon.colcon_core.shell:Creating package script '/home/gwcs/ros2_ws/install/pose_to_odom/share/pose_to_odom/package.bash'
[1.718s] INFO:colcon.colcon_core.shell:Creating package script '/home/gwcs/ros2_ws/install/pose_to_odom/share/pose_to_odom/package.zsh'
[1.718s] Level 1:colcon.colcon_core.environment:create_file_with_runtime_dependencies(/home/gwcs/ros2_ws/install/pose_to_odom/share/colcon-core/packages/pose_to_odom)
[1.720s] Level 1:colcon.colcon_core.environment:create_environment_scripts_only(pose_to_odom)
[1.721s] Level 1:colcon.colcon_core.environment:checking '/home/gwcs/ros2_ws/install/pose_to_odom' for CMake module files
[1.722s] Level 1:colcon.colcon_core.environment:checking '/home/gwcs/ros2_ws/install/pose_to_odom' for CMake config files
[1.722s] Level 1:colcon.colcon_core.shell:create_environment_hook('pose_to_odom', 'cmake_prefix_path')
[1.722s] INFO:colcon.colcon_core.shell:Creating environment hook '/home/gwcs/ros2_ws/install/pose_to_odom/share/pose_to_odom/hook/cmake_prefix_path.ps1'
[1.723s] INFO:colcon.colcon_core.shell:Creating environment descriptor '/home/gwcs/ros2_ws/install/pose_to_odom/share/pose_to_odom/hook/cmake_prefix_path.dsv'
[1.724s] INFO:colcon.colcon_core.shell:Creating environment hook '/home/gwcs/ros2_ws/install/pose_to_odom/share/pose_to_odom/hook/cmake_prefix_path.sh'
[1.726s] Level 1:colcon.colcon_core.environment:checking '/home/gwcs/ros2_ws/install/pose_to_odom/lib'
[1.726s] Level 1:colcon.colcon_core.environment:checking '/home/gwcs/ros2_ws/install/pose_to_odom/bin'
[1.726s] Level 1:colcon.colcon_core.environment:checking '/home/gwcs/ros2_ws/install/pose_to_odom/lib/pkgconfig/pose_to_odom.pc'
[1.726s] Level 1:colcon.colcon_core.environment:checking '/home/gwcs/ros2_ws/install/pose_to_odom/lib/python3.10/site-packages'
[1.727s] Level 1:colcon.colcon_core.environment:checking '/home/gwcs/ros2_ws/install/pose_to_odom/bin'
[1.728s] INFO:colcon.colcon_core.shell:Creating package script '/home/gwcs/ros2_ws/install/pose_to_odom/share/pose_to_odom/package.ps1'
[1.729s] INFO:colcon.colcon_core.shell:Creating package descriptor '/home/gwcs/ros2_ws/install/pose_to_odom/share/pose_to_odom/package.dsv'
[1.730s] INFO:colcon.colcon_core.shell:Creating package script '/home/gwcs/ros2_ws/install/pose_to_odom/share/pose_to_odom/package.sh'
[1.731s] INFO:colcon.colcon_core.shell:Creating package script '/home/gwcs/ros2_ws/install/pose_to_odom/share/pose_to_odom/package.bash'
[1.732s] INFO:colcon.colcon_core.shell:Creating package script '/home/gwcs/ros2_ws/install/pose_to_odom/share/pose_to_odom/package.zsh'
[1.733s] Level 1:colcon.colcon_core.environment:create_file_with_runtime_dependencies(/home/gwcs/ros2_ws/install/pose_to_odom/share/colcon-core/packages/pose_to_odom)
[1.734s] INFO:colcon.colcon_ros.task.ament_cmake.build:Building ROS package in '/home/gwcs/ros2_ws/src/roboclaw_hardware_interface' with build type 'ament_cmake'
[1.735s] INFO:colcon.colcon_cmake.task.cmake.build:Building CMake package in '/home/gwcs/ros2_ws/src/roboclaw_hardware_interface'
[1.736s] INFO:colcon.colcon_core.shell:Skip shell extension 'powershell' for command environment: Not usable outside of PowerShell
[1.736s] DEBUG:colcon.colcon_core.shell:Skip shell extension 'dsv' for command environment
[1.758s] DEBUG:colcon.colcon_core.event_handler.log_command:Invoking command in '/home/gwcs/ros2_ws/build/roboclaw_hardware_interface': CMAKE_PREFIX_PATH=/home/gwcs/ros2_ws/install/vicon_pkg:/opt/ros/humble:${CMAKE_PREFIX_PATH} /usr/bin/cmake --build /home/gwcs/ros2_ws/build/roboclaw_hardware_interface -- -j6 -l6
[1.926s] DEBUG:colcon.colcon_core.event_handler.log_command:Invoked command in '/home/gwcs/ros2_ws/build/roboclaw_hardware_interface' returned '0': CMAKE_PREFIX_PATH=/home/gwcs/ros2_ws/install/vicon_pkg:/opt/ros/humble:${CMAKE_PREFIX_PATH} /usr/bin/cmake --build /home/gwcs/ros2_ws/build/roboclaw_hardware_interface -- -j6 -l6
[1.926s] DEBUG:colcon.colcon_core.event_handler.log_command:Invoking command in '/home/gwcs/ros2_ws/build/roboclaw_hardware_interface': CMAKE_PREFIX_PATH=/home/gwcs/ros2_ws/install/vicon_pkg:/opt/ros/humble:${CMAKE_PREFIX_PATH} /usr/bin/cmake --install /home/gwcs/ros2_ws/build/roboclaw_hardware_interface
[1.960s] Level 1:colcon.colcon_core.environment:create_environment_scripts_only(roboclaw_hardware_interface)
[1.961s] Level 1:colcon.colcon_core.environment:checking '/home/gwcs/ros2_ws/install/roboclaw_hardware_interface' for CMake module files
[1.962s] Level 1:colcon.colcon_core.environment:checking '/home/gwcs/ros2_ws/install/roboclaw_hardware_interface' for CMake config files
[1.962s] Level 1:colcon.colcon_core.shell:create_environment_hook('roboclaw_hardware_interface', 'cmake_prefix_path')
[1.963s] INFO:colcon.colcon_core.shell:Creating environment hook '/home/gwcs/ros2_ws/install/roboclaw_hardware_interface/share/roboclaw_hardware_interface/hook/cmake_prefix_path.ps1'
[1.964s] INFO:colcon.colcon_core.shell:Creating environment descriptor '/home/gwcs/ros2_ws/install/roboclaw_hardware_interface/share/roboclaw_hardware_interface/hook/cmake_prefix_path.dsv'
[1.965s] DEBUG:colcon.colcon_core.event_handler.log_command:Invoked command in '/home/gwcs/ros2_ws/build/roboclaw_hardware_interface' returned '0': CMAKE_PREFIX_PATH=/home/gwcs/ros2_ws/install/vicon_pkg:/opt/ros/humble:${CMAKE_PREFIX_PATH} /usr/bin/cmake --install /home/gwcs/ros2_ws/build/roboclaw_hardware_interface
[1.966s] INFO:colcon.colcon_core.shell:Creating environment hook '/home/gwcs/ros2_ws/install/roboclaw_hardware_interface/share/roboclaw_hardware_interface/hook/cmake_prefix_path.sh'
[1.978s] Level 1:colcon.colcon_core.environment:checking '/home/gwcs/ros2_ws/install/roboclaw_hardware_interface/lib'
[1.978s] Level 1:colcon.colcon_core.shell:create_environment_hook('roboclaw_hardware_interface', 'ld_library_path_lib')
[1.979s] INFO:colcon.colcon_core.shell:Creating environment hook '/home/gwcs/ros2_ws/install/roboclaw_hardware_interface/share/roboclaw_hardware_interface/hook/ld_library_path_lib.ps1'
[1.980s] INFO:colcon.colcon_core.shell:Creating environment descriptor '/home/gwcs/ros2_ws/install/roboclaw_hardware_interface/share/roboclaw_hardware_interface/hook/ld_library_path_lib.dsv'
[1.981s] INFO:colcon.colcon_core.shell:Creating environment hook '/home/gwcs/ros2_ws/install/roboclaw_hardware_interface/share/roboclaw_hardware_interface/hook/ld_library_path_lib.sh'
[1.982s] Level 1:colcon.colcon_core.environment:checking '/home/gwcs/ros2_ws/install/roboclaw_hardware_interface/bin'
[1.982s] Level 1:colcon.colcon_core.environment:checking '/home/gwcs/ros2_ws/install/roboclaw_hardware_interface/lib/pkgconfig/roboclaw_hardware_interface.pc'
[1.982s] Level 1:colcon.colcon_core.environment:checking '/home/gwcs/ros2_ws/install/roboclaw_hardware_interface/lib/python3.10/site-packages'
[1.983s] Level 1:colcon.colcon_core.environment:checking '/home/gwcs/ros2_ws/install/roboclaw_hardware_interface/bin'
[1.983s] INFO:colcon.colcon_core.shell:Creating package script '/home/gwcs/ros2_ws/install/roboclaw_hardware_interface/share/roboclaw_hardware_interface/package.ps1'
[1.985s] INFO:colcon.colcon_core.shell:Creating package descriptor '/home/gwcs/ros2_ws/install/roboclaw_hardware_interface/share/roboclaw_hardware_interface/package.dsv'
[1.987s] INFO:colcon.colcon_core.shell:Creating package script '/home/gwcs/ros2_ws/install/roboclaw_hardware_interface/share/roboclaw_hardware_interface/package.sh'
[1.988s] INFO:colcon.colcon_core.shell:Creating package script '/home/gwcs/ros2_ws/install/roboclaw_hardware_interface/share/roboclaw_hardware_interface/package.bash'
[1.988s] INFO:colcon.colcon_core.shell:Creating package script '/home/gwcs/ros2_ws/install/roboclaw_hardware_interface/share/roboclaw_hardware_interface/package.zsh'
[1.989s] Level 1:colcon.colcon_core.environment:create_file_with_runtime_dependencies(/home/gwcs/ros2_ws/install/roboclaw_hardware_interface/share/colcon-core/packages/roboclaw_hardware_interface)
[1.991s] Level 1:colcon.colcon_core.environment:create_environment_scripts_only(roboclaw_hardware_interface)
[1.992s] Level 1:colcon.colcon_core.environment:checking '/home/gwcs/ros2_ws/install/roboclaw_hardware_interface' for CMake module files
[1.992s] Level 1:colcon.colcon_core.environment:checking '/home/gwcs/ros2_ws/install/roboclaw_hardware_interface' for CMake config files
[1.993s] Level 1:colcon.colcon_core.shell:create_environment_hook('roboclaw_hardware_interface', 'cmake_prefix_path')
[1.993s] INFO:colcon.colcon_core.shell:Creating environment hook '/home/gwcs/ros2_ws/install/roboclaw_hardware_interface/share/roboclaw_hardware_interface/hook/cmake_prefix_path.ps1'
[1.994s] INFO:colcon.colcon_core.shell:Creating environment descriptor '/home/gwcs/ros2_ws/install/roboclaw_hardware_interface/share/roboclaw_hardware_interface/hook/cmake_prefix_path.dsv'
[1.995s] INFO:colcon.colcon_core.shell:Creating environment hook '/home/gwcs/ros2_ws/install/roboclaw_hardware_interface/share/roboclaw_hardware_interface/hook/cmake_prefix_path.sh'
[1.996s] Level 1:colcon.colcon_core.environment:checking '/home/gwcs/ros2_ws/install/roboclaw_hardware_interface/lib'
[1.996s] Level 1:colcon.colcon_core.shell:create_environment_hook('roboclaw_hardware_interface', 'ld_library_path_lib')
[1.997s] INFO:colcon.colcon_core.shell:Creating environment hook '/home/gwcs/ros2_ws/install/roboclaw_hardware_interface/share/roboclaw_hardware_interface/hook/ld_library_path_lib.ps1'
[1.998s] INFO:colcon.colcon_core.shell:Creating environment descriptor '/home/gwcs/ros2_ws/install/roboclaw_hardware_interface/share/roboclaw_hardware_interface/hook/ld_library_path_lib.dsv'
[1.999s] INFO:colcon.colcon_core.shell:Creating environment hook '/home/gwcs/ros2_ws/install/roboclaw_hardware_interface/share/roboclaw_hardware_interface/hook/ld_library_path_lib.sh'
[2.000s] Level 1:colcon.colcon_core.environment:checking '/home/gwcs/ros2_ws/install/roboclaw_hardware_interface/bin'
[2.000s] Level 1:colcon.colcon_core.environment:checking '/home/gwcs/ros2_ws/install/roboclaw_hardware_interface/lib/pkgconfig/roboclaw_hardware_interface.pc'
[2.000s] Level 1:colcon.colcon_core.environment:checking '/home/gwcs/ros2_ws/install/roboclaw_hardware_interface/lib/python3.10/site-packages'
[2.001s] Level 1:colcon.colcon_core.environment:checking '/home/gwcs/ros2_ws/install/roboclaw_hardware_interface/bin'
[2.001s] INFO:colcon.colcon_core.shell:Creating package script '/home/gwcs/ros2_ws/install/roboclaw_hardware_interface/share/roboclaw_hardware_interface/package.ps1'
[2.003s] INFO:colcon.colcon_core.shell:Creating package descriptor '/home/gwcs/ros2_ws/install/roboclaw_hardware_interface/share/roboclaw_hardware_interface/package.dsv'
[2.004s] INFO:colcon.colcon_core.shell:Creating package script '/home/gwcs/ros2_ws/install/roboclaw_hardware_interface/share/roboclaw_hardware_interface/package.sh'
[2.005s] INFO:colcon.colcon_core.shell:Creating package script '/home/gwcs/ros2_ws/install/roboclaw_hardware_interface/share/roboclaw_hardware_interface/package.bash'
[2.006s] INFO:colcon.colcon_core.shell:Creating package script '/home/gwcs/ros2_ws/install/roboclaw_hardware_interface/share/roboclaw_hardware_interface/package.zsh'
[2.007s] Level 1:colcon.colcon_core.environment:create_file_with_runtime_dependencies(/home/gwcs/ros2_ws/install/roboclaw_hardware_interface/share/colcon-core/packages/roboclaw_hardware_interface)
[2.009s] INFO:colcon.colcon_ros.task.ament_cmake.build:Building ROS package in '/home/gwcs/ros2_ws/src/dumbot_bringup' with build type 'ament_cmake'
[2.010s] INFO:colcon.colcon_cmake.task.cmake.build:Building CMake package in '/home/gwcs/ros2_ws/src/dumbot_bringup'
[2.010s] INFO:colcon.colcon_core.shell:Skip shell extension 'powershell' for command environment: Not usable outside of PowerShell
[2.010s] DEBUG:colcon.colcon_core.shell:Skip shell extension 'dsv' for command environment
[2.054s] DEBUG:colcon.colcon_core.event_handler.log_command:Invoking command in '/home/gwcs/ros2_ws/build/dumbot_bringup': CMAKE_PREFIX_PATH=/home/gwcs/ros2_ws/install/roboclaw_hardware_interface:/home/gwcs/ros2_ws/install/vicon_pkg:/opt/ros/humble:/home/gwcs/ros2_ws/install/roboclaw_serial:/home/gwcs/ros2_ws/install/dumbot_bringup:/home/gwcs/ros2_ws/install/pose_to_odom LD_LIBRARY_PATH=/home/gwcs/ros2_ws/install/roboclaw_hardware_interface/lib:/opt/ros/humble/opt/rviz_ogre_vendor/lib:/opt/ros/humble/lib/aarch64-linux-gnu:/opt/ros/humble/lib:/usr/local/cuda-12.6/lib64 /usr/bin/cmake --build /home/gwcs/ros2_ws/build/dumbot_bringup -- -j6 -l6
[2.114s] DEBUG:colcon.colcon_core.event_handler.log_command:Invoked command in '/home/gwcs/ros2_ws/build/dumbot_bringup' returned '0': CMAKE_PREFIX_PATH=/home/gwcs/ros2_ws/install/roboclaw_hardware_interface:/home/gwcs/ros2_ws/install/vicon_pkg:/opt/ros/humble:/home/gwcs/ros2_ws/install/roboclaw_serial:/home/gwcs/ros2_ws/install/dumbot_bringup:/home/gwcs/ros2_ws/install/pose_to_odom LD_LIBRARY_PATH=/home/gwcs/ros2_ws/install/roboclaw_hardware_interface/lib:/opt/ros/humble/opt/rviz_ogre_vendor/lib:/opt/ros/humble/lib/aarch64-linux-gnu:/opt/ros/humble/lib:/usr/local/cuda-12.6/lib64 /usr/bin/cmake --build /home/gwcs/ros2_ws/build/dumbot_bringup -- -j6 -l6
[2.116s] DEBUG:colcon.colcon_core.event_handler.log_command:Invoking command in '/home/gwcs/ros2_ws/build/dumbot_bringup': CMAKE_PREFIX_PATH=/home/gwcs/ros2_ws/install/roboclaw_hardware_interface:/home/gwcs/ros2_ws/install/vicon_pkg:/opt/ros/humble:/home/gwcs/ros2_ws/install/roboclaw_serial:/home/gwcs/ros2_ws/install/dumbot_bringup:/home/gwcs/ros2_ws/install/pose_to_odom LD_LIBRARY_PATH=/home/gwcs/ros2_ws/install/roboclaw_hardware_interface/lib:/opt/ros/humble/opt/rviz_ogre_vendor/lib:/opt/ros/humble/lib/aarch64-linux-gnu:/opt/ros/humble/lib:/usr/local/cuda-12.6/lib64 /usr/bin/cmake --install /home/gwcs/ros2_ws/build/dumbot_bringup
[2.154s] Level 1:colcon.colcon_core.environment:create_environment_scripts_only(dumbot_bringup)
[2.154s] Level 1:colcon.colcon_core.environment:checking '/home/gwcs/ros2_ws/install/dumbot_bringup' for CMake module files
[2.155s] DEBUG:colcon.colcon_core.event_handler.log_command:Invoked command in '/home/gwcs/ros2_ws/build/dumbot_bringup' returned '0': CMAKE_PREFIX_PATH=/home/gwcs/ros2_ws/install/roboclaw_hardware_interface:/home/gwcs/ros2_ws/install/vicon_pkg:/opt/ros/humble:/home/gwcs/ros2_ws/install/roboclaw_serial:/home/gwcs/ros2_ws/install/dumbot_bringup:/home/gwcs/ros2_ws/install/pose_to_odom LD_LIBRARY_PATH=/home/gwcs/ros2_ws/install/roboclaw_hardware_interface/lib:/opt/ros/humble/opt/rviz_ogre_vendor/lib:/opt/ros/humble/lib/aarch64-linux-gnu:/opt/ros/humble/lib:/usr/local/cuda-12.6/lib64 /usr/bin/cmake --install /home/gwcs/ros2_ws/build/dumbot_bringup
[2.156s] Level 1:colcon.colcon_core.environment:checking '/home/gwcs/ros2_ws/install/dumbot_bringup' for CMake config files
[2.157s] Level 1:colcon.colcon_core.shell:create_environment_hook('dumbot_bringup', 'cmake_prefix_path')
[2.157s] INFO:colcon.colcon_core.shell:Creating environment hook '/home/gwcs/ros2_ws/install/dumbot_bringup/share/dumbot_bringup/hook/cmake_prefix_path.ps1'
[2.158s] INFO:colcon.colcon_core.shell:Creating environment descriptor '/home/gwcs/ros2_ws/install/dumbot_bringup/share/dumbot_bringup/hook/cmake_prefix_path.dsv'
[2.159s] INFO:colcon.colcon_core.shell:Creating environment hook '/home/gwcs/ros2_ws/install/dumbot_bringup/share/dumbot_bringup/hook/cmake_prefix_path.sh'
[2.160s] Level 1:colcon.colcon_core.environment:checking '/home/gwcs/ros2_ws/install/dumbot_bringup/bin'
[2.161s] Level 1:colcon.colcon_core.environment:checking '/home/gwcs/ros2_ws/install/dumbot_bringup/lib/pkgconfig/dumbot_bringup.pc'
[2.161s] Level 1:colcon.colcon_core.environment:checking '/home/gwcs/ros2_ws/install/dumbot_bringup/lib/python3.10/site-packages'
[2.162s] Level 1:colcon.colcon_core.environment:checking '/home/gwcs/ros2_ws/install/dumbot_bringup/bin'
[2.162s] INFO:colcon.colcon_core.shell:Creating package script '/home/gwcs/ros2_ws/install/dumbot_bringup/share/dumbot_bringup/package.ps1'
[2.164s] INFO:colcon.colcon_core.shell:Creating package descriptor '/home/gwcs/ros2_ws/install/dumbot_bringup/share/dumbot_bringup/package.dsv'
[2.165s] INFO:colcon.colcon_core.shell:Creating package script '/home/gwcs/ros2_ws/install/dumbot_bringup/share/dumbot_bringup/package.sh'
[2.166s] INFO:colcon.colcon_core.shell:Creating package script '/home/gwcs/ros2_ws/install/dumbot_bringup/share/dumbot_bringup/package.bash'
[2.166s] INFO:colcon.colcon_core.shell:Creating package script '/home/gwcs/ros2_ws/install/dumbot_bringup/share/dumbot_bringup/package.zsh'
[2.167s] Level 1:colcon.colcon_core.environment:create_file_with_runtime_dependencies(/home/gwcs/ros2_ws/install/dumbot_bringup/share/colcon-core/packages/dumbot_bringup)
[2.168s] Level 1:colcon.colcon_core.environment:create_environment_scripts_only(dumbot_bringup)
[2.169s] Level 1:colcon.colcon_core.environment:checking '/home/gwcs/ros2_ws/install/dumbot_bringup' for CMake module files
[2.169s] Level 1:colcon.colcon_core.environment:checking '/home/gwcs/ros2_ws/install/dumbot_bringup' for CMake config files
[2.170s] Level 1:colcon.colcon_core.shell:create_environment_hook('dumbot_bringup', 'cmake_prefix_path')
[2.170s] INFO:colcon.colcon_core.shell:Creating environment hook '/home/gwcs/ros2_ws/install/dumbot_bringup/share/dumbot_bringup/hook/cmake_prefix_path.ps1'
[2.171s] INFO:colcon.colcon_core.shell:Creating environment descriptor '/home/gwcs/ros2_ws/install/dumbot_bringup/share/dumbot_bringup/hook/cmake_prefix_path.dsv'
[2.172s] INFO:colcon.colcon_core.shell:Creating environment hook '/home/gwcs/ros2_ws/install/dumbot_bringup/share/dumbot_bringup/hook/cmake_prefix_path.sh'
[2.173s] Level 1:colcon.colcon_core.environment:checking '/home/gwcs/ros2_ws/install/dumbot_bringup/bin'
[2.173s] Level 1:colcon.colcon_core.environment:checking '/home/gwcs/ros2_ws/install/dumbot_bringup/lib/pkgconfig/dumbot_bringup.pc'
[2.174s] Level 1:colcon.colcon_core.environment:checking '/home/gwcs/ros2_ws/install/dumbot_bringup/lib/python3.10/site-packages'
[2.175s] Level 1:colcon.colcon_core.environment:checking '/home/gwcs/ros2_ws/install/dumbot_bringup/bin'
[2.175s] INFO:colcon.colcon_core.shell:Creating package script '/home/gwcs/ros2_ws/install/dumbot_bringup/share/dumbot_bringup/package.ps1'
[2.177s] INFO:colcon.colcon_core.shell:Creating package descriptor '/home/gwcs/ros2_ws/install/dumbot_bringup/share/dumbot_bringup/package.dsv'
[2.178s] INFO:colcon.colcon_core.shell:Creating package script '/home/gwcs/ros2_ws/install/dumbot_bringup/share/dumbot_bringup/package.sh'
[2.179s] INFO:colcon.colcon_core.shell:Creating package script '/home/gwcs/ros2_ws/install/dumbot_bringup/share/dumbot_bringup/package.bash'
[2.180s] INFO:colcon.colcon_core.shell:Creating package script '/home/gwcs/ros2_ws/install/dumbot_bringup/share/dumbot_bringup/package.zsh'
[2.180s] Level 1:colcon.colcon_core.environment:create_file_with_runtime_dependencies(/home/gwcs/ros2_ws/install/dumbot_bringup/share/colcon-core/packages/dumbot_bringup)
[2.455s] DEBUG:colcon.colcon_core.event_handler.log_command:Invoking command in '/home/gwcs/ros2_ws/src/vicon_pkg': PYTHONPATH=/home/gwcs/ros2_ws/build/vicon_pkg/prefix_override:/usr/lib/python3/dist-packages/colcon_core/task/python/colcon_distutils_commands:/home/gwcs/ros2_ws/install/vicon_pkg/lib/python3.10/site-packages:${PYTHONPATH} /usr/bin/python3 -W ignore:setup.py install is deprecated -W ignore:easy_install command is deprecated setup.py egg_info --egg-base ../../build/vicon_pkg build --build-base /home/gwcs/ros2_ws/build/vicon_pkg/build install --record /home/gwcs/ros2_ws/build/vicon_pkg/install.log --single-version-externally-managed install_data
[3.133s] Level 1:colcon.colcon_core.environment:checking '/home/gwcs/ros2_ws/install/vicon_pkg' for CMake module files
[3.134s] Level 1:colcon.colcon_core.environment:checking '/home/gwcs/ros2_ws/install/vicon_pkg' for CMake config files
[3.136s] Level 1:colcon.colcon_core.environment:checking '/home/gwcs/ros2_ws/install/vicon_pkg/lib'
[3.136s] Level 1:colcon.colcon_core.environment:checking '/home/gwcs/ros2_ws/install/vicon_pkg/bin'
[3.136s] Level 1:colcon.colcon_core.environment:checking '/home/gwcs/ros2_ws/install/vicon_pkg/lib/pkgconfig/vicon_pkg.pc'
[3.136s] Level 1:colcon.colcon_core.environment:checking '/home/gwcs/ros2_ws/install/vicon_pkg/lib/python3.10/site-packages'
[3.137s] Level 1:colcon.colcon_core.shell:create_environment_hook('vicon_pkg', 'pythonpath')
[3.137s] INFO:colcon.colcon_core.shell:Creating environment hook '/home/gwcs/ros2_ws/install/vicon_pkg/share/vicon_pkg/hook/pythonpath.ps1'
[3.138s] INFO:colcon.colcon_core.shell:Creating environment descriptor '/home/gwcs/ros2_ws/install/vicon_pkg/share/vicon_pkg/hook/pythonpath.dsv'
[3.139s] INFO:colcon.colcon_core.shell:Creating environment hook '/home/gwcs/ros2_ws/install/vicon_pkg/share/vicon_pkg/hook/pythonpath.sh'
[3.141s] Level 1:colcon.colcon_core.environment:checking '/home/gwcs/ros2_ws/install/vicon_pkg/bin'
[3.141s] Level 1:colcon.colcon_core.environment:create_environment_scripts_only(vicon_pkg)
[3.142s] INFO:colcon.colcon_core.shell:Creating package script '/home/gwcs/ros2_ws/install/vicon_pkg/share/vicon_pkg/package.ps1'
[3.143s] INFO:colcon.colcon_core.shell:Creating package descriptor '/home/gwcs/ros2_ws/install/vicon_pkg/share/vicon_pkg/package.dsv'
[3.144s] INFO:colcon.colcon_core.shell:Creating package script '/home/gwcs/ros2_ws/install/vicon_pkg/share/vicon_pkg/package.sh'
[3.145s] DEBUG:colcon.colcon_core.event_handler.log_command:Invoked command in '/home/gwcs/ros2_ws/src/vicon_pkg' returned '0': PYTHONPATH=/home/gwcs/ros2_ws/build/vicon_pkg/prefix_override:/usr/lib/python3/dist-packages/colcon_core/task/python/colcon_distutils_commands:/home/gwcs/ros2_ws/install/vicon_pkg/lib/python3.10/site-packages:${PYTHONPATH} /usr/bin/python3 -W ignore:setup.py install is deprecated -W ignore:easy_install command is deprecated setup.py egg_info --egg-base ../../build/vicon_pkg build --build-base /home/gwcs/ros2_ws/build/vicon_pkg/build install --record /home/gwcs/ros2_ws/build/vicon_pkg/install.log --single-version-externally-managed install_data
[3.147s] INFO:colcon.colcon_core.shell:Creating package script '/home/gwcs/ros2_ws/install/vicon_pkg/share/vicon_pkg/package.bash'
[3.148s] INFO:colcon.colcon_core.shell:Creating package script '/home/gwcs/ros2_ws/install/vicon_pkg/share/vicon_pkg/package.zsh'
[3.149s] Level 1:colcon.colcon_core.environment:create_file_with_runtime_dependencies(/home/gwcs/ros2_ws/install/vicon_pkg/share/colcon-core/packages/vicon_pkg)
[3.151s] DEBUG:colcon.colcon_parallel_executor.executor.parallel:closing loop
[3.151s] DEBUG:colcon.colcon_parallel_executor.executor.parallel:loop closed
[3.151s] DEBUG:colcon.colcon_parallel_executor.executor.parallel:run_until_complete finished with '0'
[3.152s] DEBUG:colcon.colcon_core.event_reactor:joining thread
[3.164s] INFO:colcon.colcon_core.plugin_system:Skipping extension 'colcon_notification.desktop_notification.terminal_notifier': Not used on non-Darwin systems
[3.164s] INFO:colcon.colcon_core.plugin_system:Skipping extension 'colcon_notification.desktop_notification.win32': Not used on non-Windows systems
[3.164s] INFO:colcon.colcon_notification.desktop_notification:Sending desktop notification using 'notify2'
[3.222s] DEBUG:colcon.colcon_core.event_reactor:joined thread
[3.223s] INFO:colcon.colcon_core.shell:Creating prefix script '/home/gwcs/ros2_ws/install/local_setup.ps1'
[3.226s] INFO:colcon.colcon_core.shell:Creating prefix util module '/home/gwcs/ros2_ws/install/_local_setup_util_ps1.py'
[3.232s] INFO:colcon.colcon_core.shell:Creating prefix chain script '/home/gwcs/ros2_ws/install/setup.ps1'
[3.263s] INFO:colcon.colcon_core.shell:Creating prefix script '/home/gwcs/ros2_ws/install/local_setup.sh'
[3.266s] INFO:colcon.colcon_core.shell:Creating prefix util module '/home/gwcs/ros2_ws/install/_local_setup_util_sh.py'
[3.267s] INFO:colcon.colcon_core.shell:Creating prefix chain script '/home/gwcs/ros2_ws/install/setup.sh'
[3.278s] INFO:colcon.colcon_core.shell:Creating prefix script '/home/gwcs/ros2_ws/install/local_setup.bash'
[3.280s] INFO:colcon.colcon_core.shell:Creating prefix chain script '/home/gwcs/ros2_ws/install/setup.bash'
[3.282s] INFO:colcon.colcon_core.shell:Creating prefix script '/home/gwcs/ros2_ws/install/local_setup.zsh'
[3.283s] INFO:colcon.colcon_core.shell:Creating prefix chain script '/home/gwcs/ros2_ws/install/setup.zsh'
