[0.037s] Invoking command in '/home/gwcs/ros2_ws/build/pose_to_odom': CMAKE_PREFIX_PATH=/opt/ros/humble /usr/bin/cmake --build /home/gwcs/ros2_ws/build/pose_to_odom -- -j6 -l6
[0.090s] [100%] Built target pose_to_odom_node
[0.569s] Invoked command in '/home/gwcs/ros2_ws/build/pose_to_odom' returned '0': CMAKE_PREFIX_PATH=/opt/ros/humble /usr/bin/cmake --build /home/gwcs/ros2_ws/build/pose_to_odom -- -j6 -l6
[0.574s] Invoking command in '/home/gwcs/ros2_ws/build/pose_to_odom': CMAKE_PREFIX_PATH=/opt/ros/humble /usr/bin/cmake --install /home/gwcs/ros2_ws/build/pose_to_odom
[0.583s] -- Install configuration: ""
[0.585s] -- Up-to-date: /home/gwcs/ros2_ws/install/pose_to_odom/lib/pose_to_odom/pose_to_odom_node
[0.587s] -- Up-to-date: /home/gwcs/ros2_ws/install/pose_to_odom/share/ament_index/resource_index/package_run_dependencies/pose_to_odom
[0.588s] -- Up-to-date: /home/gwcs/ros2_ws/install/pose_to_odom/share/ament_index/resource_index/parent_prefix_path/pose_to_odom
[0.591s] -- Up-to-date: /home/gwcs/ros2_ws/install/pose_to_odom/share/pose_to_odom/environment/ament_prefix_path.sh
[0.592s] -- Up-to-date: /home/gwcs/ros2_ws/install/pose_to_odom/share/pose_to_odom/environment/ament_prefix_path.dsv
[0.592s] -- Up-to-date: /home/gwcs/ros2_ws/install/pose_to_odom/share/pose_to_odom/environment/path.sh
[0.592s] -- Up-to-date: /home/gwcs/ros2_ws/install/pose_to_odom/share/pose_to_odom/environment/path.dsv
[0.593s] -- Up-to-date: /home/gwcs/ros2_ws/install/pose_to_odom/share/pose_to_odom/local_setup.bash
[0.593s] -- Up-to-date: /home/gwcs/ros2_ws/install/pose_to_odom/share/pose_to_odom/local_setup.sh
[0.596s] -- Up-to-date: /home/gwcs/ros2_ws/install/pose_to_odom/share/pose_to_odom/local_setup.zsh
[0.596s] -- Up-to-date: /home/gwcs/ros2_ws/install/pose_to_odom/share/pose_to_odom/local_setup.dsv
[0.597s] -- Installing: /home/gwcs/ros2_ws/install/pose_to_odom/share/pose_to_odom/package.dsv
[0.597s] -- Up-to-date: /home/gwcs/ros2_ws/install/pose_to_odom/share/ament_index/resource_index/packages/pose_to_odom
[0.598s] -- Up-to-date: /home/gwcs/ros2_ws/install/pose_to_odom/share/pose_to_odom/cmake/pose_to_odomConfig.cmake
[0.599s] -- Up-to-date: /home/gwcs/ros2_ws/install/pose_to_odom/share/pose_to_odom/cmake/pose_to_odomConfig-version.cmake
[0.599s] -- Up-to-date: /home/gwcs/ros2_ws/install/pose_to_odom/share/pose_to_odom/package.xml
[0.646s] Invoked command in '/home/gwcs/ros2_ws/build/pose_to_odom' returned '0': CMAKE_PREFIX_PATH=/opt/ros/humble /usr/bin/cmake --install /home/gwcs/ros2_ws/build/pose_to_odom
