[0.037s] Invoking command in '/home/gwcs/ros2_ws/build/pose_to_odom': CMAKE_PREFIX_PATH=/home/gwcs/ros2_ws/install/vicon_pkg:/opt/ros/humble:${CMAKE_PREFIX_PATH} /usr/bin/cmake --build /home/gwcs/ros2_ws/build/pose_to_odom -- -j6 -l6
[0.168s] [100%] Built target pose_to_odom_node
[0.727s] Invoked command in '/home/gwcs/ros2_ws/build/pose_to_odom' returned '0': CMAKE_PREFIX_PATH=/home/gwcs/ros2_ws/install/vicon_pkg:/opt/ros/humble:${CMAKE_PREFIX_PATH} /usr/bin/cmake --build /home/gwcs/ros2_ws/build/pose_to_odom -- -j6 -l6
[0.728s] Invoking command in '/home/gwcs/ros2_ws/build/pose_to_odom': CMAKE_PREFIX_PATH=/home/gwcs/ros2_ws/install/vicon_pkg:/opt/ros/humble:${CMAKE_PREFIX_PATH} /usr/bin/cmake --install /home/gwcs/ros2_ws/build/pose_to_odom
[0.750s] -- Install configuration: ""
[0.750s] -- Up-to-date: /home/gwcs/ros2_ws/install/pose_to_odom/lib/pose_to_odom/pose_to_odom_node
[0.750s] -- Up-to-date: /home/gwcs/ros2_ws/install/pose_to_odom/share/ament_index/resource_index/package_run_dependencies/pose_to_odom
[0.750s] -- Up-to-date: /home/gwcs/ros2_ws/install/pose_to_odom/share/ament_index/resource_index/parent_prefix_path/pose_to_odom
[0.751s] -- Up-to-date: /home/gwcs/ros2_ws/install/pose_to_odom/share/pose_to_odom/environment/ament_prefix_path.sh
[0.751s] -- Up-to-date: /home/gwcs/ros2_ws/install/pose_to_odom/share/pose_to_odom/environment/ament_prefix_path.dsv
[0.751s] -- Up-to-date: /home/gwcs/ros2_ws/install/pose_to_odom/share/pose_to_odom/environment/path.sh
[0.751s] -- Up-to-date: /home/gwcs/ros2_ws/install/pose_to_odom/share/pose_to_odom/environment/path.dsv
[0.751s] -- Up-to-date: /home/gwcs/ros2_ws/install/pose_to_odom/share/pose_to_odom/local_setup.bash
[0.751s] -- Up-to-date: /home/gwcs/ros2_ws/install/pose_to_odom/share/pose_to_odom/local_setup.sh
[0.751s] -- Up-to-date: /home/gwcs/ros2_ws/install/pose_to_odom/share/pose_to_odom/local_setup.zsh
[0.751s] -- Up-to-date: /home/gwcs/ros2_ws/install/pose_to_odom/share/pose_to_odom/local_setup.dsv
[0.751s] -- Installing: /home/gwcs/ros2_ws/install/pose_to_odom/share/pose_to_odom/package.dsv
[0.751s] -- Up-to-date: /home/gwcs/ros2_ws/install/pose_to_odom/share/ament_index/resource_index/packages/pose_to_odom
[0.752s] -- Up-to-date: /home/gwcs/ros2_ws/install/pose_to_odom/share/pose_to_odom/cmake/pose_to_odomConfig.cmake
[0.752s] -- Up-to-date: /home/gwcs/ros2_ws/install/pose_to_odom/share/pose_to_odom/cmake/pose_to_odomConfig-version.cmake
[0.752s] -- Up-to-date: /home/gwcs/ros2_ws/install/pose_to_odom/share/pose_to_odom/package.xml
[0.846s] Invoked command in '/home/gwcs/ros2_ws/build/pose_to_odom' returned '0': CMAKE_PREFIX_PATH=/home/gwcs/ros2_ws/install/vicon_pkg:/opt/ros/humble:${CMAKE_PREFIX_PATH} /usr/bin/cmake --install /home/gwcs/ros2_ws/build/pose_to_odom
