[1.310s] Invoking command in '/home/gwcs/ros2_ws/src/vicon_pkg': PYTHONPATH=/home/gwcs/ros2_ws/build/vicon_pkg/prefix_override:/usr/lib/python3/dist-packages/colcon_core/task/python/colcon_distutils_commands:/home/gwcs/ros2_ws/install/vicon_pkg/lib/python3.10/site-packages:${PYTHONPATH} /usr/bin/python3 -W ignore:setup.py install is deprecated -W ignore:easy_install command is deprecated setup.py egg_info --egg-base ../../build/vicon_pkg build --build-base /home/gwcs/ros2_ws/build/vicon_pkg/build install --record /home/gwcs/ros2_ws/build/vicon_pkg/install.log --single-version-externally-managed install_data
[1.770s] running egg_info
[1.771s] writing ../../build/vicon_pkg/vicon_pkg.egg-info/PKG-INFO
[1.772s] writing dependency_links to ../../build/vicon_pkg/vicon_pkg.egg-info/dependency_links.txt
[1.772s] writing entry points to ../../build/vicon_pkg/vicon_pkg.egg-info/entry_points.txt
[1.772s] writing requirements to ../../build/vicon_pkg/vicon_pkg.egg-info/requires.txt
[1.773s] writing top-level names to ../../build/vicon_pkg/vicon_pkg.egg-info/top_level.txt
[1.776s] reading manifest file '../../build/vicon_pkg/vicon_pkg.egg-info/SOURCES.txt'
[1.776s] adding license file 'LICENSE'
[1.777s] writing manifest file '../../build/vicon_pkg/vicon_pkg.egg-info/SOURCES.txt'
[1.778s] running build
[1.778s] running build_py
[1.778s] running install
[1.778s] running install_lib
[1.781s] running install_data
[1.781s] running install_egg_info
[1.784s] removing '/home/gwcs/ros2_ws/install/vicon_pkg/lib/python3.10/site-packages/vicon_pkg-0.0.0-py3.10.egg-info' (and everything under it)
[1.785s] Copying ../../build/vicon_pkg/vicon_pkg.egg-info to /home/gwcs/ros2_ws/install/vicon_pkg/lib/python3.10/site-packages/vicon_pkg-0.0.0-py3.10.egg-info
[1.786s] running install_scripts
[1.823s] Installing vicon_node script to /home/gwcs/ros2_ws/install/vicon_pkg/lib/vicon_pkg
[1.824s] writing list of installed files to '/home/gwcs/ros2_ws/build/vicon_pkg/install.log'
[1.890s] Invoked command in '/home/gwcs/ros2_ws/src/vicon_pkg' returned '0': PYTHONPATH=/home/gwcs/ros2_ws/build/vicon_pkg/prefix_override:/usr/lib/python3/dist-packages/colcon_core/task/python/colcon_distutils_commands:/home/gwcs/ros2_ws/install/vicon_pkg/lib/python3.10/site-packages:${PYTHONPATH} /usr/bin/python3 -W ignore:setup.py install is deprecated -W ignore:easy_install command is deprecated setup.py egg_info --egg-base ../../build/vicon_pkg build --build-base /home/gwcs/ros2_ws/build/vicon_pkg/build install --record /home/gwcs/ros2_ws/build/vicon_pkg/install.log --single-version-externally-managed install_data
