[0.016s] Invoking command in '/home/gwcs/ros2_ws/build/pose_to_odom': CMAKE_PREFIX_PATH=/opt/ros/humble /usr/bin/cmake /home/gwcs/ros2_ws/src/pose_to_odom -DCMAKE_INSTALL_PREFIX=/home/gwcs/ros2_ws/install/pose_to_odom
[0.025s] [0mCMake Deprecation Warning at CMakeLists.txt:1 (cmake_minimum_required):
[0.025s]   Compatibility with CMake < 3.10 will be removed from a future version of
[0.025s]   CMake.
[0.025s] 
[0.026s]   Update the VERSION argument <min> value.  Or, use the <min>...<max> syntax
[0.026s]   to tell CMake that the project requires at least <min> but has been updated
[0.026s]   to work with policies introduced by <max> or earlier.
[0.026s] 
[0.026s] [0m
[0.160s] -- The C compiler identification is GNU 11.4.0
[0.362s] -- The CXX compiler identification is GNU 11.4.0
[0.387s] -- Detecting C compiler ABI info
[0.513s] -- Detecting C compiler ABI info - done
[0.551s] -- Check for working C compiler: /usr/bin/cc - skipped
[0.552s] -- Detecting C compile features
[0.554s] -- Detecting C compile features - done
[0.582s] -- Detecting CXX compiler ABI info
[0.722s] -- Detecting CXX compiler ABI info - done
[0.753s] -- Check for working CXX compiler: /usr/bin/c++ - skipped
[0.753s] -- Detecting CXX compile features
[0.754s] -- Detecting CXX compile features - done
[0.771s] -- Found ament_cmake: 1.3.14 (/opt/ros/humble/share/ament_cmake/cmake)
[1.046s] -- Found Python3: /usr/bin/python3 (found version "3.10.12") found components: Interpreter
[1.271s] -- Found rclcpp: 16.0.19 (/opt/ros/humble/share/rclcpp/cmake)
[1.366s] -- Found rosidl_generator_c: 3.1.8 (/opt/ros/humble/share/rosidl_generator_c/cmake)
[1.376s] -- Found rosidl_adapter: 3.1.8 (/opt/ros/humble/share/rosidl_adapter/cmake)
[1.396s] -- Found rosidl_generator_cpp: 3.1.8 (/opt/ros/humble/share/rosidl_generator_cpp/cmake)
[1.424s] -- Using all available rosidl_typesupport_c: rosidl_typesupport_fastrtps_c;rosidl_typesupport_introspection_c
[1.461s] -- Using all available rosidl_typesupport_cpp: rosidl_typesupport_fastrtps_cpp;rosidl_typesupport_introspection_cpp
[1.557s] -- Found rmw_implementation_cmake: 6.1.2 (/opt/ros/humble/share/rmw_implementation_cmake/cmake)
[1.562s] -- Found rmw_fastrtps_cpp: 6.2.10 (/opt/ros/humble/share/rmw_fastrtps_cpp/cmake)
[1.717s] -- Found OpenSSL: /usr/lib/aarch64-linux-gnu/libcrypto.so (found version "3.0.2")
[1.784s] -- Found FastRTPS: /opt/ros/humble/include
[1.869s] -- Using RMW implementation 'rmw_fastrtps_cpp' as default
[1.887s] -- Performing Test CMAKE_HAVE_LIBC_PTHREAD
[2.005s] -- Performing Test CMAKE_HAVE_LIBC_PTHREAD - Success
[2.008s] -- Found Threads: TRUE
[2.149s] -- Found nav_msgs: 4.9.1 (/opt/ros/humble/share/nav_msgs/cmake)
[2.215s] -- Found tf2_ros: 0.25.20 (/opt/ros/humble/share/tf2_ros/cmake)
[2.423s] -- Found ament_lint_auto: 0.12.15 (/opt/ros/humble/share/ament_lint_auto/cmake)
[2.575s] -- Added test 'cppcheck' to perform static code analysis on C / C++ code
[2.575s] -- Configured cppcheck include dirs: 
[2.575s] -- Configured cppcheck exclude dirs and/or files: 
[2.576s] -- Added test 'lint_cmake' to check CMake code style
[2.578s] -- Added test 'uncrustify' to check C / C++ code style
[2.578s] -- Configured uncrustify additional arguments: 
[2.579s] -- Added test 'xmllint' to check XML markup files
[2.582s] -- Configuring done (2.6s)
[2.611s] -- Generating done (0.0s)
[2.666s] -- Build files have been written to: /home/gwcs/ros2_ws/build/pose_to_odom
[2.695s] Invoked command in '/home/gwcs/ros2_ws/build/pose_to_odom' returned '0': CMAKE_PREFIX_PATH=/opt/ros/humble /usr/bin/cmake /home/gwcs/ros2_ws/src/pose_to_odom -DCMAKE_INSTALL_PREFIX=/home/gwcs/ros2_ws/install/pose_to_odom
[2.700s] Invoking command in '/home/gwcs/ros2_ws/build/pose_to_odom': CMAKE_PREFIX_PATH=/opt/ros/humble /usr/bin/cmake --build /home/gwcs/ros2_ws/build/pose_to_odom -- -j6 -l6
[2.754s] [ 50%] [32mBuilding CXX object CMakeFiles/pose_to_odom_node.dir/pose_to_odom_no_twist.cpp.o[0m
[3.204s] [01m[K/home/gwcs/ros2_ws/src/pose_to_odom/pose_to_odom_no_twist.cpp:5:10:[m[K [01;31m[Kfatal error: [m[Kgeomotry_msgs/msg/transform_stamped.hpp: No such file or directory
[3.205s]     5 | #include [01;31m[K"geomotry_msgs/msg/transform_stamped.hpp"[m[K
[3.205s]       |          [01;31m[K^~~~~~~~~~~~~~~~~~~~~~~~~~~~~~~~~~~~~~~~~[m[K
[3.205s] compilation terminated.
[3.217s] gmake[2]: *** [CMakeFiles/pose_to_odom_node.dir/build.make:79: CMakeFiles/pose_to_odom_node.dir/pose_to_odom_no_twist.cpp.o] Error 1
[3.219s] gmake[1]: *** [CMakeFiles/Makefile2:153: CMakeFiles/pose_to_odom_node.dir/all] Error 2
[3.219s] gmake: *** [Makefile:146: all] Error 2
[3.225s] Invoked command in '/home/gwcs/ros2_ws/build/pose_to_odom' returned '2': CMAKE_PREFIX_PATH=/opt/ros/humble /usr/bin/cmake --build /home/gwcs/ros2_ws/build/pose_to_odom -- -j6 -l6
