[0.029s] Invoking command in '/home/gwcs/ros2_ws/build/pose_to_odom': CMAKE_PREFIX_PATH=/opt/ros/humble /usr/bin/cmake --build /home/gwcs/ros2_ws/build/pose_to_odom -- -j6 -l6
[0.110s] [ 50%] [32mBuilding CXX object CMakeFiles/pose_to_odom_node.dir/pose_to_odom_no_twist.cpp.o[0m
[18.317s] [100%] [1m[32mLinking CXX executable pose_to_odom_node[0m
[19.226s] [100%] Built target pose_to_odom_node
[19.238s] Invoked command in '/home/gwcs/ros2_ws/build/pose_to_odom' returned '0': CMAKE_PREFIX_PATH=/opt/ros/humble /usr/bin/cmake --build /home/gwcs/ros2_ws/build/pose_to_odom -- -j6 -l6
[19.242s] Invoking command in '/home/gwcs/ros2_ws/build/pose_to_odom': CMAKE_PREFIX_PATH=/opt/ros/humble /usr/bin/cmake --install /home/gwcs/ros2_ws/build/pose_to_odom
[19.250s] -- Install configuration: ""
[19.250s] -- Installing: /home/gwcs/ros2_ws/install/pose_to_odom/lib/pose_to_odom/pose_to_odom_node
[19.260s] -- Set non-toolchain portion of runtime path of "/home/gwcs/ros2_ws/install/pose_to_odom/lib/pose_to_odom/pose_to_odom_node" to ""
[19.260s] -- Up-to-date: /home/gwcs/ros2_ws/install/pose_to_odom/share/ament_index/resource_index/package_run_dependencies/pose_to_odom
[19.260s] -- Up-to-date: /home/gwcs/ros2_ws/install/pose_to_odom/share/ament_index/resource_index/parent_prefix_path/pose_to_odom
[19.260s] -- Up-to-date: /home/gwcs/ros2_ws/install/pose_to_odom/share/pose_to_odom/environment/ament_prefix_path.sh
[19.260s] -- Up-to-date: /home/gwcs/ros2_ws/install/pose_to_odom/share/pose_to_odom/environment/ament_prefix_path.dsv
[19.261s] -- Up-to-date: /home/gwcs/ros2_ws/install/pose_to_odom/share/pose_to_odom/environment/path.sh
[19.261s] -- Up-to-date: /home/gwcs/ros2_ws/install/pose_to_odom/share/pose_to_odom/environment/path.dsv
[19.261s] -- Up-to-date: /home/gwcs/ros2_ws/install/pose_to_odom/share/pose_to_odom/local_setup.bash
[19.261s] -- Up-to-date: /home/gwcs/ros2_ws/install/pose_to_odom/share/pose_to_odom/local_setup.sh
[19.261s] -- Up-to-date: /home/gwcs/ros2_ws/install/pose_to_odom/share/pose_to_odom/local_setup.zsh
[19.261s] -- Up-to-date: /home/gwcs/ros2_ws/install/pose_to_odom/share/pose_to_odom/local_setup.dsv
[19.261s] -- Installing: /home/gwcs/ros2_ws/install/pose_to_odom/share/pose_to_odom/package.dsv
[19.261s] -- Up-to-date: /home/gwcs/ros2_ws/install/pose_to_odom/share/ament_index/resource_index/packages/pose_to_odom
[19.262s] -- Up-to-date: /home/gwcs/ros2_ws/install/pose_to_odom/share/pose_to_odom/cmake/pose_to_odomConfig.cmake
[19.262s] -- Up-to-date: /home/gwcs/ros2_ws/install/pose_to_odom/share/pose_to_odom/cmake/pose_to_odomConfig-version.cmake
[19.262s] -- Up-to-date: /home/gwcs/ros2_ws/install/pose_to_odom/share/pose_to_odom/package.xml
[19.265s] Invoked command in '/home/gwcs/ros2_ws/build/pose_to_odom' returned '0': CMAKE_PREFIX_PATH=/opt/ros/humble /usr/bin/cmake --install /home/gwcs/ros2_ws/build/pose_to_odom
