[0.025s] Invoking command in '/home/gwcs/ros2_ws/build/dumbot_bringup': AMENT_PREFIX_PATH=/home/gwcs/ros2_ws/install/roboclaw_hardware_interface:${AMENT_PREFIX_PATH} CMAKE_PREFIX_PATH=/home/gwcs/ros2_ws/install/roboclaw_hardware_interface:/opt/ros/humble:/home/gwcs/ros2_ws/install/roboclaw_serial LD_LIBRARY_PATH=/home/gwcs/ros2_ws/install/roboclaw_hardware_interface/lib:/opt/ros/humble/opt/rviz_ogre_vendor/lib:/opt/ros/humble/lib/aarch64-linux-gnu:/opt/ros/humble/lib:/usr/local/cuda-12.6/lib64 PKG_CONFIG_PATH=/home/gwcs/ros2_ws/install/roboclaw_serial/lib/aarch64-linux-gnu/pkgconfig:/home/gwcs/ros2_ws/install/roboclaw_serial/lib/pkgconfig ROS_PACKAGE_PATH=/home/gwcs/ros2_ws/install/roboclaw_serial/share /usr/bin/cmake --build /home/gwcs/ros2_ws/build/dumbot_bringup -- -j6 -l6
[0.072s] Invoked command in '/home/gwcs/ros2_ws/build/dumbot_bringup' returned '0': AMENT_PREFIX_PATH=/home/gwcs/ros2_ws/install/roboclaw_hardware_interface:${AMENT_PREFIX_PATH} CMAKE_PREFIX_PATH=/home/gwcs/ros2_ws/install/roboclaw_hardware_interface:/opt/ros/humble:/home/gwcs/ros2_ws/install/roboclaw_serial LD_LIBRARY_PATH=/home/gwcs/ros2_ws/install/roboclaw_hardware_interface/lib:/opt/ros/humble/opt/rviz_ogre_vendor/lib:/opt/ros/humble/lib/aarch64-linux-gnu:/opt/ros/humble/lib:/usr/local/cuda-12.6/lib64 PKG_CONFIG_PATH=/home/gwcs/ros2_ws/install/roboclaw_serial/lib/aarch64-linux-gnu/pkgconfig:/home/gwcs/ros2_ws/install/roboclaw_serial/lib/pkgconfig ROS_PACKAGE_PATH=/home/gwcs/ros2_ws/install/roboclaw_serial/share /usr/bin/cmake --build /home/gwcs/ros2_ws/build/dumbot_bringup -- -j6 -l6
[0.077s] Invoking command in '/home/gwcs/ros2_ws/build/dumbot_bringup': AMENT_PREFIX_PATH=/home/gwcs/ros2_ws/install/roboclaw_hardware_interface:${AMENT_PREFIX_PATH} CMAKE_PREFIX_PATH=/home/gwcs/ros2_ws/install/roboclaw_hardware_interface:/opt/ros/humble:/home/gwcs/ros2_ws/install/roboclaw_serial LD_LIBRARY_PATH=/home/gwcs/ros2_ws/install/roboclaw_hardware_interface/lib:/opt/ros/humble/opt/rviz_ogre_vendor/lib:/opt/ros/humble/lib/aarch64-linux-gnu:/opt/ros/humble/lib:/usr/local/cuda-12.6/lib64 PKG_CONFIG_PATH=/home/gwcs/ros2_ws/install/roboclaw_serial/lib/aarch64-linux-gnu/pkgconfig:/home/gwcs/ros2_ws/install/roboclaw_serial/lib/pkgconfig ROS_PACKAGE_PATH=/home/gwcs/ros2_ws/install/roboclaw_serial/share /usr/bin/cmake --install /home/gwcs/ros2_ws/build/dumbot_bringup
[0.084s] -- Install configuration: ""
[0.084s] -- Up-to-date: /home/gwcs/ros2_ws/install/dumbot_bringup/share/dumbot_bringup//launch
[0.085s] -- Up-to-date: /home/gwcs/ros2_ws/install/dumbot_bringup/share/dumbot_bringup//launch/__pycache__
[0.085s] -- Installing: /home/gwcs/ros2_ws/install/dumbot_bringup/share/dumbot_bringup//launch/__pycache__/minimal.launch.cpython-310.pyc
[0.085s] -- Up-to-date: /home/gwcs/ros2_ws/install/dumbot_bringup/share/dumbot_bringup//launch/minimal.launch.py
[0.086s] -- Up-to-date: /home/gwcs/ros2_ws/install/dumbot_bringup/share/dumbot_bringup//params
[0.086s] -- Up-to-date: /home/gwcs/ros2_ws/install/dumbot_bringup/share/dumbot_bringup//params/roboclaw_controllers.yaml
[0.086s] -- Up-to-date: /home/gwcs/ros2_ws/install/dumbot_bringup/share/dumbot_bringup//urdf
[0.087s] -- Up-to-date: /home/gwcs/ros2_ws/install/dumbot_bringup/share/dumbot_bringup//urdf/roboclaw.urdf.xacro
[0.087s] -- Up-to-date: /home/gwcs/ros2_ws/install/dumbot_bringup/share/dumbot_bringup//urdf/roboclaw.ros2_control.xacro
[0.087s] -- Up-to-date: /home/gwcs/ros2_ws/install/dumbot_bringup/share/dumbot_bringup//urdf/roboclaw.materials.xacro
[0.088s] -- Up-to-date: /home/gwcs/ros2_ws/install/dumbot_bringup/share/dumbot_bringup//urdf/roboclaw_description.urdf.xacro
[0.088s] -- Up-to-date: /home/gwcs/ros2_ws/install/dumbot_bringup/share/ament_index/resource_index/package_run_dependencies/dumbot_bringup
[0.088s] -- Up-to-date: /home/gwcs/ros2_ws/install/dumbot_bringup/share/ament_index/resource_index/parent_prefix_path/dumbot_bringup
[0.089s] -- Up-to-date: /home/gwcs/ros2_ws/install/dumbot_bringup/share/dumbot_bringup/environment/ament_prefix_path.sh
[0.089s] -- Up-to-date: /home/gwcs/ros2_ws/install/dumbot_bringup/share/dumbot_bringup/environment/ament_prefix_path.dsv
[0.089s] -- Up-to-date: /home/gwcs/ros2_ws/install/dumbot_bringup/share/dumbot_bringup/environment/path.sh
[0.089s] -- Up-to-date: /home/gwcs/ros2_ws/install/dumbot_bringup/share/dumbot_bringup/environment/path.dsv
[0.090s] -- Up-to-date: /home/gwcs/ros2_ws/install/dumbot_bringup/share/dumbot_bringup/local_setup.bash
[0.090s] -- Up-to-date: /home/gwcs/ros2_ws/install/dumbot_bringup/share/dumbot_bringup/local_setup.sh
[0.091s] -- Up-to-date: /home/gwcs/ros2_ws/install/dumbot_bringup/share/dumbot_bringup/local_setup.zsh
[0.091s] -- Up-to-date: /home/gwcs/ros2_ws/install/dumbot_bringup/share/dumbot_bringup/local_setup.dsv
[0.094s] -- Installing: /home/gwcs/ros2_ws/install/dumbot_bringup/share/dumbot_bringup/package.dsv
[0.094s] -- Up-to-date: /home/gwcs/ros2_ws/install/dumbot_bringup/share/ament_index/resource_index/packages/dumbot_bringup
[0.095s] -- Up-to-date: /home/gwcs/ros2_ws/install/dumbot_bringup/share/dumbot_bringup/cmake/dumbot_bringupConfig.cmake
[0.095s] -- Up-to-date: /home/gwcs/ros2_ws/install/dumbot_bringup/share/dumbot_bringup/cmake/dumbot_bringupConfig-version.cmake
[0.095s] -- Up-to-date: /home/gwcs/ros2_ws/install/dumbot_bringup/share/dumbot_bringup/package.xml
[0.096s] Invoked command in '/home/gwcs/ros2_ws/build/dumbot_bringup' returned '0': AMENT_PREFIX_PATH=/home/gwcs/ros2_ws/install/roboclaw_hardware_interface:${AMENT_PREFIX_PATH} CMAKE_PREFIX_PATH=/home/gwcs/ros2_ws/install/roboclaw_hardware_interface:/opt/ros/humble:/home/gwcs/ros2_ws/install/roboclaw_serial LD_LIBRARY_PATH=/home/gwcs/ros2_ws/install/roboclaw_hardware_interface/lib:/opt/ros/humble/opt/rviz_ogre_vendor/lib:/opt/ros/humble/lib/aarch64-linux-gnu:/opt/ros/humble/lib:/usr/local/cuda-12.6/lib64 PKG_CONFIG_PATH=/home/gwcs/ros2_ws/install/roboclaw_serial/lib/aarch64-linux-gnu/pkgconfig:/home/gwcs/ros2_ws/install/roboclaw_serial/lib/pkgconfig ROS_PACKAGE_PATH=/home/gwcs/ros2_ws/install/roboclaw_serial/share /usr/bin/cmake --install /home/gwcs/ros2_ws/build/dumbot_bringup
