[0.030s] Invoking command in '/home/gwcs/ros2_ws/build/dumbot_bringup': CMAKE_PREFIX_PATH=/home/gwcs/ros2_ws/install/roboclaw_hardware_interface:/home/gwcs/ros2_ws/install/vicon_pkg:/opt/ros/humble:/home/gwcs/ros2_ws/install/roboclaw_serial:/home/gwcs/ros2_ws/install/dumbot_bringup LD_LIBRARY_PATH=/home/gwcs/ros2_ws/install/roboclaw_hardware_interface/lib:/opt/ros/humble/opt/rviz_ogre_vendor/lib:/opt/ros/humble/lib/aarch64-linux-gnu:/opt/ros/humble/lib:/usr/local/cuda-12.6/lib64 /usr/bin/cmake --build /home/gwcs/ros2_ws/build/dumbot_bringup -- -j6 -l6
[0.075s] Invoked command in '/home/gwcs/ros2_ws/build/dumbot_bringup' returned '0': CMAKE_PREFIX_PATH=/home/gwcs/ros2_ws/install/roboclaw_hardware_interface:/home/gwcs/ros2_ws/install/vicon_pkg:/opt/ros/humble:/home/gwcs/ros2_ws/install/roboclaw_serial:/home/gwcs/ros2_ws/install/dumbot_bringup LD_LIBRARY_PATH=/home/gwcs/ros2_ws/install/roboclaw_hardware_interface/lib:/opt/ros/humble/opt/rviz_ogre_vendor/lib:/opt/ros/humble/lib/aarch64-linux-gnu:/opt/ros/humble/lib:/usr/local/cuda-12.6/lib64 /usr/bin/cmake --build /home/gwcs/ros2_ws/build/dumbot_bringup -- -j6 -l6
[0.076s] Invoking command in '/home/gwcs/ros2_ws/build/dumbot_bringup': CMAKE_PREFIX_PATH=/home/gwcs/ros2_ws/install/roboclaw_hardware_interface:/home/gwcs/ros2_ws/install/vicon_pkg:/opt/ros/humble:/home/gwcs/ros2_ws/install/roboclaw_serial:/home/gwcs/ros2_ws/install/dumbot_bringup LD_LIBRARY_PATH=/home/gwcs/ros2_ws/install/roboclaw_hardware_interface/lib:/opt/ros/humble/opt/rviz_ogre_vendor/lib:/opt/ros/humble/lib/aarch64-linux-gnu:/opt/ros/humble/lib:/usr/local/cuda-12.6/lib64 /usr/bin/cmake --install /home/gwcs/ros2_ws/build/dumbot_bringup
[0.081s] -- Install configuration: ""
[0.082s] -- Up-to-date: /home/gwcs/ros2_ws/install/dumbot_bringup/share/dumbot_bringup//launch
[0.082s] -- Up-to-date: /home/gwcs/ros2_ws/install/dumbot_bringup/share/dumbot_bringup//launch/__pycache__
[0.082s] -- Up-to-date: /home/gwcs/ros2_ws/install/dumbot_bringup/share/dumbot_bringup//launch/__pycache__/minimal.launch.cpython-310.pyc
[0.082s] -- Up-to-date: /home/gwcs/ros2_ws/install/dumbot_bringup/share/dumbot_bringup//launch/minimal.launch.py
[0.082s] -- Up-to-date: /home/gwcs/ros2_ws/install/dumbot_bringup/share/dumbot_bringup//params
[0.083s] -- Up-to-date: /home/gwcs/ros2_ws/install/dumbot_bringup/share/dumbot_bringup//params/roboclaw_controllers.yaml
[0.083s] -- Up-to-date: /home/gwcs/ros2_ws/install/dumbot_bringup/share/dumbot_bringup//urdf
[0.083s] -- Up-to-date: /home/gwcs/ros2_ws/install/dumbot_bringup/share/dumbot_bringup//urdf/roboclaw.urdf.xacro
[0.083s] -- Up-to-date: /home/gwcs/ros2_ws/install/dumbot_bringup/share/dumbot_bringup//urdf/roboclaw.ros2_control.xacro
[0.083s] -- Up-to-date: /home/gwcs/ros2_ws/install/dumbot_bringup/share/dumbot_bringup//urdf/roboclaw.materials.xacro
[0.083s] -- Up-to-date: /home/gwcs/ros2_ws/install/dumbot_bringup/share/dumbot_bringup//urdf/roboclaw_description.urdf.xacro
[0.084s] -- Up-to-date: /home/gwcs/ros2_ws/install/dumbot_bringup/share/ament_index/resource_index/package_run_dependencies/dumbot_bringup
[0.084s] -- Up-to-date: /home/gwcs/ros2_ws/install/dumbot_bringup/share/ament_index/resource_index/parent_prefix_path/dumbot_bringup
[0.084s] -- Up-to-date: /home/gwcs/ros2_ws/install/dumbot_bringup/share/dumbot_bringup/environment/ament_prefix_path.sh
[0.084s] -- Up-to-date: /home/gwcs/ros2_ws/install/dumbot_bringup/share/dumbot_bringup/environment/ament_prefix_path.dsv
[0.084s] -- Up-to-date: /home/gwcs/ros2_ws/install/dumbot_bringup/share/dumbot_bringup/environment/path.sh
[0.084s] -- Up-to-date: /home/gwcs/ros2_ws/install/dumbot_bringup/share/dumbot_bringup/environment/path.dsv
[0.084s] -- Up-to-date: /home/gwcs/ros2_ws/install/dumbot_bringup/share/dumbot_bringup/local_setup.bash
[0.084s] -- Up-to-date: /home/gwcs/ros2_ws/install/dumbot_bringup/share/dumbot_bringup/local_setup.sh
[0.085s] -- Up-to-date: /home/gwcs/ros2_ws/install/dumbot_bringup/share/dumbot_bringup/local_setup.zsh
[0.085s] -- Up-to-date: /home/gwcs/ros2_ws/install/dumbot_bringup/share/dumbot_bringup/local_setup.dsv
[0.085s] -- Installing: /home/gwcs/ros2_ws/install/dumbot_bringup/share/dumbot_bringup/package.dsv
[0.085s] -- Up-to-date: /home/gwcs/ros2_ws/install/dumbot_bringup/share/ament_index/resource_index/packages/dumbot_bringup
[0.085s] -- Up-to-date: /home/gwcs/ros2_ws/install/dumbot_bringup/share/dumbot_bringup/cmake/dumbot_bringupConfig.cmake
[0.085s] -- Up-to-date: /home/gwcs/ros2_ws/install/dumbot_bringup/share/dumbot_bringup/cmake/dumbot_bringupConfig-version.cmake
[0.085s] -- Up-to-date: /home/gwcs/ros2_ws/install/dumbot_bringup/share/dumbot_bringup/package.xml
[0.092s] Invoked command in '/home/gwcs/ros2_ws/build/dumbot_bringup' returned '0': CMAKE_PREFIX_PATH=/home/gwcs/ros2_ws/install/roboclaw_hardware_interface:/home/gwcs/ros2_ws/install/vicon_pkg:/opt/ros/humble:/home/gwcs/ros2_ws/install/roboclaw_serial:/home/gwcs/ros2_ws/install/dumbot_bringup LD_LIBRARY_PATH=/home/gwcs/ros2_ws/install/roboclaw_hardware_interface/lib:/opt/ros/humble/opt/rviz_ogre_vendor/lib:/opt/ros/humble/lib/aarch64-linux-gnu:/opt/ros/humble/lib:/usr/local/cuda-12.6/lib64 /usr/bin/cmake --install /home/gwcs/ros2_ws/build/dumbot_bringup
