[0.204s] DEBUG:colcon:Command line arguments: ['/usr/bin/colcon', 'build']
[0.204s] DEBUG:colcon:Parsed command line arguments: Namespace(log_base=None, log_level=None, verb_name='build', build_base='build', install_base='install', merge_install=False, symlink_install=False, test_result_base=None, continue_on_error=False, executor='parallel', parallel_workers=6, event_handlers=None, ignore_user_meta=False, metas=['./colcon.meta'], base_paths=['.'], packages_ignore=None, packages_ignore_regex=None, paths=None, packages_up_to=None, packages_up_to_regex=None, packages_above=None, packages_above_and_dependencies=None, packages_above_depth=None, packages_select_by_dep=None, packages_skip_by_dep=None, packages_skip_up_to=None, packages_select_build_failed=False, packages_skip_build_finished=False, packages_select_test_failures=False, packages_skip_test_passed=False, packages_select=None, packages_skip=None, packages_select_regex=None, packages_skip_regex=None, packages_start=None, packages_end=None, allow_overriding=[], cmake_args=None, cmake_target=None, cmake_target_skip_unavailable=False, cmake_clean_cache=False, cmake_clean_first=False, cmake_force_configure=False, ament_cmake_args=None, catkin_cmake_args=None, catkin_skip_building_tests=False, mixin_files=None, mixin=None, verb_parser=<colcon_mixin.mixin.mixin_argument.MixinArgumentDecorator object at 0xffff92c7e110>, verb_extension=<colcon_core.verb.build.BuildVerb object at 0xffff92dfbac0>, main=<bound method BuildVerb.main of <colcon_core.verb.build.BuildVerb object at 0xffff92dfbac0>>, mixin_verb=('build',))
[0.527s] Level 1:colcon.colcon_core.package_discovery:discover_packages(colcon_meta) check parameters
[0.528s] Level 1:colcon.colcon_core.package_discovery:discover_packages(recursive) check parameters
[0.528s] Level 1:colcon.colcon_core.package_discovery:discover_packages(ignore) check parameters
[0.528s] Level 1:colcon.colcon_core.package_discovery:discover_packages(path) check parameters
[0.528s] Level 1:colcon.colcon_core.package_discovery:discover_packages(colcon_meta) discover
[0.528s] Level 1:colcon.colcon_core.package_discovery:discover_packages(recursive) discover
[0.528s] INFO:colcon.colcon_core.package_discovery:Crawling recursively for packages in '/home/gwcs/ros2_ws'
[0.529s] Level 1:colcon.colcon_core.package_identification:_identify(.) by extensions ['ignore', 'ignore_ament_install']
[0.529s] Level 1:colcon.colcon_core.package_identification:_identify(.) by extension 'ignore'
[0.529s] Level 1:colcon.colcon_core.package_identification:_identify(.) by extension 'ignore_ament_install'
[0.529s] Level 1:colcon.colcon_core.package_identification:_identify(.) by extensions ['colcon_pkg']
[0.529s] Level 1:colcon.colcon_core.package_identification:_identify(.) by extension 'colcon_pkg'
[0.529s] Level 1:colcon.colcon_core.package_identification:_identify(.) by extensions ['colcon_meta']
[0.529s] Level 1:colcon.colcon_core.package_identification:_identify(.) by extension 'colcon_meta'
[0.529s] Level 1:colcon.colcon_core.package_identification:_identify(.) by extensions ['ros']
[0.529s] Level 1:colcon.colcon_core.package_identification:_identify(.) by extension 'ros'
[0.550s] Level 1:colcon.colcon_core.package_identification:_identify(.) by extensions ['cmake', 'python']
[0.550s] Level 1:colcon.colcon_core.package_identification:_identify(.) by extension 'cmake'
[0.550s] Level 1:colcon.colcon_core.package_identification:_identify(.) by extension 'python'
[0.550s] Level 1:colcon.colcon_core.package_identification:_identify(.) by extensions ['python_setup_py']
[0.550s] Level 1:colcon.colcon_core.package_identification:_identify(.) by extension 'python_setup_py'
[0.551s] Level 1:colcon.colcon_core.package_identification:_identify(build) by extensions ['ignore', 'ignore_ament_install']
[0.551s] Level 1:colcon.colcon_core.package_identification:_identify(build) by extension 'ignore'
[0.551s] Level 1:colcon.colcon_core.package_identification:_identify(build) ignored
[0.551s] Level 1:colcon.colcon_core.package_identification:_identify(install) by extensions ['ignore', 'ignore_ament_install']
[0.552s] Level 1:colcon.colcon_core.package_identification:_identify(install) by extension 'ignore'
[0.552s] Level 1:colcon.colcon_core.package_identification:_identify(install) ignored
[0.552s] Level 1:colcon.colcon_core.package_identification:_identify(log) by extensions ['ignore', 'ignore_ament_install']
[0.552s] Level 1:colcon.colcon_core.package_identification:_identify(log) by extension 'ignore'
[0.552s] Level 1:colcon.colcon_core.package_identification:_identify(log) ignored
[0.552s] Level 1:colcon.colcon_core.package_identification:_identify(src) by extensions ['ignore', 'ignore_ament_install']
[0.552s] Level 1:colcon.colcon_core.package_identification:_identify(src) by extension 'ignore'
[0.553s] Level 1:colcon.colcon_core.package_identification:_identify(src) by extension 'ignore_ament_install'
[0.553s] Level 1:colcon.colcon_core.package_identification:_identify(src) by extensions ['colcon_pkg']
[0.553s] Level 1:colcon.colcon_core.package_identification:_identify(src) by extension 'colcon_pkg'
[0.553s] Level 1:colcon.colcon_core.package_identification:_identify(src) by extensions ['colcon_meta']
[0.553s] Level 1:colcon.colcon_core.package_identification:_identify(src) by extension 'colcon_meta'
[0.553s] Level 1:colcon.colcon_core.package_identification:_identify(src) by extensions ['ros']
[0.553s] Level 1:colcon.colcon_core.package_identification:_identify(src) by extension 'ros'
[0.553s] Level 1:colcon.colcon_core.package_identification:_identify(src) by extensions ['cmake', 'python']
[0.553s] Level 1:colcon.colcon_core.package_identification:_identify(src) by extension 'cmake'
[0.553s] Level 1:colcon.colcon_core.package_identification:_identify(src) by extension 'python'
[0.553s] Level 1:colcon.colcon_core.package_identification:_identify(src) by extensions ['python_setup_py']
[0.554s] Level 1:colcon.colcon_core.package_identification:_identify(src) by extension 'python_setup_py'
[0.554s] Level 1:colcon.colcon_core.package_identification:_identify(src/dumbot_bringup) by extensions ['ignore', 'ignore_ament_install']
[0.554s] Level 1:colcon.colcon_core.package_identification:_identify(src/dumbot_bringup) by extension 'ignore'
[0.554s] Level 1:colcon.colcon_core.package_identification:_identify(src/dumbot_bringup) by extension 'ignore_ament_install'
[0.554s] Level 1:colcon.colcon_core.package_identification:_identify(src/dumbot_bringup) by extensions ['colcon_pkg']
[0.554s] Level 1:colcon.colcon_core.package_identification:_identify(src/dumbot_bringup) by extension 'colcon_pkg'
[0.554s] Level 1:colcon.colcon_core.package_identification:_identify(src/dumbot_bringup) by extensions ['colcon_meta']
[0.554s] Level 1:colcon.colcon_core.package_identification:_identify(src/dumbot_bringup) by extension 'colcon_meta'
[0.554s] Level 1:colcon.colcon_core.package_identification:_identify(src/dumbot_bringup) by extensions ['ros']
[0.554s] Level 1:colcon.colcon_core.package_identification:_identify(src/dumbot_bringup) by extension 'ros'
[0.559s] DEBUG:colcon.colcon_core.package_identification:Package 'src/dumbot_bringup' with type 'ros.ament_cmake' and name 'dumbot_bringup'
[0.559s] Level 1:colcon.colcon_core.package_identification:_identify(src/pose_to_odom) by extensions ['ignore', 'ignore_ament_install']
[0.560s] Level 1:colcon.colcon_core.package_identification:_identify(src/pose_to_odom) by extension 'ignore'
[0.560s] Level 1:colcon.colcon_core.package_identification:_identify(src/pose_to_odom) by extension 'ignore_ament_install'
[0.560s] Level 1:colcon.colcon_core.package_identification:_identify(src/pose_to_odom) by extensions ['colcon_pkg']
[0.560s] Level 1:colcon.colcon_core.package_identification:_identify(src/pose_to_odom) by extension 'colcon_pkg'
[0.560s] Level 1:colcon.colcon_core.package_identification:_identify(src/pose_to_odom) by extensions ['colcon_meta']
[0.560s] Level 1:colcon.colcon_core.package_identification:_identify(src/pose_to_odom) by extension 'colcon_meta'
[0.560s] Level 1:colcon.colcon_core.package_identification:_identify(src/pose_to_odom) by extensions ['ros']
[0.560s] Level 1:colcon.colcon_core.package_identification:_identify(src/pose_to_odom) by extension 'ros'
[0.562s] DEBUG:colcon.colcon_core.package_identification:Package 'src/pose_to_odom' with type 'ros.ament_cmake' and name 'pose_to_odom'
[0.562s] Level 1:colcon.colcon_core.package_identification:_identify(src/roboclaw_hardware_interface) by extensions ['ignore', 'ignore_ament_install']
[0.562s] Level 1:colcon.colcon_core.package_identification:_identify(src/roboclaw_hardware_interface) by extension 'ignore'
[0.562s] Level 1:colcon.colcon_core.package_identification:_identify(src/roboclaw_hardware_interface) by extension 'ignore_ament_install'
[0.563s] Level 1:colcon.colcon_core.package_identification:_identify(src/roboclaw_hardware_interface) by extensions ['colcon_pkg']
[0.563s] Level 1:colcon.colcon_core.package_identification:_identify(src/roboclaw_hardware_interface) by extension 'colcon_pkg'
[0.563s] Level 1:colcon.colcon_core.package_identification:_identify(src/roboclaw_hardware_interface) by extensions ['colcon_meta']
[0.563s] Level 1:colcon.colcon_core.package_identification:_identify(src/roboclaw_hardware_interface) by extension 'colcon_meta'
[0.563s] Level 1:colcon.colcon_core.package_identification:_identify(src/roboclaw_hardware_interface) by extensions ['ros']
[0.563s] Level 1:colcon.colcon_core.package_identification:_identify(src/roboclaw_hardware_interface) by extension 'ros'
[0.564s] DEBUG:colcon.colcon_core.package_identification:Package 'src/roboclaw_hardware_interface' with type 'ros.ament_cmake' and name 'roboclaw_hardware_interface'
[0.565s] Level 1:colcon.colcon_core.package_identification:_identify(src/roboclaw_serial) by extensions ['ignore', 'ignore_ament_install']
[0.565s] Level 1:colcon.colcon_core.package_identification:_identify(src/roboclaw_serial) by extension 'ignore'
[0.565s] Level 1:colcon.colcon_core.package_identification:_identify(src/roboclaw_serial) by extension 'ignore_ament_install'
[0.565s] Level 1:colcon.colcon_core.package_identification:_identify(src/roboclaw_serial) by extensions ['colcon_pkg']
[0.565s] Level 1:colcon.colcon_core.package_identification:_identify(src/roboclaw_serial) by extension 'colcon_pkg'
[0.565s] Level 1:colcon.colcon_core.package_identification:_identify(src/roboclaw_serial) by extensions ['colcon_meta']
[0.565s] Level 1:colcon.colcon_core.package_identification:_identify(src/roboclaw_serial) by extension 'colcon_meta'
[0.566s] Level 1:colcon.colcon_core.package_identification:_identify(src/roboclaw_serial) by extensions ['ros']
[0.566s] Level 1:colcon.colcon_core.package_identification:_identify(src/roboclaw_serial) by extension 'ros'
[0.566s] DEBUG:colcon.colcon_core.package_identification:Package 'src/roboclaw_serial' with type 'ros.catkin' and name 'roboclaw_serial'
[0.567s] Level 1:colcon.colcon_core.package_identification:_identify(src/ugv_nav) by extensions ['ignore', 'ignore_ament_install']
[0.567s] Level 1:colcon.colcon_core.package_identification:_identify(src/ugv_nav) by extension 'ignore'
[0.567s] Level 1:colcon.colcon_core.package_identification:_identify(src/ugv_nav) by extension 'ignore_ament_install'
[0.567s] Level 1:colcon.colcon_core.package_identification:_identify(src/ugv_nav) by extensions ['colcon_pkg']
[0.567s] Level 1:colcon.colcon_core.package_identification:_identify(src/ugv_nav) by extension 'colcon_pkg'
[0.567s] Level 1:colcon.colcon_core.package_identification:_identify(src/ugv_nav) by extensions ['colcon_meta']
[0.567s] Level 1:colcon.colcon_core.package_identification:_identify(src/ugv_nav) by extension 'colcon_meta'
[0.567s] Level 1:colcon.colcon_core.package_identification:_identify(src/ugv_nav) by extensions ['ros']
[0.567s] Level 1:colcon.colcon_core.package_identification:_identify(src/ugv_nav) by extension 'ros'
[0.568s] Level 1:colcon.colcon_core.package_identification:_identify(src/ugv_nav) by extensions ['cmake', 'python']
[0.568s] Level 1:colcon.colcon_core.package_identification:_identify(src/ugv_nav) by extension 'cmake'
[0.568s] Level 1:colcon.colcon_core.package_identification:_identify(src/ugv_nav) by extension 'python'
[0.568s] Level 1:colcon.colcon_core.package_identification:_identify(src/ugv_nav) by extensions ['python_setup_py']
[0.568s] Level 1:colcon.colcon_core.package_identification:_identify(src/ugv_nav) by extension 'python_setup_py'
[0.568s] Level 1:colcon.colcon_core.package_identification:_identify(src/ugv_nav/config) by extensions ['ignore', 'ignore_ament_install']
[0.568s] Level 1:colcon.colcon_core.package_identification:_identify(src/ugv_nav/config) by extension 'ignore'
[0.568s] Level 1:colcon.colcon_core.package_identification:_identify(src/ugv_nav/config) by extension 'ignore_ament_install'
[0.569s] Level 1:colcon.colcon_core.package_identification:_identify(src/ugv_nav/config) by extensions ['colcon_pkg']
[0.569s] Level 1:colcon.colcon_core.package_identification:_identify(src/ugv_nav/config) by extension 'colcon_pkg'
[0.569s] Level 1:colcon.colcon_core.package_identification:_identify(src/ugv_nav/config) by extensions ['colcon_meta']
[0.569s] Level 1:colcon.colcon_core.package_identification:_identify(src/ugv_nav/config) by extension 'colcon_meta'
[0.569s] Level 1:colcon.colcon_core.package_identification:_identify(src/ugv_nav/config) by extensions ['ros']
[0.569s] Level 1:colcon.colcon_core.package_identification:_identify(src/ugv_nav/config) by extension 'ros'
[0.569s] Level 1:colcon.colcon_core.package_identification:_identify(src/ugv_nav/config) by extensions ['cmake', 'python']
[0.569s] Level 1:colcon.colcon_core.package_identification:_identify(src/ugv_nav/config) by extension 'cmake'
[0.569s] Level 1:colcon.colcon_core.package_identification:_identify(src/ugv_nav/config) by extension 'python'
[0.569s] Level 1:colcon.colcon_core.package_identification:_identify(src/ugv_nav/config) by extensions ['python_setup_py']
[0.569s] Level 1:colcon.colcon_core.package_identification:_identify(src/ugv_nav/config) by extension 'python_setup_py'
[0.570s] Level 1:colcon.colcon_core.package_identification:_identify(src/ugv_nav/launch) by extensions ['ignore', 'ignore_ament_install']
[0.570s] Level 1:colcon.colcon_core.package_identification:_identify(src/ugv_nav/launch) by extension 'ignore'
[0.570s] Level 1:colcon.colcon_core.package_identification:_identify(src/ugv_nav/launch) by extension 'ignore_ament_install'
[0.570s] Level 1:colcon.colcon_core.package_identification:_identify(src/ugv_nav/launch) by extensions ['colcon_pkg']
[0.570s] Level 1:colcon.colcon_core.package_identification:_identify(src/ugv_nav/launch) by extension 'colcon_pkg'
[0.570s] Level 1:colcon.colcon_core.package_identification:_identify(src/ugv_nav/launch) by extensions ['colcon_meta']
[0.570s] Level 1:colcon.colcon_core.package_identification:_identify(src/ugv_nav/launch) by extension 'colcon_meta'
[0.570s] Level 1:colcon.colcon_core.package_identification:_identify(src/ugv_nav/launch) by extensions ['ros']
[0.570s] Level 1:colcon.colcon_core.package_identification:_identify(src/ugv_nav/launch) by extension 'ros'
[0.570s] Level 1:colcon.colcon_core.package_identification:_identify(src/ugv_nav/launch) by extensions ['cmake', 'python']
[0.570s] Level 1:colcon.colcon_core.package_identification:_identify(src/ugv_nav/launch) by extension 'cmake'
[0.571s] Level 1:colcon.colcon_core.package_identification:_identify(src/ugv_nav/launch) by extension 'python'
[0.571s] Level 1:colcon.colcon_core.package_identification:_identify(src/ugv_nav/launch) by extensions ['python_setup_py']
[0.571s] Level 1:colcon.colcon_core.package_identification:_identify(src/ugv_nav/launch) by extension 'python_setup_py'
[0.571s] Level 1:colcon.colcon_core.package_identification:_identify(src/vicon_pkg) by extensions ['ignore', 'ignore_ament_install']
[0.571s] Level 1:colcon.colcon_core.package_identification:_identify(src/vicon_pkg) by extension 'ignore'
[0.571s] Level 1:colcon.colcon_core.package_identification:_identify(src/vicon_pkg) by extension 'ignore_ament_install'
[0.571s] Level 1:colcon.colcon_core.package_identification:_identify(src/vicon_pkg) by extensions ['colcon_pkg']
[0.571s] Level 1:colcon.colcon_core.package_identification:_identify(src/vicon_pkg) by extension 'colcon_pkg'
[0.571s] Level 1:colcon.colcon_core.package_identification:_identify(src/vicon_pkg) by extensions ['colcon_meta']
[0.571s] Level 1:colcon.colcon_core.package_identification:_identify(src/vicon_pkg) by extension 'colcon_meta'
[0.572s] Level 1:colcon.colcon_core.package_identification:_identify(src/vicon_pkg) by extensions ['ros']
[0.572s] Level 1:colcon.colcon_core.package_identification:_identify(src/vicon_pkg) by extension 'ros'
[0.573s] DEBUG:colcon.colcon_core.package_identification:Package 'src/vicon_pkg' with type 'ros.ament_python' and name 'vicon_pkg'
[0.573s] Level 1:colcon.colcon_core.package_discovery:discover_packages(recursive) using defaults
[0.573s] Level 1:colcon.colcon_core.package_discovery:discover_packages(ignore) discover
[0.573s] Level 1:colcon.colcon_core.package_discovery:discover_packages(ignore) using defaults
[0.573s] Level 1:colcon.colcon_core.package_discovery:discover_packages(path) discover
[0.573s] Level 1:colcon.colcon_core.package_discovery:discover_packages(path) using defaults
[0.642s] Level 1:colcon.colcon_core.package_discovery:discover_packages(prefix_path) check parameters
[0.643s] Level 1:colcon.colcon_core.package_discovery:discover_packages(prefix_path) discover
[0.646s] DEBUG:colcon.colcon_installed_package_information.package_discovery:Found 5 installed packages in /home/gwcs/ros2_ws/install
[0.649s] DEBUG:colcon.colcon_installed_package_information.package_discovery:Found 343 installed packages in /opt/ros/humble
[0.651s] Level 1:colcon.colcon_core.package_discovery:discover_packages(prefix_path) using defaults
[0.740s] Level 5:colcon.colcon_core.verb:set package 'pose_to_odom' build argument 'cmake_args' from command line to 'None'
[0.741s] Level 5:colcon.colcon_core.verb:set package 'pose_to_odom' build argument 'cmake_target' from command line to 'None'
[0.741s] Level 5:colcon.colcon_core.verb:set package 'pose_to_odom' build argument 'cmake_target_skip_unavailable' from command line to 'False'
[0.741s] Level 5:colcon.colcon_core.verb:set package 'pose_to_odom' build argument 'cmake_clean_cache' from command line to 'False'
[0.741s] Level 5:colcon.colcon_core.verb:set package 'pose_to_odom' build argument 'cmake_clean_first' from command line to 'False'
[0.741s] Level 5:colcon.colcon_core.verb:set package 'pose_to_odom' build argument 'cmake_force_configure' from command line to 'False'
[0.741s] Level 5:colcon.colcon_core.verb:set package 'pose_to_odom' build argument 'ament_cmake_args' from command line to 'None'
[0.741s] Level 5:colcon.colcon_core.verb:set package 'pose_to_odom' build argument 'catkin_cmake_args' from command line to 'None'
[0.741s] Level 5:colcon.colcon_core.verb:set package 'pose_to_odom' build argument 'catkin_skip_building_tests' from command line to 'False'
[0.741s] DEBUG:colcon.colcon_core.verb:Building package 'pose_to_odom' with the following arguments: {'ament_cmake_args': None, 'build_base': '/home/gwcs/ros2_ws/build/pose_to_odom', 'catkin_cmake_args': None, 'catkin_skip_building_tests': False, 'cmake_args': None, 'cmake_clean_cache': False, 'cmake_clean_first': False, 'cmake_force_configure': False, 'cmake_target': None, 'cmake_target_skip_unavailable': False, 'install_base': '/home/gwcs/ros2_ws/install/pose_to_odom', 'merge_install': False, 'path': '/home/gwcs/ros2_ws/src/pose_to_odom', 'symlink_install': False, 'test_result_base': None}
[0.742s] Level 5:colcon.colcon_core.verb:set package 'roboclaw_serial' build argument 'cmake_args' from command line to 'None'
[0.742s] Level 5:colcon.colcon_core.verb:set package 'roboclaw_serial' build argument 'cmake_target' from command line to 'None'
[0.742s] Level 5:colcon.colcon_core.verb:set package 'roboclaw_serial' build argument 'cmake_target_skip_unavailable' from command line to 'False'
[0.742s] Level 5:colcon.colcon_core.verb:set package 'roboclaw_serial' build argument 'cmake_clean_cache' from command line to 'False'
[0.742s] Level 5:colcon.colcon_core.verb:set package 'roboclaw_serial' build argument 'cmake_clean_first' from command line to 'False'
[0.742s] Level 5:colcon.colcon_core.verb:set package 'roboclaw_serial' build argument 'cmake_force_configure' from command line to 'False'
[0.742s] Level 5:colcon.colcon_core.verb:set package 'roboclaw_serial' build argument 'ament_cmake_args' from command line to 'None'
[0.742s] Level 5:colcon.colcon_core.verb:set package 'roboclaw_serial' build argument 'catkin_cmake_args' from command line to 'None'
[0.742s] Level 5:colcon.colcon_core.verb:set package 'roboclaw_serial' build argument 'catkin_skip_building_tests' from command line to 'False'
[0.742s] DEBUG:colcon.colcon_core.verb:Building package 'roboclaw_serial' with the following arguments: {'ament_cmake_args': None, 'build_base': '/home/gwcs/ros2_ws/build/roboclaw_serial', 'catkin_cmake_args': None, 'catkin_skip_building_tests': False, 'cmake_args': None, 'cmake_clean_cache': False, 'cmake_clean_first': False, 'cmake_force_configure': False, 'cmake_target': None, 'cmake_target_skip_unavailable': False, 'install_base': '/home/gwcs/ros2_ws/install/roboclaw_serial', 'merge_install': False, 'path': '/home/gwcs/ros2_ws/src/roboclaw_serial', 'symlink_install': False, 'test_result_base': None}
[0.743s] Level 5:colcon.colcon_core.verb:set package 'vicon_pkg' build argument 'cmake_args' from command line to 'None'
[0.743s] Level 5:colcon.colcon_core.verb:set package 'vicon_pkg' build argument 'cmake_target' from command line to 'None'
[0.743s] Level 5:colcon.colcon_core.verb:set package 'vicon_pkg' build argument 'cmake_target_skip_unavailable' from command line to 'False'
[0.743s] Level 5:colcon.colcon_core.verb:set package 'vicon_pkg' build argument 'cmake_clean_cache' from command line to 'False'
[0.743s] Level 5:colcon.colcon_core.verb:set package 'vicon_pkg' build argument 'cmake_clean_first' from command line to 'False'
[0.743s] Level 5:colcon.colcon_core.verb:set package 'vicon_pkg' build argument 'cmake_force_configure' from command line to 'False'
[0.743s] Level 5:colcon.colcon_core.verb:set package 'vicon_pkg' build argument 'ament_cmake_args' from command line to 'None'
[0.743s] Level 5:colcon.colcon_core.verb:set package 'vicon_pkg' build argument 'catkin_cmake_args' from command line to 'None'
[0.743s] Level 5:colcon.colcon_core.verb:set package 'vicon_pkg' build argument 'catkin_skip_building_tests' from command line to 'False'
[0.743s] DEBUG:colcon.colcon_core.verb:Building package 'vicon_pkg' with the following arguments: {'ament_cmake_args': None, 'build_base': '/home/gwcs/ros2_ws/build/vicon_pkg', 'catkin_cmake_args': None, 'catkin_skip_building_tests': False, 'cmake_args': None, 'cmake_clean_cache': False, 'cmake_clean_first': False, 'cmake_force_configure': False, 'cmake_target': None, 'cmake_target_skip_unavailable': False, 'install_base': '/home/gwcs/ros2_ws/install/vicon_pkg', 'merge_install': False, 'path': '/home/gwcs/ros2_ws/src/vicon_pkg', 'symlink_install': False, 'test_result_base': None}
[0.744s] Level 5:colcon.colcon_core.verb:set package 'roboclaw_hardware_interface' build argument 'cmake_args' from command line to 'None'
[0.744s] Level 5:colcon.colcon_core.verb:set package 'roboclaw_hardware_interface' build argument 'cmake_target' from command line to 'None'
[0.744s] Level 5:colcon.colcon_core.verb:set package 'roboclaw_hardware_interface' build argument 'cmake_target_skip_unavailable' from command line to 'False'
[0.744s] Level 5:colcon.colcon_core.verb:set package 'roboclaw_hardware_interface' build argument 'cmake_clean_cache' from command line to 'False'
[0.744s] Level 5:colcon.colcon_core.verb:set package 'roboclaw_hardware_interface' build argument 'cmake_clean_first' from command line to 'False'
[0.744s] Level 5:colcon.colcon_core.verb:set package 'roboclaw_hardware_interface' build argument 'cmake_force_configure' from command line to 'False'
[0.744s] Level 5:colcon.colcon_core.verb:set package 'roboclaw_hardware_interface' build argument 'ament_cmake_args' from command line to 'None'
[0.744s] Level 5:colcon.colcon_core.verb:set package 'roboclaw_hardware_interface' build argument 'catkin_cmake_args' from command line to 'None'
[0.744s] Level 5:colcon.colcon_core.verb:set package 'roboclaw_hardware_interface' build argument 'catkin_skip_building_tests' from command line to 'False'
[0.744s] DEBUG:colcon.colcon_core.verb:Building package 'roboclaw_hardware_interface' with the following arguments: {'ament_cmake_args': None, 'build_base': '/home/gwcs/ros2_ws/build/roboclaw_hardware_interface', 'catkin_cmake_args': None, 'catkin_skip_building_tests': False, 'cmake_args': None, 'cmake_clean_cache': False, 'cmake_clean_first': False, 'cmake_force_configure': False, 'cmake_target': None, 'cmake_target_skip_unavailable': False, 'install_base': '/home/gwcs/ros2_ws/install/roboclaw_hardware_interface', 'merge_install': False, 'path': '/home/gwcs/ros2_ws/src/roboclaw_hardware_interface', 'symlink_install': False, 'test_result_base': None}
[0.745s] Level 5:colcon.colcon_core.verb:set package 'dumbot_bringup' build argument 'cmake_args' from command line to 'None'
[0.745s] Level 5:colcon.colcon_core.verb:set package 'dumbot_bringup' build argument 'cmake_target' from command line to 'None'
[0.745s] Level 5:colcon.colcon_core.verb:set package 'dumbot_bringup' build argument 'cmake_target_skip_unavailable' from command line to 'False'
[0.745s] Level 5:colcon.colcon_core.verb:set package 'dumbot_bringup' build argument 'cmake_clean_cache' from command line to 'False'
[0.745s] Level 5:colcon.colcon_core.verb:set package 'dumbot_bringup' build argument 'cmake_clean_first' from command line to 'False'
[0.745s] Level 5:colcon.colcon_core.verb:set package 'dumbot_bringup' build argument 'cmake_force_configure' from command line to 'False'
[0.745s] Level 5:colcon.colcon_core.verb:set package 'dumbot_bringup' build argument 'ament_cmake_args' from command line to 'None'
[0.745s] Level 5:colcon.colcon_core.verb:set package 'dumbot_bringup' build argument 'catkin_cmake_args' from command line to 'None'
[0.745s] Level 5:colcon.colcon_core.verb:set package 'dumbot_bringup' build argument 'catkin_skip_building_tests' from command line to 'False'
[0.745s] DEBUG:colcon.colcon_core.verb:Building package 'dumbot_bringup' with the following arguments: {'ament_cmake_args': None, 'build_base': '/home/gwcs/ros2_ws/build/dumbot_bringup', 'catkin_cmake_args': None, 'catkin_skip_building_tests': False, 'cmake_args': None, 'cmake_clean_cache': False, 'cmake_clean_first': False, 'cmake_force_configure': False, 'cmake_target': None, 'cmake_target_skip_unavailable': False, 'install_base': '/home/gwcs/ros2_ws/install/dumbot_bringup', 'merge_install': False, 'path': '/home/gwcs/ros2_ws/src/dumbot_bringup', 'symlink_install': False, 'test_result_base': None}
[0.745s] INFO:colcon.colcon_core.executor:Executing jobs using 'parallel' executor
[0.748s] DEBUG:colcon.colcon_parallel_executor.executor.parallel:run_until_complete
[0.749s] INFO:colcon.colcon_ros.task.catkin.build:Building ROS package in '/home/gwcs/ros2_ws/src/roboclaw_serial' with build type 'catkin'
[0.749s] INFO:colcon.colcon_cmake.task.cmake.build:Building CMake package in '/home/gwcs/ros2_ws/src/roboclaw_serial'
[0.753s] INFO:colcon.colcon_core.plugin_system:Skipping extension 'colcon_core.shell.bat': Not used on non-Windows systems
[0.754s] INFO:colcon.colcon_core.shell:Skip shell extension 'powershell' for command environment: Not usable outside of PowerShell
[0.754s] DEBUG:colcon.colcon_core.shell:Skip shell extension 'dsv' for command environment
[0.761s] INFO:colcon.colcon_ros.task.ament_cmake.build:Building ROS package in '/home/gwcs/ros2_ws/src/pose_to_odom' with build type 'ament_cmake'
[0.761s] INFO:colcon.colcon_cmake.task.cmake.build:Building CMake package in '/home/gwcs/ros2_ws/src/pose_to_odom'
[0.762s] INFO:colcon.colcon_core.shell:Skip shell extension 'powershell' for command environment: Not usable outside of PowerShell
[0.762s] DEBUG:colcon.colcon_core.shell:Skip shell extension 'dsv' for command environment
[0.768s] INFO:colcon.colcon_ros.task.ament_python.build:Building ROS package in '/home/gwcs/ros2_ws/src/vicon_pkg' with build type 'ament_python'
[0.769s] Level 1:colcon.colcon_core.shell:create_environment_hook('vicon_pkg', 'ament_prefix_path')
[0.769s] INFO:colcon.colcon_core.shell:Creating environment hook '/home/gwcs/ros2_ws/install/vicon_pkg/share/vicon_pkg/hook/ament_prefix_path.ps1'
[0.771s] INFO:colcon.colcon_core.shell:Creating environment descriptor '/home/gwcs/ros2_ws/install/vicon_pkg/share/vicon_pkg/hook/ament_prefix_path.dsv'
[0.771s] INFO:colcon.colcon_core.shell:Creating environment hook '/home/gwcs/ros2_ws/install/vicon_pkg/share/vicon_pkg/hook/ament_prefix_path.sh'
[0.773s] INFO:colcon.colcon_core.shell:Skip shell extension 'powershell' for command environment: Not usable outside of PowerShell
[0.773s] DEBUG:colcon.colcon_core.shell:Skip shell extension 'dsv' for command environment
[0.791s] DEBUG:colcon.colcon_core.event_handler.log_command:Invoking command in '/home/gwcs/ros2_ws/build/roboclaw_serial': /usr/bin/cmake --build /home/gwcs/ros2_ws/build/roboclaw_serial -- -j6 -l6
[0.804s] DEBUG:colcon.colcon_core.event_handler.log_command:Invoking command in '/home/gwcs/ros2_ws/build/pose_to_odom': CMAKE_PREFIX_PATH=/home/gwcs/ros2_ws/install/vicon_pkg:/opt/ros/humble:${CMAKE_PREFIX_PATH} /usr/bin/cmake --build /home/gwcs/ros2_ws/build/pose_to_odom -- -j6 -l6
[1.355s] INFO:colcon.colcon_core.task.python.build:Building Python package in '/home/gwcs/ros2_ws/src/vicon_pkg'
[1.356s] INFO:colcon.colcon_core.shell:Skip shell extension 'powershell' for command environment: Not usable outside of PowerShell
[1.356s] DEBUG:colcon.colcon_core.shell:Skip shell extension 'dsv' for command environment
[1.366s] DEBUG:colcon.colcon_core.event_handler.log_command:Invoked command in '/home/gwcs/ros2_ws/build/roboclaw_serial' returned '0': /usr/bin/cmake --build /home/gwcs/ros2_ws/build/roboclaw_serial -- -j6 -l6
[1.380s] DEBUG:colcon.colcon_core.event_handler.log_command:Invoking command in '/home/gwcs/ros2_ws/build/roboclaw_serial': /usr/bin/cmake --install /home/gwcs/ros2_ws/build/roboclaw_serial
[1.394s] DEBUG:colcon.colcon_core.event_handler.log_command:Invoked command in '/home/gwcs/ros2_ws/build/roboclaw_serial' returned '0': /usr/bin/cmake --install /home/gwcs/ros2_ws/build/roboclaw_serial
[1.395s] Level 1:colcon.colcon_core.shell:create_environment_hook('roboclaw_serial', 'ros_package_path')
[1.395s] INFO:colcon.colcon_core.shell:Creating environment hook '/home/gwcs/ros2_ws/install/roboclaw_serial/share/roboclaw_serial/hook/ros_package_path.ps1'
[1.397s] INFO:colcon.colcon_core.shell:Creating environment descriptor '/home/gwcs/ros2_ws/install/roboclaw_serial/share/roboclaw_serial/hook/ros_package_path.dsv'
[1.398s] INFO:colcon.colcon_core.shell:Creating environment hook '/home/gwcs/ros2_ws/install/roboclaw_serial/share/roboclaw_serial/hook/ros_package_path.sh'
[1.399s] Level 1:colcon.colcon_core.shell:create_environment_hook('roboclaw_serial', 'pkg_config_path')
[1.400s] INFO:colcon.colcon_core.shell:Creating environment hook '/home/gwcs/ros2_ws/install/roboclaw_serial/share/roboclaw_serial/hook/pkg_config_path.ps1'
[1.401s] INFO:colcon.colcon_core.shell:Creating environment descriptor '/home/gwcs/ros2_ws/install/roboclaw_serial/share/roboclaw_serial/hook/pkg_config_path.dsv'
[1.402s] INFO:colcon.colcon_core.shell:Creating environment hook '/home/gwcs/ros2_ws/install/roboclaw_serial/share/roboclaw_serial/hook/pkg_config_path.sh'
[1.407s] Level 1:colcon.colcon_core.shell:create_environment_hook('roboclaw_serial', 'pkg_config_path_multiarch')
[1.407s] INFO:colcon.colcon_core.shell:Creating environment hook '/home/gwcs/ros2_ws/install/roboclaw_serial/share/roboclaw_serial/hook/pkg_config_path_multiarch.ps1'
[1.409s] INFO:colcon.colcon_core.shell:Creating environment descriptor '/home/gwcs/ros2_ws/install/roboclaw_serial/share/roboclaw_serial/hook/pkg_config_path_multiarch.dsv'
[1.410s] INFO:colcon.colcon_core.shell:Creating environment hook '/home/gwcs/ros2_ws/install/roboclaw_serial/share/roboclaw_serial/hook/pkg_config_path_multiarch.sh'
[1.414s] Level 1:colcon.colcon_core.environment:create_environment_scripts_only(roboclaw_serial)
[1.421s] Level 1:colcon.colcon_core.environment:checking '/home/gwcs/ros2_ws/install/roboclaw_serial' for CMake module files
[1.422s] Level 1:colcon.colcon_core.environment:checking '/home/gwcs/ros2_ws/install/roboclaw_serial' for CMake config files
[1.422s] Level 1:colcon.colcon_core.shell:create_environment_hook('roboclaw_serial', 'cmake_prefix_path')
[1.423s] INFO:colcon.colcon_core.shell:Creating environment hook '/home/gwcs/ros2_ws/install/roboclaw_serial/share/roboclaw_serial/hook/cmake_prefix_path.ps1'
[1.425s] INFO:colcon.colcon_core.shell:Creating environment descriptor '/home/gwcs/ros2_ws/install/roboclaw_serial/share/roboclaw_serial/hook/cmake_prefix_path.dsv'
[1.426s] INFO:colcon.colcon_core.shell:Creating environment hook '/home/gwcs/ros2_ws/install/roboclaw_serial/share/roboclaw_serial/hook/cmake_prefix_path.sh'
[1.427s] Level 1:colcon.colcon_core.environment:checking '/home/gwcs/ros2_ws/install/roboclaw_serial/lib'
[1.427s] Level 1:colcon.colcon_core.environment:checking '/home/gwcs/ros2_ws/install/roboclaw_serial/bin'
[1.428s] Level 1:colcon.colcon_core.environment:checking '/home/gwcs/ros2_ws/install/roboclaw_serial/lib/pkgconfig/roboclaw_serial.pc'
[1.430s] Level 1:colcon.colcon_core.environment:checking '/home/gwcs/ros2_ws/install/roboclaw_serial/lib/python3.10/site-packages'
[1.431s] Level 1:colcon.colcon_core.environment:checking '/home/gwcs/ros2_ws/install/roboclaw_serial/bin'
[1.432s] INFO:colcon.colcon_core.shell:Creating package script '/home/gwcs/ros2_ws/install/roboclaw_serial/share/roboclaw_serial/package.ps1'
[1.439s] INFO:colcon.colcon_core.shell:Creating package descriptor '/home/gwcs/ros2_ws/install/roboclaw_serial/share/roboclaw_serial/package.dsv'
[1.441s] INFO:colcon.colcon_core.shell:Creating package script '/home/gwcs/ros2_ws/install/roboclaw_serial/share/roboclaw_serial/package.sh'
[1.442s] INFO:colcon.colcon_core.shell:Creating package script '/home/gwcs/ros2_ws/install/roboclaw_serial/share/roboclaw_serial/package.bash'
[1.444s] INFO:colcon.colcon_core.shell:Creating package script '/home/gwcs/ros2_ws/install/roboclaw_serial/share/roboclaw_serial/package.zsh'
[1.445s] Level 1:colcon.colcon_core.environment:create_file_with_runtime_dependencies(/home/gwcs/ros2_ws/install/roboclaw_serial/share/colcon-core/packages/roboclaw_serial)
[1.446s] INFO:colcon.colcon_ros.task.ament_cmake.build:Building ROS package in '/home/gwcs/ros2_ws/src/roboclaw_hardware_interface' with build type 'ament_cmake'
[1.446s] INFO:colcon.colcon_cmake.task.cmake.build:Building CMake package in '/home/gwcs/ros2_ws/src/roboclaw_hardware_interface'
[1.447s] INFO:colcon.colcon_core.shell:Skip shell extension 'powershell' for command environment: Not usable outside of PowerShell
[1.448s] DEBUG:colcon.colcon_core.shell:Skip shell extension 'dsv' for command environment
[1.470s] DEBUG:colcon.colcon_core.event_handler.log_command:Invoking command in '/home/gwcs/ros2_ws/build/roboclaw_hardware_interface': CMAKE_PREFIX_PATH=/home/gwcs/ros2_ws/install/vicon_pkg:/opt/ros/humble:${CMAKE_PREFIX_PATH} /usr/bin/cmake --build /home/gwcs/ros2_ws/build/roboclaw_hardware_interface -- -j6 -l6
[1.561s] DEBUG:colcon.colcon_core.event_handler.log_command:Invoked command in '/home/gwcs/ros2_ws/build/roboclaw_hardware_interface' returned '0': CMAKE_PREFIX_PATH=/home/gwcs/ros2_ws/install/vicon_pkg:/opt/ros/humble:${CMAKE_PREFIX_PATH} /usr/bin/cmake --build /home/gwcs/ros2_ws/build/roboclaw_hardware_interface -- -j6 -l6
[1.568s] DEBUG:colcon.colcon_core.event_handler.log_command:Invoking command in '/home/gwcs/ros2_ws/build/roboclaw_hardware_interface': CMAKE_PREFIX_PATH=/home/gwcs/ros2_ws/install/vicon_pkg:/opt/ros/humble:${CMAKE_PREFIX_PATH} /usr/bin/cmake --install /home/gwcs/ros2_ws/build/roboclaw_hardware_interface
[1.584s] Level 1:colcon.colcon_core.environment:create_environment_scripts_only(roboclaw_hardware_interface)
[1.585s] Level 1:colcon.colcon_core.environment:checking '/home/gwcs/ros2_ws/install/roboclaw_hardware_interface' for CMake module files
[1.586s] Level 1:colcon.colcon_core.environment:checking '/home/gwcs/ros2_ws/install/roboclaw_hardware_interface' for CMake config files
[1.586s] Level 1:colcon.colcon_core.shell:create_environment_hook('roboclaw_hardware_interface', 'cmake_prefix_path')
[1.587s] INFO:colcon.colcon_core.shell:Creating environment hook '/home/gwcs/ros2_ws/install/roboclaw_hardware_interface/share/roboclaw_hardware_interface/hook/cmake_prefix_path.ps1'
[1.588s] INFO:colcon.colcon_core.shell:Creating environment descriptor '/home/gwcs/ros2_ws/install/roboclaw_hardware_interface/share/roboclaw_hardware_interface/hook/cmake_prefix_path.dsv'
[1.589s] INFO:colcon.colcon_core.shell:Creating environment hook '/home/gwcs/ros2_ws/install/roboclaw_hardware_interface/share/roboclaw_hardware_interface/hook/cmake_prefix_path.sh'
[1.590s] Level 1:colcon.colcon_core.environment:checking '/home/gwcs/ros2_ws/install/roboclaw_hardware_interface/lib'
[1.590s] Level 1:colcon.colcon_core.shell:create_environment_hook('roboclaw_hardware_interface', 'ld_library_path_lib')
[1.591s] INFO:colcon.colcon_core.shell:Creating environment hook '/home/gwcs/ros2_ws/install/roboclaw_hardware_interface/share/roboclaw_hardware_interface/hook/ld_library_path_lib.ps1'
[1.592s] INFO:colcon.colcon_core.shell:Creating environment descriptor '/home/gwcs/ros2_ws/install/roboclaw_hardware_interface/share/roboclaw_hardware_interface/hook/ld_library_path_lib.dsv'
[1.593s] DEBUG:colcon.colcon_core.event_handler.log_command:Invoked command in '/home/gwcs/ros2_ws/build/roboclaw_hardware_interface' returned '0': CMAKE_PREFIX_PATH=/home/gwcs/ros2_ws/install/vicon_pkg:/opt/ros/humble:${CMAKE_PREFIX_PATH} /usr/bin/cmake --install /home/gwcs/ros2_ws/build/roboclaw_hardware_interface
[1.594s] INFO:colcon.colcon_core.shell:Creating environment hook '/home/gwcs/ros2_ws/install/roboclaw_hardware_interface/share/roboclaw_hardware_interface/hook/ld_library_path_lib.sh'
[1.594s] Level 1:colcon.colcon_core.environment:checking '/home/gwcs/ros2_ws/install/roboclaw_hardware_interface/bin'
[1.595s] Level 1:colcon.colcon_core.environment:checking '/home/gwcs/ros2_ws/install/roboclaw_hardware_interface/lib/pkgconfig/roboclaw_hardware_interface.pc'
[1.595s] Level 1:colcon.colcon_core.environment:checking '/home/gwcs/ros2_ws/install/roboclaw_hardware_interface/lib/python3.10/site-packages'
[1.596s] Level 1:colcon.colcon_core.environment:checking '/home/gwcs/ros2_ws/install/roboclaw_hardware_interface/bin'
[1.596s] INFO:colcon.colcon_core.shell:Creating package script '/home/gwcs/ros2_ws/install/roboclaw_hardware_interface/share/roboclaw_hardware_interface/package.ps1'
[1.598s] INFO:colcon.colcon_core.shell:Creating package descriptor '/home/gwcs/ros2_ws/install/roboclaw_hardware_interface/share/roboclaw_hardware_interface/package.dsv'
[1.599s] INFO:colcon.colcon_core.shell:Creating package script '/home/gwcs/ros2_ws/install/roboclaw_hardware_interface/share/roboclaw_hardware_interface/package.sh'
[1.600s] INFO:colcon.colcon_core.shell:Creating package script '/home/gwcs/ros2_ws/install/roboclaw_hardware_interface/share/roboclaw_hardware_interface/package.bash'
[1.601s] INFO:colcon.colcon_core.shell:Creating package script '/home/gwcs/ros2_ws/install/roboclaw_hardware_interface/share/roboclaw_hardware_interface/package.zsh'
[1.601s] Level 1:colcon.colcon_core.environment:create_file_with_runtime_dependencies(/home/gwcs/ros2_ws/install/roboclaw_hardware_interface/share/colcon-core/packages/roboclaw_hardware_interface)
[1.604s] Level 1:colcon.colcon_core.environment:create_environment_scripts_only(roboclaw_hardware_interface)
[1.604s] Level 1:colcon.colcon_core.environment:checking '/home/gwcs/ros2_ws/install/roboclaw_hardware_interface' for CMake module files
[1.605s] Level 1:colcon.colcon_core.environment:checking '/home/gwcs/ros2_ws/install/roboclaw_hardware_interface' for CMake config files
[1.605s] Level 1:colcon.colcon_core.shell:create_environment_hook('roboclaw_hardware_interface', 'cmake_prefix_path')
[1.606s] INFO:colcon.colcon_core.shell:Creating environment hook '/home/gwcs/ros2_ws/install/roboclaw_hardware_interface/share/roboclaw_hardware_interface/hook/cmake_prefix_path.ps1'
[1.607s] INFO:colcon.colcon_core.shell:Creating environment descriptor '/home/gwcs/ros2_ws/install/roboclaw_hardware_interface/share/roboclaw_hardware_interface/hook/cmake_prefix_path.dsv'
[1.607s] INFO:colcon.colcon_core.shell:Creating environment hook '/home/gwcs/ros2_ws/install/roboclaw_hardware_interface/share/roboclaw_hardware_interface/hook/cmake_prefix_path.sh'
[1.609s] Level 1:colcon.colcon_core.environment:checking '/home/gwcs/ros2_ws/install/roboclaw_hardware_interface/lib'
[1.609s] Level 1:colcon.colcon_core.shell:create_environment_hook('roboclaw_hardware_interface', 'ld_library_path_lib')
[1.609s] INFO:colcon.colcon_core.shell:Creating environment hook '/home/gwcs/ros2_ws/install/roboclaw_hardware_interface/share/roboclaw_hardware_interface/hook/ld_library_path_lib.ps1'
[1.610s] INFO:colcon.colcon_core.shell:Creating environment descriptor '/home/gwcs/ros2_ws/install/roboclaw_hardware_interface/share/roboclaw_hardware_interface/hook/ld_library_path_lib.dsv'
[1.611s] INFO:colcon.colcon_core.shell:Creating environment hook '/home/gwcs/ros2_ws/install/roboclaw_hardware_interface/share/roboclaw_hardware_interface/hook/ld_library_path_lib.sh'
[1.612s] Level 1:colcon.colcon_core.environment:checking '/home/gwcs/ros2_ws/install/roboclaw_hardware_interface/bin'
[1.612s] Level 1:colcon.colcon_core.environment:checking '/home/gwcs/ros2_ws/install/roboclaw_hardware_interface/lib/pkgconfig/roboclaw_hardware_interface.pc'
[1.612s] Level 1:colcon.colcon_core.environment:checking '/home/gwcs/ros2_ws/install/roboclaw_hardware_interface/lib/python3.10/site-packages'
[1.613s] Level 1:colcon.colcon_core.environment:checking '/home/gwcs/ros2_ws/install/roboclaw_hardware_interface/bin'
[1.614s] INFO:colcon.colcon_core.shell:Creating package script '/home/gwcs/ros2_ws/install/roboclaw_hardware_interface/share/roboclaw_hardware_interface/package.ps1'
[1.615s] INFO:colcon.colcon_core.shell:Creating package descriptor '/home/gwcs/ros2_ws/install/roboclaw_hardware_interface/share/roboclaw_hardware_interface/package.dsv'
[1.616s] INFO:colcon.colcon_core.shell:Creating package script '/home/gwcs/ros2_ws/install/roboclaw_hardware_interface/share/roboclaw_hardware_interface/package.sh'
[1.618s] INFO:colcon.colcon_core.shell:Creating package script '/home/gwcs/ros2_ws/install/roboclaw_hardware_interface/share/roboclaw_hardware_interface/package.bash'
[1.619s] INFO:colcon.colcon_core.shell:Creating package script '/home/gwcs/ros2_ws/install/roboclaw_hardware_interface/share/roboclaw_hardware_interface/package.zsh'
[1.620s] Level 1:colcon.colcon_core.environment:create_file_with_runtime_dependencies(/home/gwcs/ros2_ws/install/roboclaw_hardware_interface/share/colcon-core/packages/roboclaw_hardware_interface)
[1.622s] INFO:colcon.colcon_ros.task.ament_cmake.build:Building ROS package in '/home/gwcs/ros2_ws/src/dumbot_bringup' with build type 'ament_cmake'
[1.623s] INFO:colcon.colcon_cmake.task.cmake.build:Building CMake package in '/home/gwcs/ros2_ws/src/dumbot_bringup'
[1.623s] INFO:colcon.colcon_core.shell:Skip shell extension 'powershell' for command environment: Not usable outside of PowerShell
[1.623s] DEBUG:colcon.colcon_core.shell:Skip shell extension 'dsv' for command environment
[1.652s] DEBUG:colcon.colcon_core.event_handler.log_command:Invoking command in '/home/gwcs/ros2_ws/build/dumbot_bringup': CMAKE_PREFIX_PATH=/home/gwcs/ros2_ws/install/roboclaw_hardware_interface:/home/gwcs/ros2_ws/install/vicon_pkg:/opt/ros/humble:/home/gwcs/ros2_ws/install/roboclaw_serial:/home/gwcs/ros2_ws/install/dumbot_bringup LD_LIBRARY_PATH=/home/gwcs/ros2_ws/install/roboclaw_hardware_interface/lib:/opt/ros/humble/opt/rviz_ogre_vendor/lib:/opt/ros/humble/lib/aarch64-linux-gnu:/opt/ros/humble/lib:/usr/local/cuda-12.6/lib64 /usr/bin/cmake --build /home/gwcs/ros2_ws/build/dumbot_bringup -- -j6 -l6
[1.698s] DEBUG:colcon.colcon_core.event_handler.log_command:Invoked command in '/home/gwcs/ros2_ws/build/dumbot_bringup' returned '0': CMAKE_PREFIX_PATH=/home/gwcs/ros2_ws/install/roboclaw_hardware_interface:/home/gwcs/ros2_ws/install/vicon_pkg:/opt/ros/humble:/home/gwcs/ros2_ws/install/roboclaw_serial:/home/gwcs/ros2_ws/install/dumbot_bringup LD_LIBRARY_PATH=/home/gwcs/ros2_ws/install/roboclaw_hardware_interface/lib:/opt/ros/humble/opt/rviz_ogre_vendor/lib:/opt/ros/humble/lib/aarch64-linux-gnu:/opt/ros/humble/lib:/usr/local/cuda-12.6/lib64 /usr/bin/cmake --build /home/gwcs/ros2_ws/build/dumbot_bringup -- -j6 -l6
[1.699s] DEBUG:colcon.colcon_core.event_handler.log_command:Invoking command in '/home/gwcs/ros2_ws/build/dumbot_bringup': CMAKE_PREFIX_PATH=/home/gwcs/ros2_ws/install/roboclaw_hardware_interface:/home/gwcs/ros2_ws/install/vicon_pkg:/opt/ros/humble:/home/gwcs/ros2_ws/install/roboclaw_serial:/home/gwcs/ros2_ws/install/dumbot_bringup LD_LIBRARY_PATH=/home/gwcs/ros2_ws/install/roboclaw_hardware_interface/lib:/opt/ros/humble/opt/rviz_ogre_vendor/lib:/opt/ros/humble/lib/aarch64-linux-gnu:/opt/ros/humble/lib:/usr/local/cuda-12.6/lib64 /usr/bin/cmake --install /home/gwcs/ros2_ws/build/dumbot_bringup
[1.712s] Level 1:colcon.colcon_core.environment:create_environment_scripts_only(dumbot_bringup)
[1.713s] Level 1:colcon.colcon_core.environment:checking '/home/gwcs/ros2_ws/install/dumbot_bringup' for CMake module files
[1.714s] DEBUG:colcon.colcon_core.event_handler.log_command:Invoked command in '/home/gwcs/ros2_ws/build/dumbot_bringup' returned '0': CMAKE_PREFIX_PATH=/home/gwcs/ros2_ws/install/roboclaw_hardware_interface:/home/gwcs/ros2_ws/install/vicon_pkg:/opt/ros/humble:/home/gwcs/ros2_ws/install/roboclaw_serial:/home/gwcs/ros2_ws/install/dumbot_bringup LD_LIBRARY_PATH=/home/gwcs/ros2_ws/install/roboclaw_hardware_interface/lib:/opt/ros/humble/opt/rviz_ogre_vendor/lib:/opt/ros/humble/lib/aarch64-linux-gnu:/opt/ros/humble/lib:/usr/local/cuda-12.6/lib64 /usr/bin/cmake --install /home/gwcs/ros2_ws/build/dumbot_bringup
[1.715s] Level 1:colcon.colcon_core.environment:checking '/home/gwcs/ros2_ws/install/dumbot_bringup' for CMake config files
[1.716s] Level 1:colcon.colcon_core.shell:create_environment_hook('dumbot_bringup', 'cmake_prefix_path')
[1.717s] INFO:colcon.colcon_core.shell:Creating environment hook '/home/gwcs/ros2_ws/install/dumbot_bringup/share/dumbot_bringup/hook/cmake_prefix_path.ps1'
[1.719s] INFO:colcon.colcon_core.shell:Creating environment descriptor '/home/gwcs/ros2_ws/install/dumbot_bringup/share/dumbot_bringup/hook/cmake_prefix_path.dsv'
[1.721s] INFO:colcon.colcon_core.shell:Creating environment hook '/home/gwcs/ros2_ws/install/dumbot_bringup/share/dumbot_bringup/hook/cmake_prefix_path.sh'
[1.723s] Level 1:colcon.colcon_core.environment:checking '/home/gwcs/ros2_ws/install/dumbot_bringup/bin'
[1.723s] Level 1:colcon.colcon_core.environment:checking '/home/gwcs/ros2_ws/install/dumbot_bringup/lib/pkgconfig/dumbot_bringup.pc'
[1.724s] Level 1:colcon.colcon_core.environment:checking '/home/gwcs/ros2_ws/install/dumbot_bringup/lib/python3.10/site-packages'
[1.725s] Level 1:colcon.colcon_core.environment:checking '/home/gwcs/ros2_ws/install/dumbot_bringup/bin'
[1.726s] INFO:colcon.colcon_core.shell:Creating package script '/home/gwcs/ros2_ws/install/dumbot_bringup/share/dumbot_bringup/package.ps1'
[1.728s] INFO:colcon.colcon_core.shell:Creating package descriptor '/home/gwcs/ros2_ws/install/dumbot_bringup/share/dumbot_bringup/package.dsv'
[1.729s] INFO:colcon.colcon_core.shell:Creating package script '/home/gwcs/ros2_ws/install/dumbot_bringup/share/dumbot_bringup/package.sh'
[1.730s] INFO:colcon.colcon_core.shell:Creating package script '/home/gwcs/ros2_ws/install/dumbot_bringup/share/dumbot_bringup/package.bash'
[1.731s] INFO:colcon.colcon_core.shell:Creating package script '/home/gwcs/ros2_ws/install/dumbot_bringup/share/dumbot_bringup/package.zsh'
[1.732s] Level 1:colcon.colcon_core.environment:create_file_with_runtime_dependencies(/home/gwcs/ros2_ws/install/dumbot_bringup/share/colcon-core/packages/dumbot_bringup)
[1.734s] Level 1:colcon.colcon_core.environment:create_environment_scripts_only(dumbot_bringup)
[1.735s] Level 1:colcon.colcon_core.environment:checking '/home/gwcs/ros2_ws/install/dumbot_bringup' for CMake module files
[1.736s] Level 1:colcon.colcon_core.environment:checking '/home/gwcs/ros2_ws/install/dumbot_bringup' for CMake config files
[1.737s] Level 1:colcon.colcon_core.shell:create_environment_hook('dumbot_bringup', 'cmake_prefix_path')
[1.738s] INFO:colcon.colcon_core.shell:Creating environment hook '/home/gwcs/ros2_ws/install/dumbot_bringup/share/dumbot_bringup/hook/cmake_prefix_path.ps1'
[1.739s] INFO:colcon.colcon_core.shell:Creating environment descriptor '/home/gwcs/ros2_ws/install/dumbot_bringup/share/dumbot_bringup/hook/cmake_prefix_path.dsv'
[1.740s] INFO:colcon.colcon_core.shell:Creating environment hook '/home/gwcs/ros2_ws/install/dumbot_bringup/share/dumbot_bringup/hook/cmake_prefix_path.sh'
[1.742s] Level 1:colcon.colcon_core.environment:checking '/home/gwcs/ros2_ws/install/dumbot_bringup/bin'
[1.742s] Level 1:colcon.colcon_core.environment:checking '/home/gwcs/ros2_ws/install/dumbot_bringup/lib/pkgconfig/dumbot_bringup.pc'
[1.743s] Level 1:colcon.colcon_core.environment:checking '/home/gwcs/ros2_ws/install/dumbot_bringup/lib/python3.10/site-packages'
[1.744s] Level 1:colcon.colcon_core.environment:checking '/home/gwcs/ros2_ws/install/dumbot_bringup/bin'
[1.745s] INFO:colcon.colcon_core.shell:Creating package script '/home/gwcs/ros2_ws/install/dumbot_bringup/share/dumbot_bringup/package.ps1'
[1.747s] INFO:colcon.colcon_core.shell:Creating package descriptor '/home/gwcs/ros2_ws/install/dumbot_bringup/share/dumbot_bringup/package.dsv'
[1.748s] INFO:colcon.colcon_core.shell:Creating package script '/home/gwcs/ros2_ws/install/dumbot_bringup/share/dumbot_bringup/package.sh'
[1.749s] INFO:colcon.colcon_core.shell:Creating package script '/home/gwcs/ros2_ws/install/dumbot_bringup/share/dumbot_bringup/package.bash'
[1.750s] INFO:colcon.colcon_core.shell:Creating package script '/home/gwcs/ros2_ws/install/dumbot_bringup/share/dumbot_bringup/package.zsh'
[1.752s] Level 1:colcon.colcon_core.environment:create_file_with_runtime_dependencies(/home/gwcs/ros2_ws/install/dumbot_bringup/share/colcon-core/packages/dumbot_bringup)
[2.164s] DEBUG:colcon.colcon_core.event_handler.log_command:Invoking command in '/home/gwcs/ros2_ws/src/vicon_pkg': PYTHONPATH=/home/gwcs/ros2_ws/build/vicon_pkg/prefix_override:/usr/lib/python3/dist-packages/colcon_core/task/python/colcon_distutils_commands:/home/gwcs/ros2_ws/install/vicon_pkg/lib/python3.10/site-packages:${PYTHONPATH} /usr/bin/python3 -W ignore:setup.py install is deprecated -W ignore:easy_install command is deprecated setup.py egg_info --egg-base ../../build/vicon_pkg build --build-base /home/gwcs/ros2_ws/build/vicon_pkg/build install --record /home/gwcs/ros2_ws/build/vicon_pkg/install.log --single-version-externally-managed install_data
[2.772s] Level 1:colcon.colcon_core.environment:checking '/home/gwcs/ros2_ws/install/vicon_pkg' for CMake module files
[2.773s] DEBUG:colcon.colcon_core.event_handler.log_command:Invoked command in '/home/gwcs/ros2_ws/src/vicon_pkg' returned '0': PYTHONPATH=/home/gwcs/ros2_ws/build/vicon_pkg/prefix_override:/usr/lib/python3/dist-packages/colcon_core/task/python/colcon_distutils_commands:/home/gwcs/ros2_ws/install/vicon_pkg/lib/python3.10/site-packages:${PYTHONPATH} /usr/bin/python3 -W ignore:setup.py install is deprecated -W ignore:easy_install command is deprecated setup.py egg_info --egg-base ../../build/vicon_pkg build --build-base /home/gwcs/ros2_ws/build/vicon_pkg/build install --record /home/gwcs/ros2_ws/build/vicon_pkg/install.log --single-version-externally-managed install_data
[2.774s] Level 1:colcon.colcon_core.environment:checking '/home/gwcs/ros2_ws/install/vicon_pkg' for CMake config files
[2.776s] Level 1:colcon.colcon_core.environment:checking '/home/gwcs/ros2_ws/install/vicon_pkg/lib'
[2.777s] Level 1:colcon.colcon_core.environment:checking '/home/gwcs/ros2_ws/install/vicon_pkg/bin'
[2.777s] Level 1:colcon.colcon_core.environment:checking '/home/gwcs/ros2_ws/install/vicon_pkg/lib/pkgconfig/vicon_pkg.pc'
[2.778s] Level 1:colcon.colcon_core.environment:checking '/home/gwcs/ros2_ws/install/vicon_pkg/lib/python3.10/site-packages'
[2.778s] Level 1:colcon.colcon_core.shell:create_environment_hook('vicon_pkg', 'pythonpath')
[2.779s] INFO:colcon.colcon_core.shell:Creating environment hook '/home/gwcs/ros2_ws/install/vicon_pkg/share/vicon_pkg/hook/pythonpath.ps1'
[2.781s] INFO:colcon.colcon_core.shell:Creating environment descriptor '/home/gwcs/ros2_ws/install/vicon_pkg/share/vicon_pkg/hook/pythonpath.dsv'
[2.782s] INFO:colcon.colcon_core.shell:Creating environment hook '/home/gwcs/ros2_ws/install/vicon_pkg/share/vicon_pkg/hook/pythonpath.sh'
[2.783s] Level 1:colcon.colcon_core.environment:checking '/home/gwcs/ros2_ws/install/vicon_pkg/bin'
[2.784s] Level 1:colcon.colcon_core.environment:create_environment_scripts_only(vicon_pkg)
[2.785s] INFO:colcon.colcon_core.shell:Creating package script '/home/gwcs/ros2_ws/install/vicon_pkg/share/vicon_pkg/package.ps1'
[2.787s] INFO:colcon.colcon_core.shell:Creating package descriptor '/home/gwcs/ros2_ws/install/vicon_pkg/share/vicon_pkg/package.dsv'
[2.788s] INFO:colcon.colcon_core.shell:Creating package script '/home/gwcs/ros2_ws/install/vicon_pkg/share/vicon_pkg/package.sh'
[2.789s] INFO:colcon.colcon_core.shell:Creating package script '/home/gwcs/ros2_ws/install/vicon_pkg/share/vicon_pkg/package.bash'
[2.791s] INFO:colcon.colcon_core.shell:Creating package script '/home/gwcs/ros2_ws/install/vicon_pkg/share/vicon_pkg/package.zsh'
[2.792s] Level 1:colcon.colcon_core.environment:create_file_with_runtime_dependencies(/home/gwcs/ros2_ws/install/vicon_pkg/share/colcon-core/packages/vicon_pkg)
[19.355s] DEBUG:colcon.colcon_core.event_handler.log_command:Invoked command in '/home/gwcs/ros2_ws/build/pose_to_odom' returned '0': CMAKE_PREFIX_PATH=/home/gwcs/ros2_ws/install/vicon_pkg:/opt/ros/humble:${CMAKE_PREFIX_PATH} /usr/bin/cmake --build /home/gwcs/ros2_ws/build/pose_to_odom -- -j6 -l6
[19.363s] DEBUG:colcon.colcon_core.event_handler.log_command:Invoking command in '/home/gwcs/ros2_ws/build/pose_to_odom': CMAKE_PREFIX_PATH=/home/gwcs/ros2_ws/install/vicon_pkg:/opt/ros/humble:${CMAKE_PREFIX_PATH} /usr/bin/cmake --install /home/gwcs/ros2_ws/build/pose_to_odom
[19.386s] Level 1:colcon.colcon_core.environment:create_environment_scripts_only(pose_to_odom)
[19.387s] Level 1:colcon.colcon_core.environment:checking '/home/gwcs/ros2_ws/install/pose_to_odom' for CMake module files
[19.389s] Level 1:colcon.colcon_core.environment:checking '/home/gwcs/ros2_ws/install/pose_to_odom' for CMake config files
[19.389s] DEBUG:colcon.colcon_core.event_handler.log_command:Invoked command in '/home/gwcs/ros2_ws/build/pose_to_odom' returned '0': CMAKE_PREFIX_PATH=/home/gwcs/ros2_ws/install/vicon_pkg:/opt/ros/humble:${CMAKE_PREFIX_PATH} /usr/bin/cmake --install /home/gwcs/ros2_ws/build/pose_to_odom
[19.391s] Level 1:colcon.colcon_core.shell:create_environment_hook('pose_to_odom', 'cmake_prefix_path')
[19.391s] INFO:colcon.colcon_core.shell:Creating environment hook '/home/gwcs/ros2_ws/install/pose_to_odom/share/pose_to_odom/hook/cmake_prefix_path.ps1'
[19.394s] INFO:colcon.colcon_core.shell:Creating environment descriptor '/home/gwcs/ros2_ws/install/pose_to_odom/share/pose_to_odom/hook/cmake_prefix_path.dsv'
[19.395s] INFO:colcon.colcon_core.shell:Creating environment hook '/home/gwcs/ros2_ws/install/pose_to_odom/share/pose_to_odom/hook/cmake_prefix_path.sh'
[19.398s] Level 1:colcon.colcon_core.environment:checking '/home/gwcs/ros2_ws/install/pose_to_odom/lib'
[19.398s] Level 1:colcon.colcon_core.environment:checking '/home/gwcs/ros2_ws/install/pose_to_odom/bin'
[19.398s] Level 1:colcon.colcon_core.environment:checking '/home/gwcs/ros2_ws/install/pose_to_odom/lib/pkgconfig/pose_to_odom.pc'
[19.400s] Level 1:colcon.colcon_core.environment:checking '/home/gwcs/ros2_ws/install/pose_to_odom/lib/python3.10/site-packages'
[19.401s] Level 1:colcon.colcon_core.environment:checking '/home/gwcs/ros2_ws/install/pose_to_odom/bin'
[19.402s] INFO:colcon.colcon_core.shell:Creating package script '/home/gwcs/ros2_ws/install/pose_to_odom/share/pose_to_odom/package.ps1'
[19.405s] INFO:colcon.colcon_core.shell:Creating package descriptor '/home/gwcs/ros2_ws/install/pose_to_odom/share/pose_to_odom/package.dsv'
[19.406s] INFO:colcon.colcon_core.shell:Creating package script '/home/gwcs/ros2_ws/install/pose_to_odom/share/pose_to_odom/package.sh'
[19.408s] INFO:colcon.colcon_core.shell:Creating package script '/home/gwcs/ros2_ws/install/pose_to_odom/share/pose_to_odom/package.bash'
[19.409s] INFO:colcon.colcon_core.shell:Creating package script '/home/gwcs/ros2_ws/install/pose_to_odom/share/pose_to_odom/package.zsh'
[19.411s] Level 1:colcon.colcon_core.environment:create_file_with_runtime_dependencies(/home/gwcs/ros2_ws/install/pose_to_odom/share/colcon-core/packages/pose_to_odom)
[19.415s] Level 1:colcon.colcon_core.environment:create_environment_scripts_only(pose_to_odom)
[19.415s] Level 1:colcon.colcon_core.environment:checking '/home/gwcs/ros2_ws/install/pose_to_odom' for CMake module files
[19.417s] Level 1:colcon.colcon_core.environment:checking '/home/gwcs/ros2_ws/install/pose_to_odom' for CMake config files
[19.418s] Level 1:colcon.colcon_core.shell:create_environment_hook('pose_to_odom', 'cmake_prefix_path')
[19.419s] INFO:colcon.colcon_core.shell:Creating environment hook '/home/gwcs/ros2_ws/install/pose_to_odom/share/pose_to_odom/hook/cmake_prefix_path.ps1'
[19.420s] INFO:colcon.colcon_core.shell:Creating environment descriptor '/home/gwcs/ros2_ws/install/pose_to_odom/share/pose_to_odom/hook/cmake_prefix_path.dsv'
[19.422s] INFO:colcon.colcon_core.shell:Creating environment hook '/home/gwcs/ros2_ws/install/pose_to_odom/share/pose_to_odom/hook/cmake_prefix_path.sh'
[19.424s] Level 1:colcon.colcon_core.environment:checking '/home/gwcs/ros2_ws/install/pose_to_odom/lib'
[19.424s] Level 1:colcon.colcon_core.environment:checking '/home/gwcs/ros2_ws/install/pose_to_odom/bin'
[19.424s] Level 1:colcon.colcon_core.environment:checking '/home/gwcs/ros2_ws/install/pose_to_odom/lib/pkgconfig/pose_to_odom.pc'
[19.425s] Level 1:colcon.colcon_core.environment:checking '/home/gwcs/ros2_ws/install/pose_to_odom/lib/python3.10/site-packages'
[19.427s] Level 1:colcon.colcon_core.environment:checking '/home/gwcs/ros2_ws/install/pose_to_odom/bin'
[19.428s] INFO:colcon.colcon_core.shell:Creating package script '/home/gwcs/ros2_ws/install/pose_to_odom/share/pose_to_odom/package.ps1'
[19.430s] INFO:colcon.colcon_core.shell:Creating package descriptor '/home/gwcs/ros2_ws/install/pose_to_odom/share/pose_to_odom/package.dsv'
[19.432s] INFO:colcon.colcon_core.shell:Creating package script '/home/gwcs/ros2_ws/install/pose_to_odom/share/pose_to_odom/package.sh'
[19.434s] INFO:colcon.colcon_core.shell:Creating package script '/home/gwcs/ros2_ws/install/pose_to_odom/share/pose_to_odom/package.bash'
[19.435s] INFO:colcon.colcon_core.shell:Creating package script '/home/gwcs/ros2_ws/install/pose_to_odom/share/pose_to_odom/package.zsh'
[19.437s] Level 1:colcon.colcon_core.environment:create_file_with_runtime_dependencies(/home/gwcs/ros2_ws/install/pose_to_odom/share/colcon-core/packages/pose_to_odom)
[19.438s] DEBUG:colcon.colcon_parallel_executor.executor.parallel:closing loop
[19.439s] DEBUG:colcon.colcon_parallel_executor.executor.parallel:loop closed
[19.439s] DEBUG:colcon.colcon_parallel_executor.executor.parallel:run_until_complete finished with '0'
[19.439s] DEBUG:colcon.colcon_core.event_reactor:joining thread
[19.460s] INFO:colcon.colcon_core.plugin_system:Skipping extension 'colcon_notification.desktop_notification.terminal_notifier': Not used on non-Darwin systems
[19.460s] INFO:colcon.colcon_core.plugin_system:Skipping extension 'colcon_notification.desktop_notification.win32': Not used on non-Windows systems
[19.460s] INFO:colcon.colcon_notification.desktop_notification:Sending desktop notification using 'notify2'
[19.505s] DEBUG:colcon.colcon_core.event_reactor:joined thread
[19.507s] INFO:colcon.colcon_core.shell:Creating prefix script '/home/gwcs/ros2_ws/install/local_setup.ps1'
[19.513s] INFO:colcon.colcon_core.shell:Creating prefix util module '/home/gwcs/ros2_ws/install/_local_setup_util_ps1.py'
[19.519s] INFO:colcon.colcon_core.shell:Creating prefix chain script '/home/gwcs/ros2_ws/install/setup.ps1'
[19.523s] INFO:colcon.colcon_core.shell:Creating prefix script '/home/gwcs/ros2_ws/install/local_setup.sh'
[19.525s] INFO:colcon.colcon_core.shell:Creating prefix util module '/home/gwcs/ros2_ws/install/_local_setup_util_sh.py'
[19.528s] INFO:colcon.colcon_core.shell:Creating prefix chain script '/home/gwcs/ros2_ws/install/setup.sh'
[19.532s] INFO:colcon.colcon_core.shell:Creating prefix script '/home/gwcs/ros2_ws/install/local_setup.bash'
[19.534s] INFO:colcon.colcon_core.shell:Creating prefix chain script '/home/gwcs/ros2_ws/install/setup.bash'
[19.538s] INFO:colcon.colcon_core.shell:Creating prefix script '/home/gwcs/ros2_ws/install/local_setup.zsh'
[19.540s] INFO:colcon.colcon_core.shell:Creating prefix chain script '/home/gwcs/ros2_ws/install/setup.zsh'
