[100%] Built target roboclaw_hardware_interface
-- Install configuration: ""
-- Up-to-date: /home/gwcs/ros2_ws/install/roboclaw_hardware_interface/share/roboclaw_hardware_interface/roboclaw_hardware_interface.xml
-- Up-to-date: /home/gwcs/ros2_ws/install/roboclaw_hardware_interface/lib/libroboclaw_hardware_interface.so
-- Up-to-date: /home/gwcs/ros2_ws/install/roboclaw_hardware_interface/share/roboclaw_hardware_interface/roboclaw_hardware_interface.xml
-- Up-to-date: /home/gwcs/ros2_ws/install/roboclaw_hardware_interface/share/ament_index/resource_index/package_run_dependencies/roboclaw_hardware_interface
-- Up-to-date: /home/gwcs/ros2_ws/install/roboclaw_hardware_interface/share/ament_index/resource_index/parent_prefix_path/roboclaw_hardware_interface
-- Up-to-date: /home/gwcs/ros2_ws/install/roboclaw_hardware_interface/share/roboclaw_hardware_interface/environment/ament_prefix_path.sh
-- Up-to-date: /home/gwcs/ros2_ws/install/roboclaw_hardware_interface/share/roboclaw_hardware_interface/environment/ament_prefix_path.dsv
-- Up-to-date: /home/gwcs/ros2_ws/install/roboclaw_hardware_interface/share/roboclaw_hardware_interface/environment/path.sh
-- Up-to-date: /home/gwcs/ros2_ws/install/roboclaw_hardware_interface/share/roboclaw_hardware_interface/environment/path.dsv
-- Up-to-date: /home/gwcs/ros2_ws/install/roboclaw_hardware_interface/share/roboclaw_hardware_interface/local_setup.bash
-- Up-to-date: /home/gwcs/ros2_ws/install/roboclaw_hardware_interface/share/roboclaw_hardware_interface/local_setup.sh
-- Up-to-date: /home/gwcs/ros2_ws/install/roboclaw_hardware_interface/share/roboclaw_hardware_interface/local_setup.zsh
-- Up-to-date: /home/gwcs/ros2_ws/install/roboclaw_hardware_interface/share/roboclaw_hardware_interface/local_setup.dsv
-- Installing: /home/gwcs/ros2_ws/install/roboclaw_hardware_interface/share/roboclaw_hardware_interface/package.dsv
-- Up-to-date: /home/gwcs/ros2_ws/install/roboclaw_hardware_interface/share/ament_index/resource_index/packages/roboclaw_hardware_interface
-- Up-to-date: /home/gwcs/ros2_ws/install/roboclaw_hardware_interface/share/ament_index/resource_index/hardware_interface__pluginlib__plugin/roboclaw_hardware_interface
-- Up-to-date: /home/gwcs/ros2_ws/install/roboclaw_hardware_interface/share/roboclaw_hardware_interface/cmake/roboclaw_hardware_interfaceConfig.cmake
-- Up-to-date: /home/gwcs/ros2_ws/install/roboclaw_hardware_interface/share/roboclaw_hardware_interface/cmake/roboclaw_hardware_interfaceConfig-version.cmake
-- Up-to-date: /home/gwcs/ros2_ws/install/roboclaw_hardware_interface/share/roboclaw_hardware_interface/package.xml
