[0.024s] Invoking command in '/home/gwcs/ros2_ws/build/roboclaw_hardware_interface': CMAKE_PREFIX_PATH=/home/gwcs/ros2_ws/install/vicon_pkg:/opt/ros/humble:${CMAKE_PREFIX_PATH} /usr/bin/cmake --build /home/gwcs/ros2_ws/build/roboclaw_hardware_interface -- -j6 -l6
[0.170s] [100%] Built target roboclaw_hardware_interface
[0.191s] Invoked command in '/home/gwcs/ros2_ws/build/roboclaw_hardware_interface' returned '0': CMAKE_PREFIX_PATH=/home/gwcs/ros2_ws/install/vicon_pkg:/opt/ros/humble:${CMAKE_PREFIX_PATH} /usr/bin/cmake --build /home/gwcs/ros2_ws/build/roboclaw_hardware_interface -- -j6 -l6
[0.192s] Invoking command in '/home/gwcs/ros2_ws/build/roboclaw_hardware_interface': CMAKE_PREFIX_PATH=/home/gwcs/ros2_ws/install/vicon_pkg:/opt/ros/humble:${CMAKE_PREFIX_PATH} /usr/bin/cmake --install /home/gwcs/ros2_ws/build/roboclaw_hardware_interface
[0.213s] -- Install configuration: ""
[0.213s] -- Up-to-date: /home/gwcs/ros2_ws/install/roboclaw_hardware_interface/share/roboclaw_hardware_interface/roboclaw_hardware_interface.xml
[0.214s] -- Up-to-date: /home/gwcs/ros2_ws/install/roboclaw_hardware_interface/lib/libroboclaw_hardware_interface.so
[0.215s] -- Up-to-date: /home/gwcs/ros2_ws/install/roboclaw_hardware_interface/share/roboclaw_hardware_interface/roboclaw_hardware_interface.xml
[0.215s] -- Up-to-date: /home/gwcs/ros2_ws/install/roboclaw_hardware_interface/share/ament_index/resource_index/package_run_dependencies/roboclaw_hardware_interface
[0.216s] -- Up-to-date: /home/gwcs/ros2_ws/install/roboclaw_hardware_interface/share/ament_index/resource_index/parent_prefix_path/roboclaw_hardware_interface
[0.216s] -- Up-to-date: /home/gwcs/ros2_ws/install/roboclaw_hardware_interface/share/roboclaw_hardware_interface/environment/ament_prefix_path.sh
[0.217s] -- Up-to-date: /home/gwcs/ros2_ws/install/roboclaw_hardware_interface/share/roboclaw_hardware_interface/environment/ament_prefix_path.dsv
[0.217s] -- Up-to-date: /home/gwcs/ros2_ws/install/roboclaw_hardware_interface/share/roboclaw_hardware_interface/environment/path.sh
[0.218s] -- Up-to-date: /home/gwcs/ros2_ws/install/roboclaw_hardware_interface/share/roboclaw_hardware_interface/environment/path.dsv
[0.218s] -- Up-to-date: /home/gwcs/ros2_ws/install/roboclaw_hardware_interface/share/roboclaw_hardware_interface/local_setup.bash
[0.219s] -- Up-to-date: /home/gwcs/ros2_ws/install/roboclaw_hardware_interface/share/roboclaw_hardware_interface/local_setup.sh
[0.219s] -- Up-to-date: /home/gwcs/ros2_ws/install/roboclaw_hardware_interface/share/roboclaw_hardware_interface/local_setup.zsh
[0.219s] -- Up-to-date: /home/gwcs/ros2_ws/install/roboclaw_hardware_interface/share/roboclaw_hardware_interface/local_setup.dsv
[0.220s] -- Installing: /home/gwcs/ros2_ws/install/roboclaw_hardware_interface/share/roboclaw_hardware_interface/package.dsv
[0.221s] -- Up-to-date: /home/gwcs/ros2_ws/install/roboclaw_hardware_interface/share/ament_index/resource_index/packages/roboclaw_hardware_interface
[0.221s] -- Up-to-date: /home/gwcs/ros2_ws/install/roboclaw_hardware_interface/share/ament_index/resource_index/hardware_interface__pluginlib__plugin/roboclaw_hardware_interface
[0.221s] -- Up-to-date: /home/gwcs/ros2_ws/install/roboclaw_hardware_interface/share/roboclaw_hardware_interface/cmake/roboclaw_hardware_interfaceConfig.cmake
[0.222s] -- Up-to-date: /home/gwcs/ros2_ws/install/roboclaw_hardware_interface/share/roboclaw_hardware_interface/cmake/roboclaw_hardware_interfaceConfig-version.cmake
[0.222s] -- Up-to-date: /home/gwcs/ros2_ws/install/roboclaw_hardware_interface/share/roboclaw_hardware_interface/package.xml
[0.230s] Invoked command in '/home/gwcs/ros2_ws/build/roboclaw_hardware_interface' returned '0': CMAKE_PREFIX_PATH=/home/gwcs/ros2_ws/install/vicon_pkg:/opt/ros/humble:${CMAKE_PREFIX_PATH} /usr/bin/cmake --install /home/gwcs/ros2_ws/build/roboclaw_hardware_interface
