[1.341s] Invoking command in '/home/gwcs/ros2_ws/src/vicon_pkg': PYTHONPATH=/home/gwcs/ros2_ws/build/vicon_pkg/prefix_override:/usr/lib/python3/dist-packages/colcon_core/task/python/colcon_distutils_commands:/home/gwcs/ros2_ws/install/vicon_pkg/lib/python3.10/site-packages:${PYTHONPATH} /usr/bin/python3 -W ignore:setup.py install is deprecated -W ignore:easy_install command is deprecated setup.py egg_info --egg-base ../../build/vicon_pkg build --build-base /home/gwcs/ros2_ws/build/vicon_pkg/build install --record /home/gwcs/ros2_ws/build/vicon_pkg/install.log --single-version-externally-managed install_data
[1.825s] running egg_info
[1.827s] writing ../../build/vicon_pkg/vicon_pkg.egg-info/PKG-INFO
[1.827s] writing dependency_links to ../../build/vicon_pkg/vicon_pkg.egg-info/dependency_links.txt
[1.828s] writing entry points to ../../build/vicon_pkg/vicon_pkg.egg-info/entry_points.txt
[1.828s] writing requirements to ../../build/vicon_pkg/vicon_pkg.egg-info/requires.txt
[1.828s] writing top-level names to ../../build/vicon_pkg/vicon_pkg.egg-info/top_level.txt
[1.833s] reading manifest file '../../build/vicon_pkg/vicon_pkg.egg-info/SOURCES.txt'
[1.833s] adding license file 'LICENSE'
[1.834s] writing manifest file '../../build/vicon_pkg/vicon_pkg.egg-info/SOURCES.txt'
[1.835s] running build
[1.835s] running build_py
[1.836s] running install
[1.836s] running install_lib
[1.839s] running install_data
[1.839s] running install_egg_info
[1.843s] removing '/home/gwcs/ros2_ws/install/vicon_pkg/lib/python3.10/site-packages/vicon_pkg-0.0.0-py3.10.egg-info' (and everything under it)
[1.844s] Copying ../../build/vicon_pkg/vicon_pkg.egg-info to /home/gwcs/ros2_ws/install/vicon_pkg/lib/python3.10/site-packages/vicon_pkg-0.0.0-py3.10.egg-info
[1.846s] running install_scripts
[1.884s] Installing vicon_node script to /home/gwcs/ros2_ws/install/vicon_pkg/lib/vicon_pkg
[1.885s] writing list of installed files to '/home/gwcs/ros2_ws/build/vicon_pkg/install.log'
[1.962s] Invoked command in '/home/gwcs/ros2_ws/src/vicon_pkg' returned '0': PYTHONPATH=/home/gwcs/ros2_ws/build/vicon_pkg/prefix_override:/usr/lib/python3/dist-packages/colcon_core/task/python/colcon_distutils_commands:/home/gwcs/ros2_ws/install/vicon_pkg/lib/python3.10/site-packages:${PYTHONPATH} /usr/bin/python3 -W ignore:setup.py install is deprecated -W ignore:easy_install command is deprecated setup.py egg_info --egg-base ../../build/vicon_pkg build --build-base /home/gwcs/ros2_ws/build/vicon_pkg/build install --record /home/gwcs/ros2_ws/build/vicon_pkg/install.log --single-version-externally-managed install_data
