-- Install configuration: ""
-- Up-to-date: /home/gwcs/ros2_ws/install/dumbot_bringup/share/dumbot_bringup//launch
-- Up-to-date: /home/gwcs/ros2_ws/install/dumbot_bringup/share/dumbot_bringup//launch/__pycache__
-- Up-to-date: /home/gwcs/ros2_ws/install/dumbot_bringup/share/dumbot_bringup//launch/__pycache__/minimal.launch.cpython-310.pyc
-- Up-to-date: /home/gwcs/ros2_ws/install/dumbot_bringup/share/dumbot_bringup//launch/minimal.launch.py
-- Up-to-date: /home/gwcs/ros2_ws/install/dumbot_bringup/share/dumbot_bringup//params
-- Up-to-date: /home/gwcs/ros2_ws/install/dumbot_bringup/share/dumbot_bringup//params/roboclaw_controllers.yaml
-- Up-to-date: /home/gwcs/ros2_ws/install/dumbot_bringup/share/dumbot_bringup//urdf
-- Up-to-date: /home/gwcs/ros2_ws/install/dumbot_bringup/share/dumbot_bringup//urdf/roboclaw.urdf.xacro
-- Up-to-date: /home/gwcs/ros2_ws/install/dumbot_bringup/share/dumbot_bringup//urdf/roboclaw.ros2_control.xacro
-- Up-to-date: /home/gwcs/ros2_ws/install/dumbot_bringup/share/dumbot_bringup//urdf/roboclaw.materials.xacro
-- Up-to-date: /home/gwcs/ros2_ws/install/dumbot_bringup/share/dumbot_bringup//urdf/roboclaw_description.urdf.xacro
-- Up-to-date: /home/gwcs/ros2_ws/install/dumbot_bringup/share/ament_index/resource_index/package_run_dependencies/dumbot_bringup
-- Up-to-date: /home/gwcs/ros2_ws/install/dumbot_bringup/share/ament_index/resource_index/parent_prefix_path/dumbot_bringup
-- Up-to-date: /home/gwcs/ros2_ws/install/dumbot_bringup/share/dumbot_bringup/environment/ament_prefix_path.sh
-- Up-to-date: /home/gwcs/ros2_ws/install/dumbot_bringup/share/dumbot_bringup/environment/ament_prefix_path.dsv
-- Up-to-date: /home/gwcs/ros2_ws/install/dumbot_bringup/share/dumbot_bringup/environment/path.sh
-- Up-to-date: /home/gwcs/ros2_ws/install/dumbot_bringup/share/dumbot_bringup/environment/path.dsv
-- Up-to-date: /home/gwcs/ros2_ws/install/dumbot_bringup/share/dumbot_bringup/local_setup.bash
-- Up-to-date: /home/gwcs/ros2_ws/install/dumbot_bringup/share/dumbot_bringup/local_setup.sh
-- Up-to-date: /home/gwcs/ros2_ws/install/dumbot_bringup/share/dumbot_bringup/local_setup.zsh
-- Up-to-date: /home/gwcs/ros2_ws/install/dumbot_bringup/share/dumbot_bringup/local_setup.dsv
-- Installing: /home/gwcs/ros2_ws/install/dumbot_bringup/share/dumbot_bringup/package.dsv
-- Up-to-date: /home/gwcs/ros2_ws/install/dumbot_bringup/share/ament_index/resource_index/packages/dumbot_bringup
-- Up-to-date: /home/gwcs/ros2_ws/install/dumbot_bringup/share/dumbot_bringup/cmake/dumbot_bringupConfig.cmake
-- Up-to-date: /home/gwcs/ros2_ws/install/dumbot_bringup/share/dumbot_bringup/cmake/dumbot_bringupConfig-version.cmake
-- Up-to-date: /home/gwcs/ros2_ws/install/dumbot_bringup/share/dumbot_bringup/package.xml
