[0.318s] DEBUG:colcon:Command line arguments: ['/usr/bin/colcon', 'build']
[0.318s] DEBUG:colcon:Parsed command line arguments: Namespace(log_base=None, log_level=None, verb_name='build', build_base='build', install_base='install', merge_install=False, symlink_install=False, test_result_base=None, continue_on_error=False, executor='parallel', parallel_workers=6, event_handlers=None, ignore_user_meta=False, metas=['./colcon.meta'], base_paths=['.'], packages_ignore=None, packages_ignore_regex=None, paths=None, packages_up_to=None, packages_up_to_regex=None, packages_above=None, packages_above_and_dependencies=None, packages_above_depth=None, packages_select_by_dep=None, packages_skip_by_dep=None, packages_skip_up_to=None, packages_select_build_failed=False, packages_skip_build_finished=False, packages_select_test_failures=False, packages_skip_test_passed=False, packages_select=None, packages_skip=None, packages_select_regex=None, packages_skip_regex=None, packages_start=None, packages_end=None, allow_overriding=[], cmake_args=None, cmake_target=None, cmake_target_skip_unavailable=False, cmake_clean_cache=False, cmake_clean_first=False, cmake_force_configure=False, ament_cmake_args=None, catkin_cmake_args=None, catkin_skip_building_tests=False, mixin_files=None, mixin=None, verb_parser=<colcon_mixin.mixin.mixin_argument.MixinArgumentDecorator object at 0xffffa5df1780>, verb_extension=<colcon_core.verb.build.BuildVerb object at 0xffffa5f6f610>, main=<bound method BuildVerb.main of <colcon_core.verb.build.BuildVerb object at 0xffffa5f6f610>>, mixin_verb=('build',))
[0.699s] Level 1:colcon.colcon_core.package_discovery:discover_packages(colcon_meta) check parameters
[0.699s] Level 1:colcon.colcon_core.package_discovery:discover_packages(recursive) check parameters
[0.699s] Level 1:colcon.colcon_core.package_discovery:discover_packages(ignore) check parameters
[0.699s] Level 1:colcon.colcon_core.package_discovery:discover_packages(path) check parameters
[0.699s] Level 1:colcon.colcon_core.package_discovery:discover_packages(colcon_meta) discover
[0.699s] Level 1:colcon.colcon_core.package_discovery:discover_packages(recursive) discover
[0.699s] INFO:colcon.colcon_core.package_discovery:Crawling recursively for packages in '/home/gwcs/ros2_ws'
[0.700s] Level 1:colcon.colcon_core.package_identification:_identify(.) by extensions ['ignore', 'ignore_ament_install']
[0.700s] Level 1:colcon.colcon_core.package_identification:_identify(.) by extension 'ignore'
[0.700s] Level 1:colcon.colcon_core.package_identification:_identify(.) by extension 'ignore_ament_install'
[0.700s] Level 1:colcon.colcon_core.package_identification:_identify(.) by extensions ['colcon_pkg']
[0.700s] Level 1:colcon.colcon_core.package_identification:_identify(.) by extension 'colcon_pkg'
[0.700s] Level 1:colcon.colcon_core.package_identification:_identify(.) by extensions ['colcon_meta']
[0.700s] Level 1:colcon.colcon_core.package_identification:_identify(.) by extension 'colcon_meta'
[0.700s] Level 1:colcon.colcon_core.package_identification:_identify(.) by extensions ['ros']
[0.700s] Level 1:colcon.colcon_core.package_identification:_identify(.) by extension 'ros'
[0.721s] Level 1:colcon.colcon_core.package_identification:_identify(.) by extensions ['cmake', 'python']
[0.721s] Level 1:colcon.colcon_core.package_identification:_identify(.) by extension 'cmake'
[0.721s] Level 1:colcon.colcon_core.package_identification:_identify(.) by extension 'python'
[0.721s] Level 1:colcon.colcon_core.package_identification:_identify(.) by extensions ['python_setup_py']
[0.721s] Level 1:colcon.colcon_core.package_identification:_identify(.) by extension 'python_setup_py'
[0.722s] Level 1:colcon.colcon_core.package_identification:_identify(build) by extensions ['ignore', 'ignore_ament_install']
[0.722s] Level 1:colcon.colcon_core.package_identification:_identify(build) by extension 'ignore'
[0.722s] Level 1:colcon.colcon_core.package_identification:_identify(build) ignored
[0.722s] Level 1:colcon.colcon_core.package_identification:_identify(install) by extensions ['ignore', 'ignore_ament_install']
[0.722s] Level 1:colcon.colcon_core.package_identification:_identify(install) by extension 'ignore'
[0.723s] Level 1:colcon.colcon_core.package_identification:_identify(install) ignored
[0.723s] Level 1:colcon.colcon_core.package_identification:_identify(log) by extensions ['ignore', 'ignore_ament_install']
[0.723s] Level 1:colcon.colcon_core.package_identification:_identify(log) by extension 'ignore'
[0.723s] Level 1:colcon.colcon_core.package_identification:_identify(log) ignored
[0.723s] Level 1:colcon.colcon_core.package_identification:_identify(src) by extensions ['ignore', 'ignore_ament_install']
[0.723s] Level 1:colcon.colcon_core.package_identification:_identify(src) by extension 'ignore'
[0.724s] Level 1:colcon.colcon_core.package_identification:_identify(src) by extension 'ignore_ament_install'
[0.724s] Level 1:colcon.colcon_core.package_identification:_identify(src) by extensions ['colcon_pkg']
[0.724s] Level 1:colcon.colcon_core.package_identification:_identify(src) by extension 'colcon_pkg'
[0.724s] Level 1:colcon.colcon_core.package_identification:_identify(src) by extensions ['colcon_meta']
[0.724s] Level 1:colcon.colcon_core.package_identification:_identify(src) by extension 'colcon_meta'
[0.724s] Level 1:colcon.colcon_core.package_identification:_identify(src) by extensions ['ros']
[0.724s] Level 1:colcon.colcon_core.package_identification:_identify(src) by extension 'ros'
[0.724s] Level 1:colcon.colcon_core.package_identification:_identify(src) by extensions ['cmake', 'python']
[0.724s] Level 1:colcon.colcon_core.package_identification:_identify(src) by extension 'cmake'
[0.724s] Level 1:colcon.colcon_core.package_identification:_identify(src) by extension 'python'
[0.725s] Level 1:colcon.colcon_core.package_identification:_identify(src) by extensions ['python_setup_py']
[0.725s] Level 1:colcon.colcon_core.package_identification:_identify(src) by extension 'python_setup_py'
[0.725s] Level 1:colcon.colcon_core.package_identification:_identify(src/dumbot_bringup) by extensions ['ignore', 'ignore_ament_install']
[0.725s] Level 1:colcon.colcon_core.package_identification:_identify(src/dumbot_bringup) by extension 'ignore'
[0.725s] Level 1:colcon.colcon_core.package_identification:_identify(src/dumbot_bringup) by extension 'ignore_ament_install'
[0.725s] Level 1:colcon.colcon_core.package_identification:_identify(src/dumbot_bringup) by extensions ['colcon_pkg']
[0.725s] Level 1:colcon.colcon_core.package_identification:_identify(src/dumbot_bringup) by extension 'colcon_pkg'
[0.725s] Level 1:colcon.colcon_core.package_identification:_identify(src/dumbot_bringup) by extensions ['colcon_meta']
[0.726s] Level 1:colcon.colcon_core.package_identification:_identify(src/dumbot_bringup) by extension 'colcon_meta'
[0.726s] Level 1:colcon.colcon_core.package_identification:_identify(src/dumbot_bringup) by extensions ['ros']
[0.726s] Level 1:colcon.colcon_core.package_identification:_identify(src/dumbot_bringup) by extension 'ros'
[0.732s] DEBUG:colcon.colcon_core.package_identification:Package 'src/dumbot_bringup' with type 'ros.ament_cmake' and name 'dumbot_bringup'
[0.732s] Level 1:colcon.colcon_core.package_identification:_identify(src/pose_to_odom) by extensions ['ignore', 'ignore_ament_install']
[0.732s] Level 1:colcon.colcon_core.package_identification:_identify(src/pose_to_odom) by extension 'ignore'
[0.732s] Level 1:colcon.colcon_core.package_identification:_identify(src/pose_to_odom) by extension 'ignore_ament_install'
[0.733s] Level 1:colcon.colcon_core.package_identification:_identify(src/pose_to_odom) by extensions ['colcon_pkg']
[0.733s] Level 1:colcon.colcon_core.package_identification:_identify(src/pose_to_odom) by extension 'colcon_pkg'
[0.733s] Level 1:colcon.colcon_core.package_identification:_identify(src/pose_to_odom) by extensions ['colcon_meta']
[0.733s] Level 1:colcon.colcon_core.package_identification:_identify(src/pose_to_odom) by extension 'colcon_meta'
[0.733s] Level 1:colcon.colcon_core.package_identification:_identify(src/pose_to_odom) by extensions ['ros']
[0.733s] Level 1:colcon.colcon_core.package_identification:_identify(src/pose_to_odom) by extension 'ros'
[0.735s] DEBUG:colcon.colcon_core.package_identification:Package 'src/pose_to_odom' with type 'ros.ament_cmake' and name 'pose_to_odom'
[0.735s] Level 1:colcon.colcon_core.package_identification:_identify(src/roboclaw_hardware_interface) by extensions ['ignore', 'ignore_ament_install']
[0.735s] Level 1:colcon.colcon_core.package_identification:_identify(src/roboclaw_hardware_interface) by extension 'ignore'
[0.736s] Level 1:colcon.colcon_core.package_identification:_identify(src/roboclaw_hardware_interface) by extension 'ignore_ament_install'
[0.736s] Level 1:colcon.colcon_core.package_identification:_identify(src/roboclaw_hardware_interface) by extensions ['colcon_pkg']
[0.736s] Level 1:colcon.colcon_core.package_identification:_identify(src/roboclaw_hardware_interface) by extension 'colcon_pkg'
[0.736s] Level 1:colcon.colcon_core.package_identification:_identify(src/roboclaw_hardware_interface) by extensions ['colcon_meta']
[0.736s] Level 1:colcon.colcon_core.package_identification:_identify(src/roboclaw_hardware_interface) by extension 'colcon_meta'
[0.736s] Level 1:colcon.colcon_core.package_identification:_identify(src/roboclaw_hardware_interface) by extensions ['ros']
[0.736s] Level 1:colcon.colcon_core.package_identification:_identify(src/roboclaw_hardware_interface) by extension 'ros'
[0.738s] DEBUG:colcon.colcon_core.package_identification:Package 'src/roboclaw_hardware_interface' with type 'ros.ament_cmake' and name 'roboclaw_hardware_interface'
[0.738s] Level 1:colcon.colcon_core.package_identification:_identify(src/roboclaw_serial) by extensions ['ignore', 'ignore_ament_install']
[0.739s] Level 1:colcon.colcon_core.package_identification:_identify(src/roboclaw_serial) by extension 'ignore'
[0.739s] Level 1:colcon.colcon_core.package_identification:_identify(src/roboclaw_serial) by extension 'ignore_ament_install'
[0.739s] Level 1:colcon.colcon_core.package_identification:_identify(src/roboclaw_serial) by extensions ['colcon_pkg']
[0.739s] Level 1:colcon.colcon_core.package_identification:_identify(src/roboclaw_serial) by extension 'colcon_pkg'
[0.739s] Level 1:colcon.colcon_core.package_identification:_identify(src/roboclaw_serial) by extensions ['colcon_meta']
[0.739s] Level 1:colcon.colcon_core.package_identification:_identify(src/roboclaw_serial) by extension 'colcon_meta'
[0.739s] Level 1:colcon.colcon_core.package_identification:_identify(src/roboclaw_serial) by extensions ['ros']
[0.739s] Level 1:colcon.colcon_core.package_identification:_identify(src/roboclaw_serial) by extension 'ros'
[0.740s] DEBUG:colcon.colcon_core.package_identification:Package 'src/roboclaw_serial' with type 'ros.catkin' and name 'roboclaw_serial'
[0.741s] Level 1:colcon.colcon_core.package_identification:_identify(src/ugv_nav) by extensions ['ignore', 'ignore_ament_install']
[0.741s] Level 1:colcon.colcon_core.package_identification:_identify(src/ugv_nav) by extension 'ignore'
[0.741s] Level 1:colcon.colcon_core.package_identification:_identify(src/ugv_nav) by extension 'ignore_ament_install'
[0.741s] Level 1:colcon.colcon_core.package_identification:_identify(src/ugv_nav) by extensions ['colcon_pkg']
[0.741s] Level 1:colcon.colcon_core.package_identification:_identify(src/ugv_nav) by extension 'colcon_pkg'
[0.741s] Level 1:colcon.colcon_core.package_identification:_identify(src/ugv_nav) by extensions ['colcon_meta']
[0.741s] Level 1:colcon.colcon_core.package_identification:_identify(src/ugv_nav) by extension 'colcon_meta'
[0.741s] Level 1:colcon.colcon_core.package_identification:_identify(src/ugv_nav) by extensions ['ros']
[0.741s] Level 1:colcon.colcon_core.package_identification:_identify(src/ugv_nav) by extension 'ros'
[0.742s] Level 1:colcon.colcon_core.package_identification:_identify(src/ugv_nav) by extensions ['cmake', 'python']
[0.742s] Level 1:colcon.colcon_core.package_identification:_identify(src/ugv_nav) by extension 'cmake'
[0.742s] Level 1:colcon.colcon_core.package_identification:_identify(src/ugv_nav) by extension 'python'
[0.742s] Level 1:colcon.colcon_core.package_identification:_identify(src/ugv_nav) by extensions ['python_setup_py']
[0.742s] Level 1:colcon.colcon_core.package_identification:_identify(src/ugv_nav) by extension 'python_setup_py'
[0.742s] Level 1:colcon.colcon_core.package_identification:_identify(src/ugv_nav/config) by extensions ['ignore', 'ignore_ament_install']
[0.742s] Level 1:colcon.colcon_core.package_identification:_identify(src/ugv_nav/config) by extension 'ignore'
[0.742s] Level 1:colcon.colcon_core.package_identification:_identify(src/ugv_nav/config) by extension 'ignore_ament_install'
[0.742s] Level 1:colcon.colcon_core.package_identification:_identify(src/ugv_nav/config) by extensions ['colcon_pkg']
[0.743s] Level 1:colcon.colcon_core.package_identification:_identify(src/ugv_nav/config) by extension 'colcon_pkg'
[0.743s] Level 1:colcon.colcon_core.package_identification:_identify(src/ugv_nav/config) by extensions ['colcon_meta']
[0.743s] Level 1:colcon.colcon_core.package_identification:_identify(src/ugv_nav/config) by extension 'colcon_meta'
[0.743s] Level 1:colcon.colcon_core.package_identification:_identify(src/ugv_nav/config) by extensions ['ros']
[0.743s] Level 1:colcon.colcon_core.package_identification:_identify(src/ugv_nav/config) by extension 'ros'
[0.743s] Level 1:colcon.colcon_core.package_identification:_identify(src/ugv_nav/config) by extensions ['cmake', 'python']
[0.743s] Level 1:colcon.colcon_core.package_identification:_identify(src/ugv_nav/config) by extension 'cmake'
[0.743s] Level 1:colcon.colcon_core.package_identification:_identify(src/ugv_nav/config) by extension 'python'
[0.743s] Level 1:colcon.colcon_core.package_identification:_identify(src/ugv_nav/config) by extensions ['python_setup_py']
[0.743s] Level 1:colcon.colcon_core.package_identification:_identify(src/ugv_nav/config) by extension 'python_setup_py'
[0.744s] Level 1:colcon.colcon_core.package_identification:_identify(src/ugv_nav/launch) by extensions ['ignore', 'ignore_ament_install']
[0.744s] Level 1:colcon.colcon_core.package_identification:_identify(src/ugv_nav/launch) by extension 'ignore'
[0.744s] Level 1:colcon.colcon_core.package_identification:_identify(src/ugv_nav/launch) by extension 'ignore_ament_install'
[0.744s] Level 1:colcon.colcon_core.package_identification:_identify(src/ugv_nav/launch) by extensions ['colcon_pkg']
[0.744s] Level 1:colcon.colcon_core.package_identification:_identify(src/ugv_nav/launch) by extension 'colcon_pkg'
[0.744s] Level 1:colcon.colcon_core.package_identification:_identify(src/ugv_nav/launch) by extensions ['colcon_meta']
[0.744s] Level 1:colcon.colcon_core.package_identification:_identify(src/ugv_nav/launch) by extension 'colcon_meta'
[0.744s] Level 1:colcon.colcon_core.package_identification:_identify(src/ugv_nav/launch) by extensions ['ros']
[0.744s] Level 1:colcon.colcon_core.package_identification:_identify(src/ugv_nav/launch) by extension 'ros'
[0.744s] Level 1:colcon.colcon_core.package_identification:_identify(src/ugv_nav/launch) by extensions ['cmake', 'python']
[0.745s] Level 1:colcon.colcon_core.package_identification:_identify(src/ugv_nav/launch) by extension 'cmake'
[0.745s] Level 1:colcon.colcon_core.package_identification:_identify(src/ugv_nav/launch) by extension 'python'
[0.745s] Level 1:colcon.colcon_core.package_identification:_identify(src/ugv_nav/launch) by extensions ['python_setup_py']
[0.745s] Level 1:colcon.colcon_core.package_identification:_identify(src/ugv_nav/launch) by extension 'python_setup_py'
[0.745s] Level 1:colcon.colcon_core.package_identification:_identify(src/vicon_pkg) by extensions ['ignore', 'ignore_ament_install']
[0.745s] Level 1:colcon.colcon_core.package_identification:_identify(src/vicon_pkg) by extension 'ignore'
[0.745s] Level 1:colcon.colcon_core.package_identification:_identify(src/vicon_pkg) by extension 'ignore_ament_install'
[0.745s] Level 1:colcon.colcon_core.package_identification:_identify(src/vicon_pkg) by extensions ['colcon_pkg']
[0.746s] Level 1:colcon.colcon_core.package_identification:_identify(src/vicon_pkg) by extension 'colcon_pkg'
[0.746s] Level 1:colcon.colcon_core.package_identification:_identify(src/vicon_pkg) by extensions ['colcon_meta']
[0.746s] Level 1:colcon.colcon_core.package_identification:_identify(src/vicon_pkg) by extension 'colcon_meta'
[0.746s] Level 1:colcon.colcon_core.package_identification:_identify(src/vicon_pkg) by extensions ['ros']
[0.746s] Level 1:colcon.colcon_core.package_identification:_identify(src/vicon_pkg) by extension 'ros'
[0.747s] DEBUG:colcon.colcon_core.package_identification:Package 'src/vicon_pkg' with type 'ros.ament_python' and name 'vicon_pkg'
[0.747s] Level 1:colcon.colcon_core.package_discovery:discover_packages(recursive) using defaults
[0.747s] Level 1:colcon.colcon_core.package_discovery:discover_packages(ignore) discover
[0.747s] Level 1:colcon.colcon_core.package_discovery:discover_packages(ignore) using defaults
[0.748s] Level 1:colcon.colcon_core.package_discovery:discover_packages(path) discover
[0.748s] Level 1:colcon.colcon_core.package_discovery:discover_packages(path) using defaults
[0.832s] Level 1:colcon.colcon_core.package_discovery:discover_packages(prefix_path) check parameters
[0.832s] Level 1:colcon.colcon_core.package_discovery:discover_packages(prefix_path) discover
[0.838s] DEBUG:colcon.colcon_installed_package_information.package_discovery:Found 343 installed packages in /opt/ros/humble
[0.841s] Level 1:colcon.colcon_core.package_discovery:discover_packages(prefix_path) using defaults
[0.921s] Level 5:colcon.colcon_core.verb:set package 'pose_to_odom' build argument 'cmake_args' from command line to 'None'
[0.922s] Level 5:colcon.colcon_core.verb:set package 'pose_to_odom' build argument 'cmake_target' from command line to 'None'
[0.922s] Level 5:colcon.colcon_core.verb:set package 'pose_to_odom' build argument 'cmake_target_skip_unavailable' from command line to 'False'
[0.922s] Level 5:colcon.colcon_core.verb:set package 'pose_to_odom' build argument 'cmake_clean_cache' from command line to 'False'
[0.922s] Level 5:colcon.colcon_core.verb:set package 'pose_to_odom' build argument 'cmake_clean_first' from command line to 'False'
[0.922s] Level 5:colcon.colcon_core.verb:set package 'pose_to_odom' build argument 'cmake_force_configure' from command line to 'False'
[0.922s] Level 5:colcon.colcon_core.verb:set package 'pose_to_odom' build argument 'ament_cmake_args' from command line to 'None'
[0.922s] Level 5:colcon.colcon_core.verb:set package 'pose_to_odom' build argument 'catkin_cmake_args' from command line to 'None'
[0.922s] Level 5:colcon.colcon_core.verb:set package 'pose_to_odom' build argument 'catkin_skip_building_tests' from command line to 'False'
[0.922s] DEBUG:colcon.colcon_core.verb:Building package 'pose_to_odom' with the following arguments: {'ament_cmake_args': None, 'build_base': '/home/gwcs/ros2_ws/build/pose_to_odom', 'catkin_cmake_args': None, 'catkin_skip_building_tests': False, 'cmake_args': None, 'cmake_clean_cache': False, 'cmake_clean_first': False, 'cmake_force_configure': False, 'cmake_target': None, 'cmake_target_skip_unavailable': False, 'install_base': '/home/gwcs/ros2_ws/install/pose_to_odom', 'merge_install': False, 'path': '/home/gwcs/ros2_ws/src/pose_to_odom', 'symlink_install': False, 'test_result_base': None}
[0.923s] Level 5:colcon.colcon_core.verb:set package 'roboclaw_serial' build argument 'cmake_args' from command line to 'None'
[0.923s] Level 5:colcon.colcon_core.verb:set package 'roboclaw_serial' build argument 'cmake_target' from command line to 'None'
[0.923s] Level 5:colcon.colcon_core.verb:set package 'roboclaw_serial' build argument 'cmake_target_skip_unavailable' from command line to 'False'
[0.923s] Level 5:colcon.colcon_core.verb:set package 'roboclaw_serial' build argument 'cmake_clean_cache' from command line to 'False'
[0.923s] Level 5:colcon.colcon_core.verb:set package 'roboclaw_serial' build argument 'cmake_clean_first' from command line to 'False'
[0.923s] Level 5:colcon.colcon_core.verb:set package 'roboclaw_serial' build argument 'cmake_force_configure' from command line to 'False'
[0.923s] Level 5:colcon.colcon_core.verb:set package 'roboclaw_serial' build argument 'ament_cmake_args' from command line to 'None'
[0.923s] Level 5:colcon.colcon_core.verb:set package 'roboclaw_serial' build argument 'catkin_cmake_args' from command line to 'None'
[0.923s] Level 5:colcon.colcon_core.verb:set package 'roboclaw_serial' build argument 'catkin_skip_building_tests' from command line to 'False'
[0.923s] DEBUG:colcon.colcon_core.verb:Building package 'roboclaw_serial' with the following arguments: {'ament_cmake_args': None, 'build_base': '/home/gwcs/ros2_ws/build/roboclaw_serial', 'catkin_cmake_args': None, 'catkin_skip_building_tests': False, 'cmake_args': None, 'cmake_clean_cache': False, 'cmake_clean_first': False, 'cmake_force_configure': False, 'cmake_target': None, 'cmake_target_skip_unavailable': False, 'install_base': '/home/gwcs/ros2_ws/install/roboclaw_serial', 'merge_install': False, 'path': '/home/gwcs/ros2_ws/src/roboclaw_serial', 'symlink_install': False, 'test_result_base': None}
[0.924s] Level 5:colcon.colcon_core.verb:set package 'vicon_pkg' build argument 'cmake_args' from command line to 'None'
[0.924s] Level 5:colcon.colcon_core.verb:set package 'vicon_pkg' build argument 'cmake_target' from command line to 'None'
[0.924s] Level 5:colcon.colcon_core.verb:set package 'vicon_pkg' build argument 'cmake_target_skip_unavailable' from command line to 'False'
[0.924s] Level 5:colcon.colcon_core.verb:set package 'vicon_pkg' build argument 'cmake_clean_cache' from command line to 'False'
[0.924s] Level 5:colcon.colcon_core.verb:set package 'vicon_pkg' build argument 'cmake_clean_first' from command line to 'False'
[0.924s] Level 5:colcon.colcon_core.verb:set package 'vicon_pkg' build argument 'cmake_force_configure' from command line to 'False'
[0.924s] Level 5:colcon.colcon_core.verb:set package 'vicon_pkg' build argument 'ament_cmake_args' from command line to 'None'
[0.924s] Level 5:colcon.colcon_core.verb:set package 'vicon_pkg' build argument 'catkin_cmake_args' from command line to 'None'
[0.924s] Level 5:colcon.colcon_core.verb:set package 'vicon_pkg' build argument 'catkin_skip_building_tests' from command line to 'False'
[0.924s] DEBUG:colcon.colcon_core.verb:Building package 'vicon_pkg' with the following arguments: {'ament_cmake_args': None, 'build_base': '/home/gwcs/ros2_ws/build/vicon_pkg', 'catkin_cmake_args': None, 'catkin_skip_building_tests': False, 'cmake_args': None, 'cmake_clean_cache': False, 'cmake_clean_first': False, 'cmake_force_configure': False, 'cmake_target': None, 'cmake_target_skip_unavailable': False, 'install_base': '/home/gwcs/ros2_ws/install/vicon_pkg', 'merge_install': False, 'path': '/home/gwcs/ros2_ws/src/vicon_pkg', 'symlink_install': False, 'test_result_base': None}
[0.925s] Level 5:colcon.colcon_core.verb:set package 'roboclaw_hardware_interface' build argument 'cmake_args' from command line to 'None'
[0.925s] Level 5:colcon.colcon_core.verb:set package 'roboclaw_hardware_interface' build argument 'cmake_target' from command line to 'None'
[0.925s] Level 5:colcon.colcon_core.verb:set package 'roboclaw_hardware_interface' build argument 'cmake_target_skip_unavailable' from command line to 'False'
[0.925s] Level 5:colcon.colcon_core.verb:set package 'roboclaw_hardware_interface' build argument 'cmake_clean_cache' from command line to 'False'
[0.925s] Level 5:colcon.colcon_core.verb:set package 'roboclaw_hardware_interface' build argument 'cmake_clean_first' from command line to 'False'
[0.925s] Level 5:colcon.colcon_core.verb:set package 'roboclaw_hardware_interface' build argument 'cmake_force_configure' from command line to 'False'
[0.925s] Level 5:colcon.colcon_core.verb:set package 'roboclaw_hardware_interface' build argument 'ament_cmake_args' from command line to 'None'
[0.925s] Level 5:colcon.colcon_core.verb:set package 'roboclaw_hardware_interface' build argument 'catkin_cmake_args' from command line to 'None'
[0.925s] Level 5:colcon.colcon_core.verb:set package 'roboclaw_hardware_interface' build argument 'catkin_skip_building_tests' from command line to 'False'
[0.925s] DEBUG:colcon.colcon_core.verb:Building package 'roboclaw_hardware_interface' with the following arguments: {'ament_cmake_args': None, 'build_base': '/home/gwcs/ros2_ws/build/roboclaw_hardware_interface', 'catkin_cmake_args': None, 'catkin_skip_building_tests': False, 'cmake_args': None, 'cmake_clean_cache': False, 'cmake_clean_first': False, 'cmake_force_configure': False, 'cmake_target': None, 'cmake_target_skip_unavailable': False, 'install_base': '/home/gwcs/ros2_ws/install/roboclaw_hardware_interface', 'merge_install': False, 'path': '/home/gwcs/ros2_ws/src/roboclaw_hardware_interface', 'symlink_install': False, 'test_result_base': None}
[0.926s] Level 5:colcon.colcon_core.verb:set package 'dumbot_bringup' build argument 'cmake_args' from command line to 'None'
[0.926s] Level 5:colcon.colcon_core.verb:set package 'dumbot_bringup' build argument 'cmake_target' from command line to 'None'
[0.926s] Level 5:colcon.colcon_core.verb:set package 'dumbot_bringup' build argument 'cmake_target_skip_unavailable' from command line to 'False'
[0.926s] Level 5:colcon.colcon_core.verb:set package 'dumbot_bringup' build argument 'cmake_clean_cache' from command line to 'False'
[0.926s] Level 5:colcon.colcon_core.verb:set package 'dumbot_bringup' build argument 'cmake_clean_first' from command line to 'False'
[0.926s] Level 5:colcon.colcon_core.verb:set package 'dumbot_bringup' build argument 'cmake_force_configure' from command line to 'False'
[0.926s] Level 5:colcon.colcon_core.verb:set package 'dumbot_bringup' build argument 'ament_cmake_args' from command line to 'None'
[0.926s] Level 5:colcon.colcon_core.verb:set package 'dumbot_bringup' build argument 'catkin_cmake_args' from command line to 'None'
[0.926s] Level 5:colcon.colcon_core.verb:set package 'dumbot_bringup' build argument 'catkin_skip_building_tests' from command line to 'False'
[0.926s] DEBUG:colcon.colcon_core.verb:Building package 'dumbot_bringup' with the following arguments: {'ament_cmake_args': None, 'build_base': '/home/gwcs/ros2_ws/build/dumbot_bringup', 'catkin_cmake_args': None, 'catkin_skip_building_tests': False, 'cmake_args': None, 'cmake_clean_cache': False, 'cmake_clean_first': False, 'cmake_force_configure': False, 'cmake_target': None, 'cmake_target_skip_unavailable': False, 'install_base': '/home/gwcs/ros2_ws/install/dumbot_bringup', 'merge_install': False, 'path': '/home/gwcs/ros2_ws/src/dumbot_bringup', 'symlink_install': False, 'test_result_base': None}
[0.926s] INFO:colcon.colcon_core.executor:Executing jobs using 'parallel' executor
[0.928s] DEBUG:colcon.colcon_parallel_executor.executor.parallel:run_until_complete
[0.929s] INFO:colcon.colcon_ros.task.catkin.build:Building ROS package in '/home/gwcs/ros2_ws/src/roboclaw_serial' with build type 'catkin'
[0.929s] INFO:colcon.colcon_cmake.task.cmake.build:Building CMake package in '/home/gwcs/ros2_ws/src/roboclaw_serial'
[0.935s] INFO:colcon.colcon_core.plugin_system:Skipping extension 'colcon_core.shell.bat': Not used on non-Windows systems
[0.935s] INFO:colcon.colcon_core.shell:Skip shell extension 'powershell' for command environment: Not usable outside of PowerShell
[0.935s] DEBUG:colcon.colcon_core.shell:Skip shell extension 'dsv' for command environment
[0.941s] INFO:colcon.colcon_ros.task.ament_cmake.build:Building ROS package in '/home/gwcs/ros2_ws/src/pose_to_odom' with build type 'ament_cmake'
[0.941s] INFO:colcon.colcon_cmake.task.cmake.build:Building CMake package in '/home/gwcs/ros2_ws/src/pose_to_odom'
[0.941s] INFO:colcon.colcon_core.shell:Skip shell extension 'powershell' for command environment: Not usable outside of PowerShell
[0.942s] DEBUG:colcon.colcon_core.shell:Skip shell extension 'dsv' for command environment
[0.946s] INFO:colcon.colcon_ros.task.ament_python.build:Building ROS package in '/home/gwcs/ros2_ws/src/vicon_pkg' with build type 'ament_python'
[0.947s] Level 1:colcon.colcon_core.shell:create_environment_hook('vicon_pkg', 'ament_prefix_path')
[0.947s] INFO:colcon.colcon_core.shell:Creating environment hook '/home/gwcs/ros2_ws/install/vicon_pkg/share/vicon_pkg/hook/ament_prefix_path.ps1'
[0.949s] INFO:colcon.colcon_core.shell:Creating environment descriptor '/home/gwcs/ros2_ws/install/vicon_pkg/share/vicon_pkg/hook/ament_prefix_path.dsv'
[0.950s] INFO:colcon.colcon_core.shell:Creating environment hook '/home/gwcs/ros2_ws/install/vicon_pkg/share/vicon_pkg/hook/ament_prefix_path.sh'
[0.951s] INFO:colcon.colcon_core.shell:Skip shell extension 'powershell' for command environment: Not usable outside of PowerShell
[0.951s] DEBUG:colcon.colcon_core.shell:Skip shell extension 'dsv' for command environment
[0.965s] DEBUG:colcon.colcon_core.event_handler.log_command:Invoking command in '/home/gwcs/ros2_ws/build/roboclaw_serial': /usr/bin/cmake --build /home/gwcs/ros2_ws/build/roboclaw_serial -- -j6 -l6
[0.977s] DEBUG:colcon.colcon_core.event_handler.log_command:Invoking command in '/home/gwcs/ros2_ws/build/pose_to_odom': CMAKE_PREFIX_PATH=/opt/ros/humble /usr/bin/cmake --build /home/gwcs/ros2_ws/build/pose_to_odom -- -j6 -l6
[1.466s] INFO:colcon.colcon_core.task.python.build:Building Python package in '/home/gwcs/ros2_ws/src/vicon_pkg'
[1.467s] INFO:colcon.colcon_core.shell:Skip shell extension 'powershell' for command environment: Not usable outside of PowerShell
[1.467s] DEBUG:colcon.colcon_core.shell:Skip shell extension 'dsv' for command environment
[1.479s] DEBUG:colcon.colcon_core.event_handler.log_command:Invoked command in '/home/gwcs/ros2_ws/build/pose_to_odom' returned '0': CMAKE_PREFIX_PATH=/opt/ros/humble /usr/bin/cmake --build /home/gwcs/ros2_ws/build/pose_to_odom -- -j6 -l6
[1.499s] DEBUG:colcon.colcon_core.event_handler.log_command:Invoking command in '/home/gwcs/ros2_ws/build/pose_to_odom': CMAKE_PREFIX_PATH=/opt/ros/humble /usr/bin/cmake --install /home/gwcs/ros2_ws/build/pose_to_odom
[1.501s] DEBUG:colcon.colcon_core.event_handler.log_command:Invoked command in '/home/gwcs/ros2_ws/build/roboclaw_serial' returned '0': /usr/bin/cmake --build /home/gwcs/ros2_ws/build/roboclaw_serial -- -j6 -l6
[1.508s] DEBUG:colcon.colcon_core.event_handler.log_command:Invoking command in '/home/gwcs/ros2_ws/build/roboclaw_serial': /usr/bin/cmake --install /home/gwcs/ros2_ws/build/roboclaw_serial
[1.525s] Level 1:colcon.colcon_core.shell:create_environment_hook('roboclaw_serial', 'ros_package_path')
[1.526s] INFO:colcon.colcon_core.shell:Creating environment hook '/home/gwcs/ros2_ws/install/roboclaw_serial/share/roboclaw_serial/hook/ros_package_path.ps1'
[1.530s] INFO:colcon.colcon_core.shell:Creating environment descriptor '/home/gwcs/ros2_ws/install/roboclaw_serial/share/roboclaw_serial/hook/ros_package_path.dsv'
[1.530s] DEBUG:colcon.colcon_core.event_handler.log_command:Invoked command in '/home/gwcs/ros2_ws/build/roboclaw_serial' returned '0': /usr/bin/cmake --install /home/gwcs/ros2_ws/build/roboclaw_serial
[1.532s] INFO:colcon.colcon_core.shell:Creating environment hook '/home/gwcs/ros2_ws/install/roboclaw_serial/share/roboclaw_serial/hook/ros_package_path.sh'
[1.534s] Level 1:colcon.colcon_core.shell:create_environment_hook('roboclaw_serial', 'pkg_config_path')
[1.535s] INFO:colcon.colcon_core.shell:Creating environment hook '/home/gwcs/ros2_ws/install/roboclaw_serial/share/roboclaw_serial/hook/pkg_config_path.ps1'
[1.536s] INFO:colcon.colcon_core.shell:Creating environment descriptor '/home/gwcs/ros2_ws/install/roboclaw_serial/share/roboclaw_serial/hook/pkg_config_path.dsv'
[1.538s] INFO:colcon.colcon_core.shell:Creating environment hook '/home/gwcs/ros2_ws/install/roboclaw_serial/share/roboclaw_serial/hook/pkg_config_path.sh'
[1.554s] Level 1:colcon.colcon_core.shell:create_environment_hook('roboclaw_serial', 'pkg_config_path_multiarch')
[1.555s] INFO:colcon.colcon_core.shell:Creating environment hook '/home/gwcs/ros2_ws/install/roboclaw_serial/share/roboclaw_serial/hook/pkg_config_path_multiarch.ps1'
[1.557s] INFO:colcon.colcon_core.shell:Creating environment descriptor '/home/gwcs/ros2_ws/install/roboclaw_serial/share/roboclaw_serial/hook/pkg_config_path_multiarch.dsv'
[1.557s] INFO:colcon.colcon_core.shell:Creating environment hook '/home/gwcs/ros2_ws/install/roboclaw_serial/share/roboclaw_serial/hook/pkg_config_path_multiarch.sh'
[1.560s] Level 1:colcon.colcon_core.environment:create_environment_scripts_only(roboclaw_serial)
[1.573s] Level 1:colcon.colcon_core.environment:checking '/home/gwcs/ros2_ws/install/roboclaw_serial' for CMake module files
[1.575s] Level 1:colcon.colcon_core.environment:checking '/home/gwcs/ros2_ws/install/roboclaw_serial' for CMake config files
[1.576s] Level 1:colcon.colcon_core.shell:create_environment_hook('roboclaw_serial', 'cmake_prefix_path')
[1.577s] INFO:colcon.colcon_core.shell:Creating environment hook '/home/gwcs/ros2_ws/install/roboclaw_serial/share/roboclaw_serial/hook/cmake_prefix_path.ps1'
[1.578s] INFO:colcon.colcon_core.shell:Creating environment descriptor '/home/gwcs/ros2_ws/install/roboclaw_serial/share/roboclaw_serial/hook/cmake_prefix_path.dsv'
[1.579s] INFO:colcon.colcon_core.shell:Creating environment hook '/home/gwcs/ros2_ws/install/roboclaw_serial/share/roboclaw_serial/hook/cmake_prefix_path.sh'
[1.580s] Level 1:colcon.colcon_core.environment:checking '/home/gwcs/ros2_ws/install/roboclaw_serial/lib'
[1.581s] Level 1:colcon.colcon_core.environment:checking '/home/gwcs/ros2_ws/install/roboclaw_serial/bin'
[1.581s] Level 1:colcon.colcon_core.environment:checking '/home/gwcs/ros2_ws/install/roboclaw_serial/lib/pkgconfig/roboclaw_serial.pc'
[1.581s] Level 1:colcon.colcon_core.environment:checking '/home/gwcs/ros2_ws/install/roboclaw_serial/lib/python3.10/site-packages'
[1.582s] Level 1:colcon.colcon_core.environment:checking '/home/gwcs/ros2_ws/install/roboclaw_serial/bin'
[1.583s] INFO:colcon.colcon_core.shell:Creating package script '/home/gwcs/ros2_ws/install/roboclaw_serial/share/roboclaw_serial/package.ps1'
[1.585s] INFO:colcon.colcon_core.shell:Creating package descriptor '/home/gwcs/ros2_ws/install/roboclaw_serial/share/roboclaw_serial/package.dsv'
[1.587s] INFO:colcon.colcon_core.shell:Creating package script '/home/gwcs/ros2_ws/install/roboclaw_serial/share/roboclaw_serial/package.sh'
[1.589s] INFO:colcon.colcon_core.shell:Creating package script '/home/gwcs/ros2_ws/install/roboclaw_serial/share/roboclaw_serial/package.bash'
[1.590s] INFO:colcon.colcon_core.shell:Creating package script '/home/gwcs/ros2_ws/install/roboclaw_serial/share/roboclaw_serial/package.zsh'
[1.592s] Level 1:colcon.colcon_core.environment:create_file_with_runtime_dependencies(/home/gwcs/ros2_ws/install/roboclaw_serial/share/colcon-core/packages/roboclaw_serial)
[1.593s] Level 1:colcon.colcon_core.environment:create_environment_scripts_only(pose_to_odom)
[1.594s] Level 1:colcon.colcon_core.environment:checking '/home/gwcs/ros2_ws/install/pose_to_odom' for CMake module files
[1.596s] DEBUG:colcon.colcon_core.event_handler.log_command:Invoked command in '/home/gwcs/ros2_ws/build/pose_to_odom' returned '0': CMAKE_PREFIX_PATH=/opt/ros/humble /usr/bin/cmake --install /home/gwcs/ros2_ws/build/pose_to_odom
[1.596s] Level 1:colcon.colcon_core.environment:checking '/home/gwcs/ros2_ws/install/pose_to_odom' for CMake config files
[1.597s] Level 1:colcon.colcon_core.shell:create_environment_hook('pose_to_odom', 'cmake_prefix_path')
[1.597s] INFO:colcon.colcon_core.shell:Creating environment hook '/home/gwcs/ros2_ws/install/pose_to_odom/share/pose_to_odom/hook/cmake_prefix_path.ps1'
[1.598s] INFO:colcon.colcon_core.shell:Creating environment descriptor '/home/gwcs/ros2_ws/install/pose_to_odom/share/pose_to_odom/hook/cmake_prefix_path.dsv'
[1.599s] INFO:colcon.colcon_core.shell:Creating environment hook '/home/gwcs/ros2_ws/install/pose_to_odom/share/pose_to_odom/hook/cmake_prefix_path.sh'
[1.600s] Level 1:colcon.colcon_core.environment:checking '/home/gwcs/ros2_ws/install/pose_to_odom/lib'
[1.601s] Level 1:colcon.colcon_core.environment:checking '/home/gwcs/ros2_ws/install/pose_to_odom/bin'
[1.601s] Level 1:colcon.colcon_core.environment:checking '/home/gwcs/ros2_ws/install/pose_to_odom/lib/pkgconfig/pose_to_odom.pc'
[1.601s] Level 1:colcon.colcon_core.environment:checking '/home/gwcs/ros2_ws/install/pose_to_odom/lib/python3.10/site-packages'
[1.602s] Level 1:colcon.colcon_core.environment:checking '/home/gwcs/ros2_ws/install/pose_to_odom/bin'
[1.602s] INFO:colcon.colcon_core.shell:Creating package script '/home/gwcs/ros2_ws/install/pose_to_odom/share/pose_to_odom/package.ps1'
[1.604s] INFO:colcon.colcon_core.shell:Creating package descriptor '/home/gwcs/ros2_ws/install/pose_to_odom/share/pose_to_odom/package.dsv'
[1.605s] INFO:colcon.colcon_core.shell:Creating package script '/home/gwcs/ros2_ws/install/pose_to_odom/share/pose_to_odom/package.sh'
[1.605s] INFO:colcon.colcon_core.shell:Creating package script '/home/gwcs/ros2_ws/install/pose_to_odom/share/pose_to_odom/package.bash'
[1.606s] INFO:colcon.colcon_core.shell:Creating package script '/home/gwcs/ros2_ws/install/pose_to_odom/share/pose_to_odom/package.zsh'
[1.607s] Level 1:colcon.colcon_core.environment:create_file_with_runtime_dependencies(/home/gwcs/ros2_ws/install/pose_to_odom/share/colcon-core/packages/pose_to_odom)
[1.609s] Level 1:colcon.colcon_core.environment:create_environment_scripts_only(pose_to_odom)
[1.610s] Level 1:colcon.colcon_core.environment:checking '/home/gwcs/ros2_ws/install/pose_to_odom' for CMake module files
[1.611s] Level 1:colcon.colcon_core.environment:checking '/home/gwcs/ros2_ws/install/pose_to_odom' for CMake config files
[1.611s] Level 1:colcon.colcon_core.shell:create_environment_hook('pose_to_odom', 'cmake_prefix_path')
[1.612s] INFO:colcon.colcon_core.shell:Creating environment hook '/home/gwcs/ros2_ws/install/pose_to_odom/share/pose_to_odom/hook/cmake_prefix_path.ps1'
[1.613s] INFO:colcon.colcon_core.shell:Creating environment descriptor '/home/gwcs/ros2_ws/install/pose_to_odom/share/pose_to_odom/hook/cmake_prefix_path.dsv'
[1.613s] INFO:colcon.colcon_core.shell:Creating environment hook '/home/gwcs/ros2_ws/install/pose_to_odom/share/pose_to_odom/hook/cmake_prefix_path.sh'
[1.615s] Level 1:colcon.colcon_core.environment:checking '/home/gwcs/ros2_ws/install/pose_to_odom/lib'
[1.615s] Level 1:colcon.colcon_core.environment:checking '/home/gwcs/ros2_ws/install/pose_to_odom/bin'
[1.615s] Level 1:colcon.colcon_core.environment:checking '/home/gwcs/ros2_ws/install/pose_to_odom/lib/pkgconfig/pose_to_odom.pc'
[1.615s] Level 1:colcon.colcon_core.environment:checking '/home/gwcs/ros2_ws/install/pose_to_odom/lib/python3.10/site-packages'
[1.616s] Level 1:colcon.colcon_core.environment:checking '/home/gwcs/ros2_ws/install/pose_to_odom/bin'
[1.616s] INFO:colcon.colcon_core.shell:Creating package script '/home/gwcs/ros2_ws/install/pose_to_odom/share/pose_to_odom/package.ps1'
[1.618s] INFO:colcon.colcon_core.shell:Creating package descriptor '/home/gwcs/ros2_ws/install/pose_to_odom/share/pose_to_odom/package.dsv'
[1.619s] INFO:colcon.colcon_core.shell:Creating package script '/home/gwcs/ros2_ws/install/pose_to_odom/share/pose_to_odom/package.sh'
[1.619s] INFO:colcon.colcon_core.shell:Creating package script '/home/gwcs/ros2_ws/install/pose_to_odom/share/pose_to_odom/package.bash'
[1.620s] INFO:colcon.colcon_core.shell:Creating package script '/home/gwcs/ros2_ws/install/pose_to_odom/share/pose_to_odom/package.zsh'
[1.621s] Level 1:colcon.colcon_core.environment:create_file_with_runtime_dependencies(/home/gwcs/ros2_ws/install/pose_to_odom/share/colcon-core/packages/pose_to_odom)
[1.622s] INFO:colcon.colcon_ros.task.ament_cmake.build:Building ROS package in '/home/gwcs/ros2_ws/src/roboclaw_hardware_interface' with build type 'ament_cmake'
[1.622s] INFO:colcon.colcon_cmake.task.cmake.build:Building CMake package in '/home/gwcs/ros2_ws/src/roboclaw_hardware_interface'
[1.622s] INFO:colcon.colcon_core.shell:Skip shell extension 'powershell' for command environment: Not usable outside of PowerShell
[1.623s] DEBUG:colcon.colcon_core.shell:Skip shell extension 'dsv' for command environment
[1.641s] DEBUG:colcon.colcon_core.event_handler.log_command:Invoking command in '/home/gwcs/ros2_ws/build/roboclaw_hardware_interface': CMAKE_PREFIX_PATH=/opt/ros/humble:/home/gwcs/ros2_ws/install/roboclaw_serial PKG_CONFIG_PATH=/home/gwcs/ros2_ws/install/roboclaw_serial/lib/aarch64-linux-gnu/pkgconfig:/home/gwcs/ros2_ws/install/roboclaw_serial/lib/pkgconfig ROS_PACKAGE_PATH=/home/gwcs/ros2_ws/install/roboclaw_serial/share /usr/bin/cmake --build /home/gwcs/ros2_ws/build/roboclaw_hardware_interface -- -j6 -l6
[1.715s] DEBUG:colcon.colcon_core.event_handler.log_command:Invoked command in '/home/gwcs/ros2_ws/build/roboclaw_hardware_interface' returned '0': CMAKE_PREFIX_PATH=/opt/ros/humble:/home/gwcs/ros2_ws/install/roboclaw_serial PKG_CONFIG_PATH=/home/gwcs/ros2_ws/install/roboclaw_serial/lib/aarch64-linux-gnu/pkgconfig:/home/gwcs/ros2_ws/install/roboclaw_serial/lib/pkgconfig ROS_PACKAGE_PATH=/home/gwcs/ros2_ws/install/roboclaw_serial/share /usr/bin/cmake --build /home/gwcs/ros2_ws/build/roboclaw_hardware_interface -- -j6 -l6
[1.721s] DEBUG:colcon.colcon_core.event_handler.log_command:Invoking command in '/home/gwcs/ros2_ws/build/roboclaw_hardware_interface': CMAKE_PREFIX_PATH=/opt/ros/humble:/home/gwcs/ros2_ws/install/roboclaw_serial PKG_CONFIG_PATH=/home/gwcs/ros2_ws/install/roboclaw_serial/lib/aarch64-linux-gnu/pkgconfig:/home/gwcs/ros2_ws/install/roboclaw_serial/lib/pkgconfig ROS_PACKAGE_PATH=/home/gwcs/ros2_ws/install/roboclaw_serial/share /usr/bin/cmake --install /home/gwcs/ros2_ws/build/roboclaw_hardware_interface
[1.735s] Level 1:colcon.colcon_core.environment:create_environment_scripts_only(roboclaw_hardware_interface)
[1.736s] Level 1:colcon.colcon_core.environment:checking '/home/gwcs/ros2_ws/install/roboclaw_hardware_interface' for CMake module files
[1.739s] DEBUG:colcon.colcon_core.event_handler.log_command:Invoked command in '/home/gwcs/ros2_ws/build/roboclaw_hardware_interface' returned '0': CMAKE_PREFIX_PATH=/opt/ros/humble:/home/gwcs/ros2_ws/install/roboclaw_serial PKG_CONFIG_PATH=/home/gwcs/ros2_ws/install/roboclaw_serial/lib/aarch64-linux-gnu/pkgconfig:/home/gwcs/ros2_ws/install/roboclaw_serial/lib/pkgconfig ROS_PACKAGE_PATH=/home/gwcs/ros2_ws/install/roboclaw_serial/share /usr/bin/cmake --install /home/gwcs/ros2_ws/build/roboclaw_hardware_interface
[1.740s] Level 1:colcon.colcon_core.environment:checking '/home/gwcs/ros2_ws/install/roboclaw_hardware_interface' for CMake config files
[1.741s] Level 1:colcon.colcon_core.shell:create_environment_hook('roboclaw_hardware_interface', 'cmake_prefix_path')
[1.741s] INFO:colcon.colcon_core.shell:Creating environment hook '/home/gwcs/ros2_ws/install/roboclaw_hardware_interface/share/roboclaw_hardware_interface/hook/cmake_prefix_path.ps1'
[1.743s] INFO:colcon.colcon_core.shell:Creating environment descriptor '/home/gwcs/ros2_ws/install/roboclaw_hardware_interface/share/roboclaw_hardware_interface/hook/cmake_prefix_path.dsv'
[1.745s] INFO:colcon.colcon_core.shell:Creating environment hook '/home/gwcs/ros2_ws/install/roboclaw_hardware_interface/share/roboclaw_hardware_interface/hook/cmake_prefix_path.sh'
[1.747s] Level 1:colcon.colcon_core.environment:checking '/home/gwcs/ros2_ws/install/roboclaw_hardware_interface/lib'
[1.747s] Level 1:colcon.colcon_core.shell:create_environment_hook('roboclaw_hardware_interface', 'ld_library_path_lib')
[1.748s] INFO:colcon.colcon_core.shell:Creating environment hook '/home/gwcs/ros2_ws/install/roboclaw_hardware_interface/share/roboclaw_hardware_interface/hook/ld_library_path_lib.ps1'
[1.749s] INFO:colcon.colcon_core.shell:Creating environment descriptor '/home/gwcs/ros2_ws/install/roboclaw_hardware_interface/share/roboclaw_hardware_interface/hook/ld_library_path_lib.dsv'
[1.750s] INFO:colcon.colcon_core.shell:Creating environment hook '/home/gwcs/ros2_ws/install/roboclaw_hardware_interface/share/roboclaw_hardware_interface/hook/ld_library_path_lib.sh'
[1.752s] Level 1:colcon.colcon_core.environment:checking '/home/gwcs/ros2_ws/install/roboclaw_hardware_interface/bin'
[1.752s] Level 1:colcon.colcon_core.environment:checking '/home/gwcs/ros2_ws/install/roboclaw_hardware_interface/lib/pkgconfig/roboclaw_hardware_interface.pc'
[1.753s] Level 1:colcon.colcon_core.environment:checking '/home/gwcs/ros2_ws/install/roboclaw_hardware_interface/lib/python3.10/site-packages'
[1.754s] Level 1:colcon.colcon_core.environment:checking '/home/gwcs/ros2_ws/install/roboclaw_hardware_interface/bin'
[1.755s] INFO:colcon.colcon_core.shell:Creating package script '/home/gwcs/ros2_ws/install/roboclaw_hardware_interface/share/roboclaw_hardware_interface/package.ps1'
[1.758s] INFO:colcon.colcon_core.shell:Creating package descriptor '/home/gwcs/ros2_ws/install/roboclaw_hardware_interface/share/roboclaw_hardware_interface/package.dsv'
[1.759s] INFO:colcon.colcon_core.shell:Creating package script '/home/gwcs/ros2_ws/install/roboclaw_hardware_interface/share/roboclaw_hardware_interface/package.sh'
[1.761s] INFO:colcon.colcon_core.shell:Creating package script '/home/gwcs/ros2_ws/install/roboclaw_hardware_interface/share/roboclaw_hardware_interface/package.bash'
[1.762s] INFO:colcon.colcon_core.shell:Creating package script '/home/gwcs/ros2_ws/install/roboclaw_hardware_interface/share/roboclaw_hardware_interface/package.zsh'
[1.763s] Level 1:colcon.colcon_core.environment:create_file_with_runtime_dependencies(/home/gwcs/ros2_ws/install/roboclaw_hardware_interface/share/colcon-core/packages/roboclaw_hardware_interface)
[1.768s] Level 1:colcon.colcon_core.environment:create_environment_scripts_only(roboclaw_hardware_interface)
[1.769s] Level 1:colcon.colcon_core.environment:checking '/home/gwcs/ros2_ws/install/roboclaw_hardware_interface' for CMake module files
[1.770s] Level 1:colcon.colcon_core.environment:checking '/home/gwcs/ros2_ws/install/roboclaw_hardware_interface' for CMake config files
[1.771s] Level 1:colcon.colcon_core.shell:create_environment_hook('roboclaw_hardware_interface', 'cmake_prefix_path')
[1.771s] INFO:colcon.colcon_core.shell:Creating environment hook '/home/gwcs/ros2_ws/install/roboclaw_hardware_interface/share/roboclaw_hardware_interface/hook/cmake_prefix_path.ps1'
[1.773s] INFO:colcon.colcon_core.shell:Creating environment descriptor '/home/gwcs/ros2_ws/install/roboclaw_hardware_interface/share/roboclaw_hardware_interface/hook/cmake_prefix_path.dsv'
[1.774s] INFO:colcon.colcon_core.shell:Creating environment hook '/home/gwcs/ros2_ws/install/roboclaw_hardware_interface/share/roboclaw_hardware_interface/hook/cmake_prefix_path.sh'
[1.776s] Level 1:colcon.colcon_core.environment:checking '/home/gwcs/ros2_ws/install/roboclaw_hardware_interface/lib'
[1.777s] Level 1:colcon.colcon_core.shell:create_environment_hook('roboclaw_hardware_interface', 'ld_library_path_lib')
[1.777s] INFO:colcon.colcon_core.shell:Creating environment hook '/home/gwcs/ros2_ws/install/roboclaw_hardware_interface/share/roboclaw_hardware_interface/hook/ld_library_path_lib.ps1'
[1.779s] INFO:colcon.colcon_core.shell:Creating environment descriptor '/home/gwcs/ros2_ws/install/roboclaw_hardware_interface/share/roboclaw_hardware_interface/hook/ld_library_path_lib.dsv'
[1.780s] INFO:colcon.colcon_core.shell:Creating environment hook '/home/gwcs/ros2_ws/install/roboclaw_hardware_interface/share/roboclaw_hardware_interface/hook/ld_library_path_lib.sh'
[1.781s] Level 1:colcon.colcon_core.environment:checking '/home/gwcs/ros2_ws/install/roboclaw_hardware_interface/bin'
[1.781s] Level 1:colcon.colcon_core.environment:checking '/home/gwcs/ros2_ws/install/roboclaw_hardware_interface/lib/pkgconfig/roboclaw_hardware_interface.pc'
[1.782s] Level 1:colcon.colcon_core.environment:checking '/home/gwcs/ros2_ws/install/roboclaw_hardware_interface/lib/python3.10/site-packages'
[1.783s] Level 1:colcon.colcon_core.environment:checking '/home/gwcs/ros2_ws/install/roboclaw_hardware_interface/bin'
[1.784s] INFO:colcon.colcon_core.shell:Creating package script '/home/gwcs/ros2_ws/install/roboclaw_hardware_interface/share/roboclaw_hardware_interface/package.ps1'
[1.787s] INFO:colcon.colcon_core.shell:Creating package descriptor '/home/gwcs/ros2_ws/install/roboclaw_hardware_interface/share/roboclaw_hardware_interface/package.dsv'
[1.788s] INFO:colcon.colcon_core.shell:Creating package script '/home/gwcs/ros2_ws/install/roboclaw_hardware_interface/share/roboclaw_hardware_interface/package.sh'
[1.790s] INFO:colcon.colcon_core.shell:Creating package script '/home/gwcs/ros2_ws/install/roboclaw_hardware_interface/share/roboclaw_hardware_interface/package.bash'
[1.791s] INFO:colcon.colcon_core.shell:Creating package script '/home/gwcs/ros2_ws/install/roboclaw_hardware_interface/share/roboclaw_hardware_interface/package.zsh'
[1.792s] Level 1:colcon.colcon_core.environment:create_file_with_runtime_dependencies(/home/gwcs/ros2_ws/install/roboclaw_hardware_interface/share/colcon-core/packages/roboclaw_hardware_interface)
[1.793s] INFO:colcon.colcon_ros.task.ament_cmake.build:Building ROS package in '/home/gwcs/ros2_ws/src/dumbot_bringup' with build type 'ament_cmake'
[1.794s] INFO:colcon.colcon_cmake.task.cmake.build:Building CMake package in '/home/gwcs/ros2_ws/src/dumbot_bringup'
[1.794s] INFO:colcon.colcon_core.shell:Skip shell extension 'powershell' for command environment: Not usable outside of PowerShell
[1.795s] DEBUG:colcon.colcon_core.shell:Skip shell extension 'dsv' for command environment
[1.822s] DEBUG:colcon.colcon_core.event_handler.log_command:Invoking command in '/home/gwcs/ros2_ws/build/dumbot_bringup': AMENT_PREFIX_PATH=/home/gwcs/ros2_ws/install/roboclaw_hardware_interface:${AMENT_PREFIX_PATH} CMAKE_PREFIX_PATH=/home/gwcs/ros2_ws/install/roboclaw_hardware_interface:/opt/ros/humble:/home/gwcs/ros2_ws/install/roboclaw_serial LD_LIBRARY_PATH=/home/gwcs/ros2_ws/install/roboclaw_hardware_interface/lib:/opt/ros/humble/opt/rviz_ogre_vendor/lib:/opt/ros/humble/lib/aarch64-linux-gnu:/opt/ros/humble/lib:/usr/local/cuda-12.6/lib64 PKG_CONFIG_PATH=/home/gwcs/ros2_ws/install/roboclaw_serial/lib/aarch64-linux-gnu/pkgconfig:/home/gwcs/ros2_ws/install/roboclaw_serial/lib/pkgconfig ROS_PACKAGE_PATH=/home/gwcs/ros2_ws/install/roboclaw_serial/share /usr/bin/cmake --build /home/gwcs/ros2_ws/build/dumbot_bringup -- -j6 -l6
[1.870s] DEBUG:colcon.colcon_core.event_handler.log_command:Invoked command in '/home/gwcs/ros2_ws/build/dumbot_bringup' returned '0': AMENT_PREFIX_PATH=/home/gwcs/ros2_ws/install/roboclaw_hardware_interface:${AMENT_PREFIX_PATH} CMAKE_PREFIX_PATH=/home/gwcs/ros2_ws/install/roboclaw_hardware_interface:/opt/ros/humble:/home/gwcs/ros2_ws/install/roboclaw_serial LD_LIBRARY_PATH=/home/gwcs/ros2_ws/install/roboclaw_hardware_interface/lib:/opt/ros/humble/opt/rviz_ogre_vendor/lib:/opt/ros/humble/lib/aarch64-linux-gnu:/opt/ros/humble/lib:/usr/local/cuda-12.6/lib64 PKG_CONFIG_PATH=/home/gwcs/ros2_ws/install/roboclaw_serial/lib/aarch64-linux-gnu/pkgconfig:/home/gwcs/ros2_ws/install/roboclaw_serial/lib/pkgconfig ROS_PACKAGE_PATH=/home/gwcs/ros2_ws/install/roboclaw_serial/share /usr/bin/cmake --build /home/gwcs/ros2_ws/build/dumbot_bringup -- -j6 -l6
[1.875s] DEBUG:colcon.colcon_core.event_handler.log_command:Invoking command in '/home/gwcs/ros2_ws/build/dumbot_bringup': AMENT_PREFIX_PATH=/home/gwcs/ros2_ws/install/roboclaw_hardware_interface:${AMENT_PREFIX_PATH} CMAKE_PREFIX_PATH=/home/gwcs/ros2_ws/install/roboclaw_hardware_interface:/opt/ros/humble:/home/gwcs/ros2_ws/install/roboclaw_serial LD_LIBRARY_PATH=/home/gwcs/ros2_ws/install/roboclaw_hardware_interface/lib:/opt/ros/humble/opt/rviz_ogre_vendor/lib:/opt/ros/humble/lib/aarch64-linux-gnu:/opt/ros/humble/lib:/usr/local/cuda-12.6/lib64 PKG_CONFIG_PATH=/home/gwcs/ros2_ws/install/roboclaw_serial/lib/aarch64-linux-gnu/pkgconfig:/home/gwcs/ros2_ws/install/roboclaw_serial/lib/pkgconfig ROS_PACKAGE_PATH=/home/gwcs/ros2_ws/install/roboclaw_serial/share /usr/bin/cmake --install /home/gwcs/ros2_ws/build/dumbot_bringup
[1.889s] Level 1:colcon.colcon_core.environment:create_environment_scripts_only(dumbot_bringup)
[1.890s] Level 1:colcon.colcon_core.environment:checking '/home/gwcs/ros2_ws/install/dumbot_bringup' for CMake module files
[1.894s] DEBUG:colcon.colcon_core.event_handler.log_command:Invoked command in '/home/gwcs/ros2_ws/build/dumbot_bringup' returned '0': AMENT_PREFIX_PATH=/home/gwcs/ros2_ws/install/roboclaw_hardware_interface:${AMENT_PREFIX_PATH} CMAKE_PREFIX_PATH=/home/gwcs/ros2_ws/install/roboclaw_hardware_interface:/opt/ros/humble:/home/gwcs/ros2_ws/install/roboclaw_serial LD_LIBRARY_PATH=/home/gwcs/ros2_ws/install/roboclaw_hardware_interface/lib:/opt/ros/humble/opt/rviz_ogre_vendor/lib:/opt/ros/humble/lib/aarch64-linux-gnu:/opt/ros/humble/lib:/usr/local/cuda-12.6/lib64 PKG_CONFIG_PATH=/home/gwcs/ros2_ws/install/roboclaw_serial/lib/aarch64-linux-gnu/pkgconfig:/home/gwcs/ros2_ws/install/roboclaw_serial/lib/pkgconfig ROS_PACKAGE_PATH=/home/gwcs/ros2_ws/install/roboclaw_serial/share /usr/bin/cmake --install /home/gwcs/ros2_ws/build/dumbot_bringup
[1.894s] Level 1:colcon.colcon_core.environment:checking '/home/gwcs/ros2_ws/install/dumbot_bringup' for CMake config files
[1.896s] Level 1:colcon.colcon_core.shell:create_environment_hook('dumbot_bringup', 'cmake_prefix_path')
[1.897s] INFO:colcon.colcon_core.shell:Creating environment hook '/home/gwcs/ros2_ws/install/dumbot_bringup/share/dumbot_bringup/hook/cmake_prefix_path.ps1'
[1.899s] INFO:colcon.colcon_core.shell:Creating environment descriptor '/home/gwcs/ros2_ws/install/dumbot_bringup/share/dumbot_bringup/hook/cmake_prefix_path.dsv'
[1.900s] INFO:colcon.colcon_core.shell:Creating environment hook '/home/gwcs/ros2_ws/install/dumbot_bringup/share/dumbot_bringup/hook/cmake_prefix_path.sh'
[1.902s] Level 1:colcon.colcon_core.environment:checking '/home/gwcs/ros2_ws/install/dumbot_bringup/bin'
[1.902s] Level 1:colcon.colcon_core.environment:checking '/home/gwcs/ros2_ws/install/dumbot_bringup/lib/pkgconfig/dumbot_bringup.pc'
[1.903s] Level 1:colcon.colcon_core.environment:checking '/home/gwcs/ros2_ws/install/dumbot_bringup/lib/python3.10/site-packages'
[1.904s] Level 1:colcon.colcon_core.environment:checking '/home/gwcs/ros2_ws/install/dumbot_bringup/bin'
[1.905s] INFO:colcon.colcon_core.shell:Creating package script '/home/gwcs/ros2_ws/install/dumbot_bringup/share/dumbot_bringup/package.ps1'
[1.907s] INFO:colcon.colcon_core.shell:Creating package descriptor '/home/gwcs/ros2_ws/install/dumbot_bringup/share/dumbot_bringup/package.dsv'
[1.909s] INFO:colcon.colcon_core.shell:Creating package script '/home/gwcs/ros2_ws/install/dumbot_bringup/share/dumbot_bringup/package.sh'
[1.910s] INFO:colcon.colcon_core.shell:Creating package script '/home/gwcs/ros2_ws/install/dumbot_bringup/share/dumbot_bringup/package.bash'
[1.912s] INFO:colcon.colcon_core.shell:Creating package script '/home/gwcs/ros2_ws/install/dumbot_bringup/share/dumbot_bringup/package.zsh'
[1.913s] Level 1:colcon.colcon_core.environment:create_file_with_runtime_dependencies(/home/gwcs/ros2_ws/install/dumbot_bringup/share/colcon-core/packages/dumbot_bringup)
[1.915s] Level 1:colcon.colcon_core.environment:create_environment_scripts_only(dumbot_bringup)
[1.916s] Level 1:colcon.colcon_core.environment:checking '/home/gwcs/ros2_ws/install/dumbot_bringup' for CMake module files
[1.917s] Level 1:colcon.colcon_core.environment:checking '/home/gwcs/ros2_ws/install/dumbot_bringup' for CMake config files
[1.918s] Level 1:colcon.colcon_core.shell:create_environment_hook('dumbot_bringup', 'cmake_prefix_path')
[1.919s] INFO:colcon.colcon_core.shell:Creating environment hook '/home/gwcs/ros2_ws/install/dumbot_bringup/share/dumbot_bringup/hook/cmake_prefix_path.ps1'
[1.920s] INFO:colcon.colcon_core.shell:Creating environment descriptor '/home/gwcs/ros2_ws/install/dumbot_bringup/share/dumbot_bringup/hook/cmake_prefix_path.dsv'
[1.922s] INFO:colcon.colcon_core.shell:Creating environment hook '/home/gwcs/ros2_ws/install/dumbot_bringup/share/dumbot_bringup/hook/cmake_prefix_path.sh'
[1.923s] Level 1:colcon.colcon_core.environment:checking '/home/gwcs/ros2_ws/install/dumbot_bringup/bin'
[1.924s] Level 1:colcon.colcon_core.environment:checking '/home/gwcs/ros2_ws/install/dumbot_bringup/lib/pkgconfig/dumbot_bringup.pc'
[1.924s] Level 1:colcon.colcon_core.environment:checking '/home/gwcs/ros2_ws/install/dumbot_bringup/lib/python3.10/site-packages'
[1.926s] Level 1:colcon.colcon_core.environment:checking '/home/gwcs/ros2_ws/install/dumbot_bringup/bin'
[1.927s] INFO:colcon.colcon_core.shell:Creating package script '/home/gwcs/ros2_ws/install/dumbot_bringup/share/dumbot_bringup/package.ps1'
[1.929s] INFO:colcon.colcon_core.shell:Creating package descriptor '/home/gwcs/ros2_ws/install/dumbot_bringup/share/dumbot_bringup/package.dsv'
[1.930s] INFO:colcon.colcon_core.shell:Creating package script '/home/gwcs/ros2_ws/install/dumbot_bringup/share/dumbot_bringup/package.sh'
[1.932s] INFO:colcon.colcon_core.shell:Creating package script '/home/gwcs/ros2_ws/install/dumbot_bringup/share/dumbot_bringup/package.bash'
[1.934s] INFO:colcon.colcon_core.shell:Creating package script '/home/gwcs/ros2_ws/install/dumbot_bringup/share/dumbot_bringup/package.zsh'
[1.935s] Level 1:colcon.colcon_core.environment:create_file_with_runtime_dependencies(/home/gwcs/ros2_ws/install/dumbot_bringup/share/colcon-core/packages/dumbot_bringup)
[2.377s] DEBUG:colcon.colcon_core.event_handler.log_command:Invoking command in '/home/gwcs/ros2_ws/src/vicon_pkg': PYTHONPATH=/home/gwcs/ros2_ws/build/vicon_pkg/prefix_override:/usr/lib/python3/dist-packages/colcon_core/task/python/colcon_distutils_commands:/home/gwcs/ros2_ws/install/vicon_pkg/lib/python3.10/site-packages:${PYTHONPATH} /usr/bin/python3 -W ignore:setup.py install is deprecated -W ignore:easy_install command is deprecated setup.py egg_info --egg-base ../../build/vicon_pkg build --build-base /home/gwcs/ros2_ws/build/vicon_pkg/build install --record /home/gwcs/ros2_ws/build/vicon_pkg/install.log --single-version-externally-managed install_data
[2.962s] Level 1:colcon.colcon_core.environment:checking '/home/gwcs/ros2_ws/install/vicon_pkg' for CMake module files
[2.963s] DEBUG:colcon.colcon_core.event_handler.log_command:Invoked command in '/home/gwcs/ros2_ws/src/vicon_pkg' returned '0': PYTHONPATH=/home/gwcs/ros2_ws/build/vicon_pkg/prefix_override:/usr/lib/python3/dist-packages/colcon_core/task/python/colcon_distutils_commands:/home/gwcs/ros2_ws/install/vicon_pkg/lib/python3.10/site-packages:${PYTHONPATH} /usr/bin/python3 -W ignore:setup.py install is deprecated -W ignore:easy_install command is deprecated setup.py egg_info --egg-base ../../build/vicon_pkg build --build-base /home/gwcs/ros2_ws/build/vicon_pkg/build install --record /home/gwcs/ros2_ws/build/vicon_pkg/install.log --single-version-externally-managed install_data
[2.965s] Level 1:colcon.colcon_core.environment:checking '/home/gwcs/ros2_ws/install/vicon_pkg' for CMake config files
[2.969s] Level 1:colcon.colcon_core.environment:checking '/home/gwcs/ros2_ws/install/vicon_pkg/lib'
[2.969s] Level 1:colcon.colcon_core.environment:checking '/home/gwcs/ros2_ws/install/vicon_pkg/bin'
[2.970s] Level 1:colcon.colcon_core.environment:checking '/home/gwcs/ros2_ws/install/vicon_pkg/lib/pkgconfig/vicon_pkg.pc'
[2.971s] Level 1:colcon.colcon_core.environment:checking '/home/gwcs/ros2_ws/install/vicon_pkg/lib/python3.10/site-packages'
[2.971s] Level 1:colcon.colcon_core.shell:create_environment_hook('vicon_pkg', 'pythonpath')
[2.973s] INFO:colcon.colcon_core.shell:Creating environment hook '/home/gwcs/ros2_ws/install/vicon_pkg/share/vicon_pkg/hook/pythonpath.ps1'
[2.978s] INFO:colcon.colcon_core.shell:Creating environment descriptor '/home/gwcs/ros2_ws/install/vicon_pkg/share/vicon_pkg/hook/pythonpath.dsv'
[2.979s] INFO:colcon.colcon_core.shell:Creating environment hook '/home/gwcs/ros2_ws/install/vicon_pkg/share/vicon_pkg/hook/pythonpath.sh'
[2.983s] Level 1:colcon.colcon_core.environment:checking '/home/gwcs/ros2_ws/install/vicon_pkg/bin'
[2.984s] Level 1:colcon.colcon_core.environment:create_environment_scripts_only(vicon_pkg)
[2.985s] INFO:colcon.colcon_core.shell:Creating package script '/home/gwcs/ros2_ws/install/vicon_pkg/share/vicon_pkg/package.ps1'
[2.990s] INFO:colcon.colcon_core.shell:Creating package descriptor '/home/gwcs/ros2_ws/install/vicon_pkg/share/vicon_pkg/package.dsv'
[2.993s] INFO:colcon.colcon_core.shell:Creating package script '/home/gwcs/ros2_ws/install/vicon_pkg/share/vicon_pkg/package.sh'
[2.995s] INFO:colcon.colcon_core.shell:Creating package script '/home/gwcs/ros2_ws/install/vicon_pkg/share/vicon_pkg/package.bash'
[2.997s] INFO:colcon.colcon_core.shell:Creating package script '/home/gwcs/ros2_ws/install/vicon_pkg/share/vicon_pkg/package.zsh'
[2.999s] Level 1:colcon.colcon_core.environment:create_file_with_runtime_dependencies(/home/gwcs/ros2_ws/install/vicon_pkg/share/colcon-core/packages/vicon_pkg)
[3.001s] DEBUG:colcon.colcon_parallel_executor.executor.parallel:closing loop
[3.003s] DEBUG:colcon.colcon_parallel_executor.executor.parallel:loop closed
[3.004s] DEBUG:colcon.colcon_parallel_executor.executor.parallel:run_until_complete finished with '0'
[3.004s] DEBUG:colcon.colcon_core.event_reactor:joining thread
[3.044s] INFO:colcon.colcon_core.plugin_system:Skipping extension 'colcon_notification.desktop_notification.terminal_notifier': Not used on non-Darwin systems
[3.045s] INFO:colcon.colcon_core.plugin_system:Skipping extension 'colcon_notification.desktop_notification.win32': Not used on non-Windows systems
[3.046s] INFO:colcon.colcon_notification.desktop_notification:Sending desktop notification using 'notify2'
[3.145s] DEBUG:colcon.colcon_core.event_reactor:joined thread
[3.146s] INFO:colcon.colcon_core.shell:Creating prefix script '/home/gwcs/ros2_ws/install/local_setup.ps1'
[3.150s] INFO:colcon.colcon_core.shell:Creating prefix util module '/home/gwcs/ros2_ws/install/_local_setup_util_ps1.py'
[3.155s] INFO:colcon.colcon_core.shell:Creating prefix chain script '/home/gwcs/ros2_ws/install/setup.ps1'
[3.159s] INFO:colcon.colcon_core.shell:Creating prefix script '/home/gwcs/ros2_ws/install/local_setup.sh'
[3.161s] INFO:colcon.colcon_core.shell:Creating prefix util module '/home/gwcs/ros2_ws/install/_local_setup_util_sh.py'
[3.162s] INFO:colcon.colcon_core.shell:Creating prefix chain script '/home/gwcs/ros2_ws/install/setup.sh'
[3.165s] INFO:colcon.colcon_core.shell:Creating prefix script '/home/gwcs/ros2_ws/install/local_setup.bash'
[3.166s] INFO:colcon.colcon_core.shell:Creating prefix chain script '/home/gwcs/ros2_ws/install/setup.bash'
[3.168s] INFO:colcon.colcon_core.shell:Creating prefix script '/home/gwcs/ros2_ws/install/local_setup.zsh'
[3.169s] INFO:colcon.colcon_core.shell:Creating prefix chain script '/home/gwcs/ros2_ws/install/setup.zsh'
