[0.202s] DEBUG:colcon:Command line arguments: ['/usr/bin/colcon', 'build']
[0.202s] DEBUG:colcon:Parsed command line arguments: Namespace(log_base=None, log_level=None, verb_name='build', build_base='build', install_base='install', merge_install=False, symlink_install=False, test_result_base=None, continue_on_error=False, executor='parallel', parallel_workers=6, event_handlers=None, ignore_user_meta=False, metas=['./colcon.meta'], base_paths=['.'], packages_ignore=None, packages_ignore_regex=None, paths=None, packages_up_to=None, packages_up_to_regex=None, packages_above=None, packages_above_and_dependencies=None, packages_above_depth=None, packages_select_by_dep=None, packages_skip_by_dep=None, packages_skip_up_to=None, packages_select_build_failed=False, packages_skip_build_finished=False, packages_select_test_failures=False, packages_skip_test_passed=False, packages_select=None, packages_skip=None, packages_select_regex=None, packages_skip_regex=None, packages_start=None, packages_end=None, allow_overriding=[], cmake_args=None, cmake_target=None, cmake_target_skip_unavailable=False, cmake_clean_cache=False, cmake_clean_first=False, cmake_force_configure=False, ament_cmake_args=None, catkin_cmake_args=None, catkin_skip_building_tests=False, mixin_files=None, mixin=None, verb_parser=<colcon_mixin.mixin.mixin_argument.MixinArgumentDecorator object at 0xffffb0e71780>, verb_extension=<colcon_core.verb.build.BuildVerb object at 0xffffb0fef610>, main=<bound method BuildVerb.main of <colcon_core.verb.build.BuildVerb object at 0xffffb0fef610>>, mixin_verb=('build',))
[0.515s] Level 1:colcon.colcon_core.package_discovery:discover_packages(colcon_meta) check parameters
[0.515s] Level 1:colcon.colcon_core.package_discovery:discover_packages(recursive) check parameters
[0.515s] Level 1:colcon.colcon_core.package_discovery:discover_packages(ignore) check parameters
[0.515s] Level 1:colcon.colcon_core.package_discovery:discover_packages(path) check parameters
[0.515s] Level 1:colcon.colcon_core.package_discovery:discover_packages(colcon_meta) discover
[0.515s] Level 1:colcon.colcon_core.package_discovery:discover_packages(recursive) discover
[0.516s] INFO:colcon.colcon_core.package_discovery:Crawling recursively for packages in '/home/gwcs/ros2_ws'
[0.516s] Level 1:colcon.colcon_core.package_identification:_identify(.) by extensions ['ignore', 'ignore_ament_install']
[0.516s] Level 1:colcon.colcon_core.package_identification:_identify(.) by extension 'ignore'
[0.516s] Level 1:colcon.colcon_core.package_identification:_identify(.) by extension 'ignore_ament_install'
[0.516s] Level 1:colcon.colcon_core.package_identification:_identify(.) by extensions ['colcon_pkg']
[0.516s] Level 1:colcon.colcon_core.package_identification:_identify(.) by extension 'colcon_pkg'
[0.516s] Level 1:colcon.colcon_core.package_identification:_identify(.) by extensions ['colcon_meta']
[0.516s] Level 1:colcon.colcon_core.package_identification:_identify(.) by extension 'colcon_meta'
[0.516s] Level 1:colcon.colcon_core.package_identification:_identify(.) by extensions ['ros']
[0.517s] Level 1:colcon.colcon_core.package_identification:_identify(.) by extension 'ros'
[0.536s] Level 1:colcon.colcon_core.package_identification:_identify(.) by extensions ['cmake', 'python']
[0.536s] Level 1:colcon.colcon_core.package_identification:_identify(.) by extension 'cmake'
[0.536s] Level 1:colcon.colcon_core.package_identification:_identify(.) by extension 'python'
[0.536s] Level 1:colcon.colcon_core.package_identification:_identify(.) by extensions ['python_setup_py']
[0.536s] Level 1:colcon.colcon_core.package_identification:_identify(.) by extension 'python_setup_py'
[0.537s] Level 1:colcon.colcon_core.package_identification:_identify(build) by extensions ['ignore', 'ignore_ament_install']
[0.537s] Level 1:colcon.colcon_core.package_identification:_identify(build) by extension 'ignore'
[0.537s] Level 1:colcon.colcon_core.package_identification:_identify(build) ignored
[0.537s] Level 1:colcon.colcon_core.package_identification:_identify(install) by extensions ['ignore', 'ignore_ament_install']
[0.537s] Level 1:colcon.colcon_core.package_identification:_identify(install) by extension 'ignore'
[0.537s] Level 1:colcon.colcon_core.package_identification:_identify(install) ignored
[0.538s] Level 1:colcon.colcon_core.package_identification:_identify(log) by extensions ['ignore', 'ignore_ament_install']
[0.538s] Level 1:colcon.colcon_core.package_identification:_identify(log) by extension 'ignore'
[0.538s] Level 1:colcon.colcon_core.package_identification:_identify(log) ignored
[0.538s] Level 1:colcon.colcon_core.package_identification:_identify(src) by extensions ['ignore', 'ignore_ament_install']
[0.538s] Level 1:colcon.colcon_core.package_identification:_identify(src) by extension 'ignore'
[0.538s] Level 1:colcon.colcon_core.package_identification:_identify(src) by extension 'ignore_ament_install'
[0.538s] Level 1:colcon.colcon_core.package_identification:_identify(src) by extensions ['colcon_pkg']
[0.538s] Level 1:colcon.colcon_core.package_identification:_identify(src) by extension 'colcon_pkg'
[0.539s] Level 1:colcon.colcon_core.package_identification:_identify(src) by extensions ['colcon_meta']
[0.539s] Level 1:colcon.colcon_core.package_identification:_identify(src) by extension 'colcon_meta'
[0.539s] Level 1:colcon.colcon_core.package_identification:_identify(src) by extensions ['ros']
[0.539s] Level 1:colcon.colcon_core.package_identification:_identify(src) by extension 'ros'
[0.539s] Level 1:colcon.colcon_core.package_identification:_identify(src) by extensions ['cmake', 'python']
[0.539s] Level 1:colcon.colcon_core.package_identification:_identify(src) by extension 'cmake'
[0.539s] Level 1:colcon.colcon_core.package_identification:_identify(src) by extension 'python'
[0.539s] Level 1:colcon.colcon_core.package_identification:_identify(src) by extensions ['python_setup_py']
[0.539s] Level 1:colcon.colcon_core.package_identification:_identify(src) by extension 'python_setup_py'
[0.539s] Level 1:colcon.colcon_core.package_identification:_identify(src/dumbot_bringup) by extensions ['ignore', 'ignore_ament_install']
[0.539s] Level 1:colcon.colcon_core.package_identification:_identify(src/dumbot_bringup) by extension 'ignore'
[0.540s] Level 1:colcon.colcon_core.package_identification:_identify(src/dumbot_bringup) by extension 'ignore_ament_install'
[0.540s] Level 1:colcon.colcon_core.package_identification:_identify(src/dumbot_bringup) by extensions ['colcon_pkg']
[0.540s] Level 1:colcon.colcon_core.package_identification:_identify(src/dumbot_bringup) by extension 'colcon_pkg'
[0.540s] Level 1:colcon.colcon_core.package_identification:_identify(src/dumbot_bringup) by extensions ['colcon_meta']
[0.540s] Level 1:colcon.colcon_core.package_identification:_identify(src/dumbot_bringup) by extension 'colcon_meta'
[0.540s] Level 1:colcon.colcon_core.package_identification:_identify(src/dumbot_bringup) by extensions ['ros']
[0.540s] Level 1:colcon.colcon_core.package_identification:_identify(src/dumbot_bringup) by extension 'ros'
[0.545s] DEBUG:colcon.colcon_core.package_identification:Package 'src/dumbot_bringup' with type 'ros.ament_cmake' and name 'dumbot_bringup'
[0.545s] Level 1:colcon.colcon_core.package_identification:_identify(src/pose_to_odom) by extensions ['ignore', 'ignore_ament_install']
[0.545s] Level 1:colcon.colcon_core.package_identification:_identify(src/pose_to_odom) by extension 'ignore'
[0.545s] Level 1:colcon.colcon_core.package_identification:_identify(src/pose_to_odom) by extension 'ignore_ament_install'
[0.546s] Level 1:colcon.colcon_core.package_identification:_identify(src/pose_to_odom) by extensions ['colcon_pkg']
[0.546s] Level 1:colcon.colcon_core.package_identification:_identify(src/pose_to_odom) by extension 'colcon_pkg'
[0.546s] Level 1:colcon.colcon_core.package_identification:_identify(src/pose_to_odom) by extensions ['colcon_meta']
[0.546s] Level 1:colcon.colcon_core.package_identification:_identify(src/pose_to_odom) by extension 'colcon_meta'
[0.546s] Level 1:colcon.colcon_core.package_identification:_identify(src/pose_to_odom) by extensions ['ros']
[0.546s] Level 1:colcon.colcon_core.package_identification:_identify(src/pose_to_odom) by extension 'ros'
[0.547s] DEBUG:colcon.colcon_core.package_identification:Package 'src/pose_to_odom' with type 'ros.ament_cmake' and name 'pose_to_odom'
[0.547s] Level 1:colcon.colcon_core.package_identification:_identify(src/roboclaw_hardware_interface) by extensions ['ignore', 'ignore_ament_install']
[0.548s] Level 1:colcon.colcon_core.package_identification:_identify(src/roboclaw_hardware_interface) by extension 'ignore'
[0.548s] Level 1:colcon.colcon_core.package_identification:_identify(src/roboclaw_hardware_interface) by extension 'ignore_ament_install'
[0.548s] Level 1:colcon.colcon_core.package_identification:_identify(src/roboclaw_hardware_interface) by extensions ['colcon_pkg']
[0.548s] Level 1:colcon.colcon_core.package_identification:_identify(src/roboclaw_hardware_interface) by extension 'colcon_pkg'
[0.548s] Level 1:colcon.colcon_core.package_identification:_identify(src/roboclaw_hardware_interface) by extensions ['colcon_meta']
[0.548s] Level 1:colcon.colcon_core.package_identification:_identify(src/roboclaw_hardware_interface) by extension 'colcon_meta'
[0.548s] Level 1:colcon.colcon_core.package_identification:_identify(src/roboclaw_hardware_interface) by extensions ['ros']
[0.548s] Level 1:colcon.colcon_core.package_identification:_identify(src/roboclaw_hardware_interface) by extension 'ros'
[0.550s] DEBUG:colcon.colcon_core.package_identification:Package 'src/roboclaw_hardware_interface' with type 'ros.ament_cmake' and name 'roboclaw_hardware_interface'
[0.550s] Level 1:colcon.colcon_core.package_identification:_identify(src/roboclaw_serial) by extensions ['ignore', 'ignore_ament_install']
[0.550s] Level 1:colcon.colcon_core.package_identification:_identify(src/roboclaw_serial) by extension 'ignore'
[0.550s] Level 1:colcon.colcon_core.package_identification:_identify(src/roboclaw_serial) by extension 'ignore_ament_install'
[0.550s] Level 1:colcon.colcon_core.package_identification:_identify(src/roboclaw_serial) by extensions ['colcon_pkg']
[0.550s] Level 1:colcon.colcon_core.package_identification:_identify(src/roboclaw_serial) by extension 'colcon_pkg'
[0.550s] Level 1:colcon.colcon_core.package_identification:_identify(src/roboclaw_serial) by extensions ['colcon_meta']
[0.551s] Level 1:colcon.colcon_core.package_identification:_identify(src/roboclaw_serial) by extension 'colcon_meta'
[0.551s] Level 1:colcon.colcon_core.package_identification:_identify(src/roboclaw_serial) by extensions ['ros']
[0.551s] Level 1:colcon.colcon_core.package_identification:_identify(src/roboclaw_serial) by extension 'ros'
[0.551s] DEBUG:colcon.colcon_core.package_identification:Package 'src/roboclaw_serial' with type 'ros.catkin' and name 'roboclaw_serial'
[0.552s] Level 1:colcon.colcon_core.package_identification:_identify(src/ugv_nav) by extensions ['ignore', 'ignore_ament_install']
[0.552s] Level 1:colcon.colcon_core.package_identification:_identify(src/ugv_nav) by extension 'ignore'
[0.552s] Level 1:colcon.colcon_core.package_identification:_identify(src/ugv_nav) by extension 'ignore_ament_install'
[0.552s] Level 1:colcon.colcon_core.package_identification:_identify(src/ugv_nav) by extensions ['colcon_pkg']
[0.552s] Level 1:colcon.colcon_core.package_identification:_identify(src/ugv_nav) by extension 'colcon_pkg'
[0.552s] Level 1:colcon.colcon_core.package_identification:_identify(src/ugv_nav) by extensions ['colcon_meta']
[0.552s] Level 1:colcon.colcon_core.package_identification:_identify(src/ugv_nav) by extension 'colcon_meta'
[0.552s] Level 1:colcon.colcon_core.package_identification:_identify(src/ugv_nav) by extensions ['ros']
[0.552s] Level 1:colcon.colcon_core.package_identification:_identify(src/ugv_nav) by extension 'ros'
[0.552s] Level 1:colcon.colcon_core.package_identification:_identify(src/ugv_nav) by extensions ['cmake', 'python']
[0.553s] Level 1:colcon.colcon_core.package_identification:_identify(src/ugv_nav) by extension 'cmake'
[0.553s] Level 1:colcon.colcon_core.package_identification:_identify(src/ugv_nav) by extension 'python'
[0.553s] Level 1:colcon.colcon_core.package_identification:_identify(src/ugv_nav) by extensions ['python_setup_py']
[0.553s] Level 1:colcon.colcon_core.package_identification:_identify(src/ugv_nav) by extension 'python_setup_py'
[0.553s] Level 1:colcon.colcon_core.package_identification:_identify(src/ugv_nav/config) by extensions ['ignore', 'ignore_ament_install']
[0.553s] Level 1:colcon.colcon_core.package_identification:_identify(src/ugv_nav/config) by extension 'ignore'
[0.553s] Level 1:colcon.colcon_core.package_identification:_identify(src/ugv_nav/config) by extension 'ignore_ament_install'
[0.553s] Level 1:colcon.colcon_core.package_identification:_identify(src/ugv_nav/config) by extensions ['colcon_pkg']
[0.553s] Level 1:colcon.colcon_core.package_identification:_identify(src/ugv_nav/config) by extension 'colcon_pkg'
[0.553s] Level 1:colcon.colcon_core.package_identification:_identify(src/ugv_nav/config) by extensions ['colcon_meta']
[0.554s] Level 1:colcon.colcon_core.package_identification:_identify(src/ugv_nav/config) by extension 'colcon_meta'
[0.554s] Level 1:colcon.colcon_core.package_identification:_identify(src/ugv_nav/config) by extensions ['ros']
[0.554s] Level 1:colcon.colcon_core.package_identification:_identify(src/ugv_nav/config) by extension 'ros'
[0.554s] Level 1:colcon.colcon_core.package_identification:_identify(src/ugv_nav/config) by extensions ['cmake', 'python']
[0.554s] Level 1:colcon.colcon_core.package_identification:_identify(src/ugv_nav/config) by extension 'cmake'
[0.554s] Level 1:colcon.colcon_core.package_identification:_identify(src/ugv_nav/config) by extension 'python'
[0.554s] Level 1:colcon.colcon_core.package_identification:_identify(src/ugv_nav/config) by extensions ['python_setup_py']
[0.554s] Level 1:colcon.colcon_core.package_identification:_identify(src/ugv_nav/config) by extension 'python_setup_py'
[0.554s] Level 1:colcon.colcon_core.package_identification:_identify(src/ugv_nav/launch) by extensions ['ignore', 'ignore_ament_install']
[0.554s] Level 1:colcon.colcon_core.package_identification:_identify(src/ugv_nav/launch) by extension 'ignore'
[0.554s] Level 1:colcon.colcon_core.package_identification:_identify(src/ugv_nav/launch) by extension 'ignore_ament_install'
[0.555s] Level 1:colcon.colcon_core.package_identification:_identify(src/ugv_nav/launch) by extensions ['colcon_pkg']
[0.555s] Level 1:colcon.colcon_core.package_identification:_identify(src/ugv_nav/launch) by extension 'colcon_pkg'
[0.555s] Level 1:colcon.colcon_core.package_identification:_identify(src/ugv_nav/launch) by extensions ['colcon_meta']
[0.555s] Level 1:colcon.colcon_core.package_identification:_identify(src/ugv_nav/launch) by extension 'colcon_meta'
[0.555s] Level 1:colcon.colcon_core.package_identification:_identify(src/ugv_nav/launch) by extensions ['ros']
[0.555s] Level 1:colcon.colcon_core.package_identification:_identify(src/ugv_nav/launch) by extension 'ros'
[0.555s] Level 1:colcon.colcon_core.package_identification:_identify(src/ugv_nav/launch) by extensions ['cmake', 'python']
[0.555s] Level 1:colcon.colcon_core.package_identification:_identify(src/ugv_nav/launch) by extension 'cmake'
[0.555s] Level 1:colcon.colcon_core.package_identification:_identify(src/ugv_nav/launch) by extension 'python'
[0.555s] Level 1:colcon.colcon_core.package_identification:_identify(src/ugv_nav/launch) by extensions ['python_setup_py']
[0.555s] Level 1:colcon.colcon_core.package_identification:_identify(src/ugv_nav/launch) by extension 'python_setup_py'
[0.555s] Level 1:colcon.colcon_core.package_identification:_identify(src/vicon_pkg) by extensions ['ignore', 'ignore_ament_install']
[0.556s] Level 1:colcon.colcon_core.package_identification:_identify(src/vicon_pkg) by extension 'ignore'
[0.556s] Level 1:colcon.colcon_core.package_identification:_identify(src/vicon_pkg) by extension 'ignore_ament_install'
[0.556s] Level 1:colcon.colcon_core.package_identification:_identify(src/vicon_pkg) by extensions ['colcon_pkg']
[0.556s] Level 1:colcon.colcon_core.package_identification:_identify(src/vicon_pkg) by extension 'colcon_pkg'
[0.556s] Level 1:colcon.colcon_core.package_identification:_identify(src/vicon_pkg) by extensions ['colcon_meta']
[0.556s] Level 1:colcon.colcon_core.package_identification:_identify(src/vicon_pkg) by extension 'colcon_meta'
[0.556s] Level 1:colcon.colcon_core.package_identification:_identify(src/vicon_pkg) by extensions ['ros']
[0.556s] Level 1:colcon.colcon_core.package_identification:_identify(src/vicon_pkg) by extension 'ros'
[0.557s] DEBUG:colcon.colcon_core.package_identification:Package 'src/vicon_pkg' with type 'ros.ament_python' and name 'vicon_pkg'
[0.557s] Level 1:colcon.colcon_core.package_discovery:discover_packages(recursive) using defaults
[0.557s] Level 1:colcon.colcon_core.package_discovery:discover_packages(ignore) discover
[0.557s] Level 1:colcon.colcon_core.package_discovery:discover_packages(ignore) using defaults
[0.558s] Level 1:colcon.colcon_core.package_discovery:discover_packages(path) discover
[0.558s] Level 1:colcon.colcon_core.package_discovery:discover_packages(path) using defaults
[0.623s] Level 1:colcon.colcon_core.package_discovery:discover_packages(prefix_path) check parameters
[0.623s] Level 1:colcon.colcon_core.package_discovery:discover_packages(prefix_path) discover
[0.627s] DEBUG:colcon.colcon_installed_package_information.package_discovery:Found 343 installed packages in /opt/ros/humble
[0.630s] Level 1:colcon.colcon_core.package_discovery:discover_packages(prefix_path) using defaults
[0.709s] Level 5:colcon.colcon_core.verb:set package 'pose_to_odom' build argument 'cmake_args' from command line to 'None'
[0.709s] Level 5:colcon.colcon_core.verb:set package 'pose_to_odom' build argument 'cmake_target' from command line to 'None'
[0.709s] Level 5:colcon.colcon_core.verb:set package 'pose_to_odom' build argument 'cmake_target_skip_unavailable' from command line to 'False'
[0.709s] Level 5:colcon.colcon_core.verb:set package 'pose_to_odom' build argument 'cmake_clean_cache' from command line to 'False'
[0.709s] Level 5:colcon.colcon_core.verb:set package 'pose_to_odom' build argument 'cmake_clean_first' from command line to 'False'
[0.710s] Level 5:colcon.colcon_core.verb:set package 'pose_to_odom' build argument 'cmake_force_configure' from command line to 'False'
[0.710s] Level 5:colcon.colcon_core.verb:set package 'pose_to_odom' build argument 'ament_cmake_args' from command line to 'None'
[0.710s] Level 5:colcon.colcon_core.verb:set package 'pose_to_odom' build argument 'catkin_cmake_args' from command line to 'None'
[0.710s] Level 5:colcon.colcon_core.verb:set package 'pose_to_odom' build argument 'catkin_skip_building_tests' from command line to 'False'
[0.710s] DEBUG:colcon.colcon_core.verb:Building package 'pose_to_odom' with the following arguments: {'ament_cmake_args': None, 'build_base': '/home/gwcs/ros2_ws/build/pose_to_odom', 'catkin_cmake_args': None, 'catkin_skip_building_tests': False, 'cmake_args': None, 'cmake_clean_cache': False, 'cmake_clean_first': False, 'cmake_force_configure': False, 'cmake_target': None, 'cmake_target_skip_unavailable': False, 'install_base': '/home/gwcs/ros2_ws/install/pose_to_odom', 'merge_install': False, 'path': '/home/gwcs/ros2_ws/src/pose_to_odom', 'symlink_install': False, 'test_result_base': None}
[0.710s] Level 5:colcon.colcon_core.verb:set package 'roboclaw_serial' build argument 'cmake_args' from command line to 'None'
[0.710s] Level 5:colcon.colcon_core.verb:set package 'roboclaw_serial' build argument 'cmake_target' from command line to 'None'
[0.710s] Level 5:colcon.colcon_core.verb:set package 'roboclaw_serial' build argument 'cmake_target_skip_unavailable' from command line to 'False'
[0.710s] Level 5:colcon.colcon_core.verb:set package 'roboclaw_serial' build argument 'cmake_clean_cache' from command line to 'False'
[0.711s] Level 5:colcon.colcon_core.verb:set package 'roboclaw_serial' build argument 'cmake_clean_first' from command line to 'False'
[0.711s] Level 5:colcon.colcon_core.verb:set package 'roboclaw_serial' build argument 'cmake_force_configure' from command line to 'False'
[0.711s] Level 5:colcon.colcon_core.verb:set package 'roboclaw_serial' build argument 'ament_cmake_args' from command line to 'None'
[0.711s] Level 5:colcon.colcon_core.verb:set package 'roboclaw_serial' build argument 'catkin_cmake_args' from command line to 'None'
[0.711s] Level 5:colcon.colcon_core.verb:set package 'roboclaw_serial' build argument 'catkin_skip_building_tests' from command line to 'False'
[0.711s] DEBUG:colcon.colcon_core.verb:Building package 'roboclaw_serial' with the following arguments: {'ament_cmake_args': None, 'build_base': '/home/gwcs/ros2_ws/build/roboclaw_serial', 'catkin_cmake_args': None, 'catkin_skip_building_tests': False, 'cmake_args': None, 'cmake_clean_cache': False, 'cmake_clean_first': False, 'cmake_force_configure': False, 'cmake_target': None, 'cmake_target_skip_unavailable': False, 'install_base': '/home/gwcs/ros2_ws/install/roboclaw_serial', 'merge_install': False, 'path': '/home/gwcs/ros2_ws/src/roboclaw_serial', 'symlink_install': False, 'test_result_base': None}
[0.711s] Level 5:colcon.colcon_core.verb:set package 'vicon_pkg' build argument 'cmake_args' from command line to 'None'
[0.711s] Level 5:colcon.colcon_core.verb:set package 'vicon_pkg' build argument 'cmake_target' from command line to 'None'
[0.711s] Level 5:colcon.colcon_core.verb:set package 'vicon_pkg' build argument 'cmake_target_skip_unavailable' from command line to 'False'
[0.711s] Level 5:colcon.colcon_core.verb:set package 'vicon_pkg' build argument 'cmake_clean_cache' from command line to 'False'
[0.712s] Level 5:colcon.colcon_core.verb:set package 'vicon_pkg' build argument 'cmake_clean_first' from command line to 'False'
[0.712s] Level 5:colcon.colcon_core.verb:set package 'vicon_pkg' build argument 'cmake_force_configure' from command line to 'False'
[0.712s] Level 5:colcon.colcon_core.verb:set package 'vicon_pkg' build argument 'ament_cmake_args' from command line to 'None'
[0.712s] Level 5:colcon.colcon_core.verb:set package 'vicon_pkg' build argument 'catkin_cmake_args' from command line to 'None'
[0.712s] Level 5:colcon.colcon_core.verb:set package 'vicon_pkg' build argument 'catkin_skip_building_tests' from command line to 'False'
[0.712s] DEBUG:colcon.colcon_core.verb:Building package 'vicon_pkg' with the following arguments: {'ament_cmake_args': None, 'build_base': '/home/gwcs/ros2_ws/build/vicon_pkg', 'catkin_cmake_args': None, 'catkin_skip_building_tests': False, 'cmake_args': None, 'cmake_clean_cache': False, 'cmake_clean_first': False, 'cmake_force_configure': False, 'cmake_target': None, 'cmake_target_skip_unavailable': False, 'install_base': '/home/gwcs/ros2_ws/install/vicon_pkg', 'merge_install': False, 'path': '/home/gwcs/ros2_ws/src/vicon_pkg', 'symlink_install': False, 'test_result_base': None}
[0.712s] Level 5:colcon.colcon_core.verb:set package 'roboclaw_hardware_interface' build argument 'cmake_args' from command line to 'None'
[0.712s] Level 5:colcon.colcon_core.verb:set package 'roboclaw_hardware_interface' build argument 'cmake_target' from command line to 'None'
[0.712s] Level 5:colcon.colcon_core.verb:set package 'roboclaw_hardware_interface' build argument 'cmake_target_skip_unavailable' from command line to 'False'
[0.712s] Level 5:colcon.colcon_core.verb:set package 'roboclaw_hardware_interface' build argument 'cmake_clean_cache' from command line to 'False'
[0.712s] Level 5:colcon.colcon_core.verb:set package 'roboclaw_hardware_interface' build argument 'cmake_clean_first' from command line to 'False'
[0.712s] Level 5:colcon.colcon_core.verb:set package 'roboclaw_hardware_interface' build argument 'cmake_force_configure' from command line to 'False'
[0.713s] Level 5:colcon.colcon_core.verb:set package 'roboclaw_hardware_interface' build argument 'ament_cmake_args' from command line to 'None'
[0.713s] Level 5:colcon.colcon_core.verb:set package 'roboclaw_hardware_interface' build argument 'catkin_cmake_args' from command line to 'None'
[0.713s] Level 5:colcon.colcon_core.verb:set package 'roboclaw_hardware_interface' build argument 'catkin_skip_building_tests' from command line to 'False'
[0.713s] DEBUG:colcon.colcon_core.verb:Building package 'roboclaw_hardware_interface' with the following arguments: {'ament_cmake_args': None, 'build_base': '/home/gwcs/ros2_ws/build/roboclaw_hardware_interface', 'catkin_cmake_args': None, 'catkin_skip_building_tests': False, 'cmake_args': None, 'cmake_clean_cache': False, 'cmake_clean_first': False, 'cmake_force_configure': False, 'cmake_target': None, 'cmake_target_skip_unavailable': False, 'install_base': '/home/gwcs/ros2_ws/install/roboclaw_hardware_interface', 'merge_install': False, 'path': '/home/gwcs/ros2_ws/src/roboclaw_hardware_interface', 'symlink_install': False, 'test_result_base': None}
[0.713s] Level 5:colcon.colcon_core.verb:set package 'dumbot_bringup' build argument 'cmake_args' from command line to 'None'
[0.713s] Level 5:colcon.colcon_core.verb:set package 'dumbot_bringup' build argument 'cmake_target' from command line to 'None'
[0.713s] Level 5:colcon.colcon_core.verb:set package 'dumbot_bringup' build argument 'cmake_target_skip_unavailable' from command line to 'False'
[0.713s] Level 5:colcon.colcon_core.verb:set package 'dumbot_bringup' build argument 'cmake_clean_cache' from command line to 'False'
[0.713s] Level 5:colcon.colcon_core.verb:set package 'dumbot_bringup' build argument 'cmake_clean_first' from command line to 'False'
[0.713s] Level 5:colcon.colcon_core.verb:set package 'dumbot_bringup' build argument 'cmake_force_configure' from command line to 'False'
[0.713s] Level 5:colcon.colcon_core.verb:set package 'dumbot_bringup' build argument 'ament_cmake_args' from command line to 'None'
[0.714s] Level 5:colcon.colcon_core.verb:set package 'dumbot_bringup' build argument 'catkin_cmake_args' from command line to 'None'
[0.714s] Level 5:colcon.colcon_core.verb:set package 'dumbot_bringup' build argument 'catkin_skip_building_tests' from command line to 'False'
[0.714s] DEBUG:colcon.colcon_core.verb:Building package 'dumbot_bringup' with the following arguments: {'ament_cmake_args': None, 'build_base': '/home/gwcs/ros2_ws/build/dumbot_bringup', 'catkin_cmake_args': None, 'catkin_skip_building_tests': False, 'cmake_args': None, 'cmake_clean_cache': False, 'cmake_clean_first': False, 'cmake_force_configure': False, 'cmake_target': None, 'cmake_target_skip_unavailable': False, 'install_base': '/home/gwcs/ros2_ws/install/dumbot_bringup', 'merge_install': False, 'path': '/home/gwcs/ros2_ws/src/dumbot_bringup', 'symlink_install': False, 'test_result_base': None}
[0.714s] INFO:colcon.colcon_core.executor:Executing jobs using 'parallel' executor
[0.716s] DEBUG:colcon.colcon_parallel_executor.executor.parallel:run_until_complete
[0.716s] INFO:colcon.colcon_ros.task.catkin.build:Building ROS package in '/home/gwcs/ros2_ws/src/roboclaw_serial' with build type 'catkin'
[0.717s] INFO:colcon.colcon_cmake.task.cmake.build:Building CMake package in '/home/gwcs/ros2_ws/src/roboclaw_serial'
[0.720s] INFO:colcon.colcon_core.plugin_system:Skipping extension 'colcon_core.shell.bat': Not used on non-Windows systems
[0.720s] INFO:colcon.colcon_core.shell:Skip shell extension 'powershell' for command environment: Not usable outside of PowerShell
[0.721s] DEBUG:colcon.colcon_core.shell:Skip shell extension 'dsv' for command environment
[0.726s] INFO:colcon.colcon_ros.task.ament_cmake.build:Building ROS package in '/home/gwcs/ros2_ws/src/pose_to_odom' with build type 'ament_cmake'
[0.726s] INFO:colcon.colcon_cmake.task.cmake.build:Building CMake package in '/home/gwcs/ros2_ws/src/pose_to_odom'
[0.727s] INFO:colcon.colcon_core.shell:Skip shell extension 'powershell' for command environment: Not usable outside of PowerShell
[0.727s] DEBUG:colcon.colcon_core.shell:Skip shell extension 'dsv' for command environment
[0.731s] INFO:colcon.colcon_ros.task.ament_python.build:Building ROS package in '/home/gwcs/ros2_ws/src/vicon_pkg' with build type 'ament_python'
[0.732s] Level 1:colcon.colcon_core.shell:create_environment_hook('vicon_pkg', 'ament_prefix_path')
[0.732s] INFO:colcon.colcon_core.shell:Creating environment hook '/home/gwcs/ros2_ws/install/vicon_pkg/share/vicon_pkg/hook/ament_prefix_path.ps1'
[0.734s] INFO:colcon.colcon_core.shell:Creating environment descriptor '/home/gwcs/ros2_ws/install/vicon_pkg/share/vicon_pkg/hook/ament_prefix_path.dsv'
[0.734s] INFO:colcon.colcon_core.shell:Creating environment hook '/home/gwcs/ros2_ws/install/vicon_pkg/share/vicon_pkg/hook/ament_prefix_path.sh'
[0.736s] INFO:colcon.colcon_core.shell:Skip shell extension 'powershell' for command environment: Not usable outside of PowerShell
[0.736s] DEBUG:colcon.colcon_core.shell:Skip shell extension 'dsv' for command environment
[0.747s] DEBUG:colcon.colcon_core.event_handler.log_command:Invoking command in '/home/gwcs/ros2_ws/build/roboclaw_serial': /usr/bin/cmake --build /home/gwcs/ros2_ws/build/roboclaw_serial -- -j6 -l6
[0.755s] DEBUG:colcon.colcon_core.event_handler.log_command:Invoking command in '/home/gwcs/ros2_ws/build/pose_to_odom': CMAKE_PREFIX_PATH=/opt/ros/humble /usr/bin/cmake --build /home/gwcs/ros2_ws/build/pose_to_odom -- -j6 -l6
[1.280s] INFO:colcon.colcon_core.task.python.build:Building Python package in '/home/gwcs/ros2_ws/src/vicon_pkg'
[1.281s] INFO:colcon.colcon_core.shell:Skip shell extension 'powershell' for command environment: Not usable outside of PowerShell
[1.281s] DEBUG:colcon.colcon_core.shell:Skip shell extension 'dsv' for command environment
[1.291s] DEBUG:colcon.colcon_core.event_handler.log_command:Invoked command in '/home/gwcs/ros2_ws/build/roboclaw_serial' returned '0': /usr/bin/cmake --build /home/gwcs/ros2_ws/build/roboclaw_serial -- -j6 -l6
[1.302s] DEBUG:colcon.colcon_core.event_handler.log_command:Invoking command in '/home/gwcs/ros2_ws/build/roboclaw_serial': /usr/bin/cmake --install /home/gwcs/ros2_ws/build/roboclaw_serial
[1.312s] Level 1:colcon.colcon_core.shell:create_environment_hook('roboclaw_serial', 'ros_package_path')
[1.313s] INFO:colcon.colcon_core.shell:Creating environment hook '/home/gwcs/ros2_ws/install/roboclaw_serial/share/roboclaw_serial/hook/ros_package_path.ps1'
[1.313s] DEBUG:colcon.colcon_core.event_handler.log_command:Invoked command in '/home/gwcs/ros2_ws/build/roboclaw_serial' returned '0': /usr/bin/cmake --install /home/gwcs/ros2_ws/build/roboclaw_serial
[1.314s] INFO:colcon.colcon_core.shell:Creating environment descriptor '/home/gwcs/ros2_ws/install/roboclaw_serial/share/roboclaw_serial/hook/ros_package_path.dsv'
[1.315s] INFO:colcon.colcon_core.shell:Creating environment hook '/home/gwcs/ros2_ws/install/roboclaw_serial/share/roboclaw_serial/hook/ros_package_path.sh'
[1.316s] Level 1:colcon.colcon_core.shell:create_environment_hook('roboclaw_serial', 'pkg_config_path')
[1.317s] INFO:colcon.colcon_core.shell:Creating environment hook '/home/gwcs/ros2_ws/install/roboclaw_serial/share/roboclaw_serial/hook/pkg_config_path.ps1'
[1.317s] INFO:colcon.colcon_core.shell:Creating environment descriptor '/home/gwcs/ros2_ws/install/roboclaw_serial/share/roboclaw_serial/hook/pkg_config_path.dsv'
[1.318s] INFO:colcon.colcon_core.shell:Creating environment hook '/home/gwcs/ros2_ws/install/roboclaw_serial/share/roboclaw_serial/hook/pkg_config_path.sh'
[1.322s] Level 1:colcon.colcon_core.shell:create_environment_hook('roboclaw_serial', 'pkg_config_path_multiarch')
[1.322s] INFO:colcon.colcon_core.shell:Creating environment hook '/home/gwcs/ros2_ws/install/roboclaw_serial/share/roboclaw_serial/hook/pkg_config_path_multiarch.ps1'
[1.323s] INFO:colcon.colcon_core.shell:Creating environment descriptor '/home/gwcs/ros2_ws/install/roboclaw_serial/share/roboclaw_serial/hook/pkg_config_path_multiarch.dsv'
[1.324s] INFO:colcon.colcon_core.shell:Creating environment hook '/home/gwcs/ros2_ws/install/roboclaw_serial/share/roboclaw_serial/hook/pkg_config_path_multiarch.sh'
[1.327s] Level 1:colcon.colcon_core.environment:create_environment_scripts_only(roboclaw_serial)
[1.331s] Level 1:colcon.colcon_core.environment:checking '/home/gwcs/ros2_ws/install/roboclaw_serial' for CMake module files
[1.332s] Level 1:colcon.colcon_core.environment:checking '/home/gwcs/ros2_ws/install/roboclaw_serial' for CMake config files
[1.333s] Level 1:colcon.colcon_core.shell:create_environment_hook('roboclaw_serial', 'cmake_prefix_path')
[1.333s] INFO:colcon.colcon_core.shell:Creating environment hook '/home/gwcs/ros2_ws/install/roboclaw_serial/share/roboclaw_serial/hook/cmake_prefix_path.ps1'
[1.334s] INFO:colcon.colcon_core.shell:Creating environment descriptor '/home/gwcs/ros2_ws/install/roboclaw_serial/share/roboclaw_serial/hook/cmake_prefix_path.dsv'
[1.335s] INFO:colcon.colcon_core.shell:Creating environment hook '/home/gwcs/ros2_ws/install/roboclaw_serial/share/roboclaw_serial/hook/cmake_prefix_path.sh'
[1.336s] Level 1:colcon.colcon_core.environment:checking '/home/gwcs/ros2_ws/install/roboclaw_serial/lib'
[1.336s] Level 1:colcon.colcon_core.environment:checking '/home/gwcs/ros2_ws/install/roboclaw_serial/bin'
[1.337s] Level 1:colcon.colcon_core.environment:checking '/home/gwcs/ros2_ws/install/roboclaw_serial/lib/pkgconfig/roboclaw_serial.pc'
[1.337s] Level 1:colcon.colcon_core.environment:checking '/home/gwcs/ros2_ws/install/roboclaw_serial/lib/python3.10/site-packages'
[1.338s] Level 1:colcon.colcon_core.environment:checking '/home/gwcs/ros2_ws/install/roboclaw_serial/bin'
[1.338s] INFO:colcon.colcon_core.shell:Creating package script '/home/gwcs/ros2_ws/install/roboclaw_serial/share/roboclaw_serial/package.ps1'
[1.341s] INFO:colcon.colcon_core.shell:Creating package descriptor '/home/gwcs/ros2_ws/install/roboclaw_serial/share/roboclaw_serial/package.dsv'
[1.343s] INFO:colcon.colcon_core.shell:Creating package script '/home/gwcs/ros2_ws/install/roboclaw_serial/share/roboclaw_serial/package.sh'
[1.344s] INFO:colcon.colcon_core.shell:Creating package script '/home/gwcs/ros2_ws/install/roboclaw_serial/share/roboclaw_serial/package.bash'
[1.346s] INFO:colcon.colcon_core.shell:Creating package script '/home/gwcs/ros2_ws/install/roboclaw_serial/share/roboclaw_serial/package.zsh'
[1.347s] Level 1:colcon.colcon_core.environment:create_file_with_runtime_dependencies(/home/gwcs/ros2_ws/install/roboclaw_serial/share/colcon-core/packages/roboclaw_serial)
[1.348s] INFO:colcon.colcon_ros.task.ament_cmake.build:Building ROS package in '/home/gwcs/ros2_ws/src/roboclaw_hardware_interface' with build type 'ament_cmake'
[1.348s] INFO:colcon.colcon_cmake.task.cmake.build:Building CMake package in '/home/gwcs/ros2_ws/src/roboclaw_hardware_interface'
[1.349s] INFO:colcon.colcon_core.shell:Skip shell extension 'powershell' for command environment: Not usable outside of PowerShell
[1.349s] DEBUG:colcon.colcon_core.shell:Skip shell extension 'dsv' for command environment
[1.366s] DEBUG:colcon.colcon_core.event_handler.log_command:Invoking command in '/home/gwcs/ros2_ws/build/roboclaw_hardware_interface': CMAKE_PREFIX_PATH=/opt/ros/humble:/home/gwcs/ros2_ws/install/roboclaw_serial PKG_CONFIG_PATH=/home/gwcs/ros2_ws/install/roboclaw_serial/lib/aarch64-linux-gnu/pkgconfig:/home/gwcs/ros2_ws/install/roboclaw_serial/lib/pkgconfig ROS_PACKAGE_PATH=/home/gwcs/ros2_ws/install/roboclaw_serial/share /usr/bin/cmake --build /home/gwcs/ros2_ws/build/roboclaw_hardware_interface -- -j6 -l6
[1.490s] DEBUG:colcon.colcon_core.event_handler.log_command:Invoked command in '/home/gwcs/ros2_ws/build/roboclaw_hardware_interface' returned '0': CMAKE_PREFIX_PATH=/opt/ros/humble:/home/gwcs/ros2_ws/install/roboclaw_serial PKG_CONFIG_PATH=/home/gwcs/ros2_ws/install/roboclaw_serial/lib/aarch64-linux-gnu/pkgconfig:/home/gwcs/ros2_ws/install/roboclaw_serial/lib/pkgconfig ROS_PACKAGE_PATH=/home/gwcs/ros2_ws/install/roboclaw_serial/share /usr/bin/cmake --build /home/gwcs/ros2_ws/build/roboclaw_hardware_interface -- -j6 -l6
[1.491s] DEBUG:colcon.colcon_core.event_handler.log_command:Invoking command in '/home/gwcs/ros2_ws/build/roboclaw_hardware_interface': CMAKE_PREFIX_PATH=/opt/ros/humble:/home/gwcs/ros2_ws/install/roboclaw_serial PKG_CONFIG_PATH=/home/gwcs/ros2_ws/install/roboclaw_serial/lib/aarch64-linux-gnu/pkgconfig:/home/gwcs/ros2_ws/install/roboclaw_serial/lib/pkgconfig ROS_PACKAGE_PATH=/home/gwcs/ros2_ws/install/roboclaw_serial/share /usr/bin/cmake --install /home/gwcs/ros2_ws/build/roboclaw_hardware_interface
[1.511s] Level 1:colcon.colcon_core.environment:create_environment_scripts_only(roboclaw_hardware_interface)
[1.511s] Level 1:colcon.colcon_core.environment:checking '/home/gwcs/ros2_ws/install/roboclaw_hardware_interface' for CMake module files
[1.512s] DEBUG:colcon.colcon_core.event_handler.log_command:Invoked command in '/home/gwcs/ros2_ws/build/roboclaw_hardware_interface' returned '0': CMAKE_PREFIX_PATH=/opt/ros/humble:/home/gwcs/ros2_ws/install/roboclaw_serial PKG_CONFIG_PATH=/home/gwcs/ros2_ws/install/roboclaw_serial/lib/aarch64-linux-gnu/pkgconfig:/home/gwcs/ros2_ws/install/roboclaw_serial/lib/pkgconfig ROS_PACKAGE_PATH=/home/gwcs/ros2_ws/install/roboclaw_serial/share /usr/bin/cmake --install /home/gwcs/ros2_ws/build/roboclaw_hardware_interface
[1.513s] Level 1:colcon.colcon_core.environment:checking '/home/gwcs/ros2_ws/install/roboclaw_hardware_interface' for CMake config files
[1.514s] Level 1:colcon.colcon_core.shell:create_environment_hook('roboclaw_hardware_interface', 'cmake_prefix_path')
[1.515s] INFO:colcon.colcon_core.shell:Creating environment hook '/home/gwcs/ros2_ws/install/roboclaw_hardware_interface/share/roboclaw_hardware_interface/hook/cmake_prefix_path.ps1'
[1.516s] INFO:colcon.colcon_core.shell:Creating environment descriptor '/home/gwcs/ros2_ws/install/roboclaw_hardware_interface/share/roboclaw_hardware_interface/hook/cmake_prefix_path.dsv'
[1.516s] INFO:colcon.colcon_core.shell:Creating environment hook '/home/gwcs/ros2_ws/install/roboclaw_hardware_interface/share/roboclaw_hardware_interface/hook/cmake_prefix_path.sh'
[1.518s] Level 1:colcon.colcon_core.environment:checking '/home/gwcs/ros2_ws/install/roboclaw_hardware_interface/lib'
[1.518s] Level 1:colcon.colcon_core.shell:create_environment_hook('roboclaw_hardware_interface', 'ld_library_path_lib')
[1.518s] INFO:colcon.colcon_core.shell:Creating environment hook '/home/gwcs/ros2_ws/install/roboclaw_hardware_interface/share/roboclaw_hardware_interface/hook/ld_library_path_lib.ps1'
[1.519s] INFO:colcon.colcon_core.shell:Creating environment descriptor '/home/gwcs/ros2_ws/install/roboclaw_hardware_interface/share/roboclaw_hardware_interface/hook/ld_library_path_lib.dsv'
[1.520s] INFO:colcon.colcon_core.shell:Creating environment hook '/home/gwcs/ros2_ws/install/roboclaw_hardware_interface/share/roboclaw_hardware_interface/hook/ld_library_path_lib.sh'
[1.520s] Level 1:colcon.colcon_core.environment:checking '/home/gwcs/ros2_ws/install/roboclaw_hardware_interface/bin'
[1.521s] Level 1:colcon.colcon_core.environment:checking '/home/gwcs/ros2_ws/install/roboclaw_hardware_interface/lib/pkgconfig/roboclaw_hardware_interface.pc'
[1.521s] Level 1:colcon.colcon_core.environment:checking '/home/gwcs/ros2_ws/install/roboclaw_hardware_interface/lib/python3.10/site-packages'
[1.522s] Level 1:colcon.colcon_core.environment:checking '/home/gwcs/ros2_ws/install/roboclaw_hardware_interface/bin'
[1.523s] INFO:colcon.colcon_core.shell:Creating package script '/home/gwcs/ros2_ws/install/roboclaw_hardware_interface/share/roboclaw_hardware_interface/package.ps1'
[1.525s] INFO:colcon.colcon_core.shell:Creating package descriptor '/home/gwcs/ros2_ws/install/roboclaw_hardware_interface/share/roboclaw_hardware_interface/package.dsv'
[1.526s] INFO:colcon.colcon_core.shell:Creating package script '/home/gwcs/ros2_ws/install/roboclaw_hardware_interface/share/roboclaw_hardware_interface/package.sh'
[1.527s] INFO:colcon.colcon_core.shell:Creating package script '/home/gwcs/ros2_ws/install/roboclaw_hardware_interface/share/roboclaw_hardware_interface/package.bash'
[1.528s] INFO:colcon.colcon_core.shell:Creating package script '/home/gwcs/ros2_ws/install/roboclaw_hardware_interface/share/roboclaw_hardware_interface/package.zsh'
[1.528s] Level 1:colcon.colcon_core.environment:create_file_with_runtime_dependencies(/home/gwcs/ros2_ws/install/roboclaw_hardware_interface/share/colcon-core/packages/roboclaw_hardware_interface)
[1.530s] Level 1:colcon.colcon_core.environment:create_environment_scripts_only(roboclaw_hardware_interface)
[1.531s] Level 1:colcon.colcon_core.environment:checking '/home/gwcs/ros2_ws/install/roboclaw_hardware_interface' for CMake module files
[1.532s] Level 1:colcon.colcon_core.environment:checking '/home/gwcs/ros2_ws/install/roboclaw_hardware_interface' for CMake config files
[1.532s] Level 1:colcon.colcon_core.shell:create_environment_hook('roboclaw_hardware_interface', 'cmake_prefix_path')
[1.532s] INFO:colcon.colcon_core.shell:Creating environment hook '/home/gwcs/ros2_ws/install/roboclaw_hardware_interface/share/roboclaw_hardware_interface/hook/cmake_prefix_path.ps1'
[1.533s] INFO:colcon.colcon_core.shell:Creating environment descriptor '/home/gwcs/ros2_ws/install/roboclaw_hardware_interface/share/roboclaw_hardware_interface/hook/cmake_prefix_path.dsv'
[1.534s] INFO:colcon.colcon_core.shell:Creating environment hook '/home/gwcs/ros2_ws/install/roboclaw_hardware_interface/share/roboclaw_hardware_interface/hook/cmake_prefix_path.sh'
[1.535s] Level 1:colcon.colcon_core.environment:checking '/home/gwcs/ros2_ws/install/roboclaw_hardware_interface/lib'
[1.536s] Level 1:colcon.colcon_core.shell:create_environment_hook('roboclaw_hardware_interface', 'ld_library_path_lib')
[1.536s] INFO:colcon.colcon_core.shell:Creating environment hook '/home/gwcs/ros2_ws/install/roboclaw_hardware_interface/share/roboclaw_hardware_interface/hook/ld_library_path_lib.ps1'
[1.537s] INFO:colcon.colcon_core.shell:Creating environment descriptor '/home/gwcs/ros2_ws/install/roboclaw_hardware_interface/share/roboclaw_hardware_interface/hook/ld_library_path_lib.dsv'
[1.537s] INFO:colcon.colcon_core.shell:Creating environment hook '/home/gwcs/ros2_ws/install/roboclaw_hardware_interface/share/roboclaw_hardware_interface/hook/ld_library_path_lib.sh'
[1.538s] Level 1:colcon.colcon_core.environment:checking '/home/gwcs/ros2_ws/install/roboclaw_hardware_interface/bin'
[1.538s] Level 1:colcon.colcon_core.environment:checking '/home/gwcs/ros2_ws/install/roboclaw_hardware_interface/lib/pkgconfig/roboclaw_hardware_interface.pc'
[1.539s] Level 1:colcon.colcon_core.environment:checking '/home/gwcs/ros2_ws/install/roboclaw_hardware_interface/lib/python3.10/site-packages'
[1.539s] Level 1:colcon.colcon_core.environment:checking '/home/gwcs/ros2_ws/install/roboclaw_hardware_interface/bin'
[1.540s] INFO:colcon.colcon_core.shell:Creating package script '/home/gwcs/ros2_ws/install/roboclaw_hardware_interface/share/roboclaw_hardware_interface/package.ps1'
[1.541s] INFO:colcon.colcon_core.shell:Creating package descriptor '/home/gwcs/ros2_ws/install/roboclaw_hardware_interface/share/roboclaw_hardware_interface/package.dsv'
[1.542s] INFO:colcon.colcon_core.shell:Creating package script '/home/gwcs/ros2_ws/install/roboclaw_hardware_interface/share/roboclaw_hardware_interface/package.sh'
[1.543s] INFO:colcon.colcon_core.shell:Creating package script '/home/gwcs/ros2_ws/install/roboclaw_hardware_interface/share/roboclaw_hardware_interface/package.bash'
[1.544s] INFO:colcon.colcon_core.shell:Creating package script '/home/gwcs/ros2_ws/install/roboclaw_hardware_interface/share/roboclaw_hardware_interface/package.zsh'
[1.545s] Level 1:colcon.colcon_core.environment:create_file_with_runtime_dependencies(/home/gwcs/ros2_ws/install/roboclaw_hardware_interface/share/colcon-core/packages/roboclaw_hardware_interface)
[1.547s] INFO:colcon.colcon_ros.task.ament_cmake.build:Building ROS package in '/home/gwcs/ros2_ws/src/dumbot_bringup' with build type 'ament_cmake'
[1.547s] INFO:colcon.colcon_cmake.task.cmake.build:Building CMake package in '/home/gwcs/ros2_ws/src/dumbot_bringup'
[1.547s] INFO:colcon.colcon_core.shell:Skip shell extension 'powershell' for command environment: Not usable outside of PowerShell
[1.548s] DEBUG:colcon.colcon_core.shell:Skip shell extension 'dsv' for command environment
[1.571s] DEBUG:colcon.colcon_core.event_handler.log_command:Invoking command in '/home/gwcs/ros2_ws/build/dumbot_bringup': AMENT_PREFIX_PATH=/home/gwcs/ros2_ws/install/roboclaw_hardware_interface:${AMENT_PREFIX_PATH} CMAKE_PREFIX_PATH=/home/gwcs/ros2_ws/install/roboclaw_hardware_interface:/opt/ros/humble:/home/gwcs/ros2_ws/install/roboclaw_serial LD_LIBRARY_PATH=/home/gwcs/ros2_ws/install/roboclaw_hardware_interface/lib:/opt/ros/humble/opt/rviz_ogre_vendor/lib:/opt/ros/humble/lib/aarch64-linux-gnu:/opt/ros/humble/lib:/usr/local/cuda-12.6/lib64 PKG_CONFIG_PATH=/home/gwcs/ros2_ws/install/roboclaw_serial/lib/aarch64-linux-gnu/pkgconfig:/home/gwcs/ros2_ws/install/roboclaw_serial/lib/pkgconfig ROS_PACKAGE_PATH=/home/gwcs/ros2_ws/install/roboclaw_serial/share /usr/bin/cmake --build /home/gwcs/ros2_ws/build/dumbot_bringup -- -j6 -l6
[1.624s] DEBUG:colcon.colcon_core.event_handler.log_command:Invoked command in '/home/gwcs/ros2_ws/build/dumbot_bringup' returned '0': AMENT_PREFIX_PATH=/home/gwcs/ros2_ws/install/roboclaw_hardware_interface:${AMENT_PREFIX_PATH} CMAKE_PREFIX_PATH=/home/gwcs/ros2_ws/install/roboclaw_hardware_interface:/opt/ros/humble:/home/gwcs/ros2_ws/install/roboclaw_serial LD_LIBRARY_PATH=/home/gwcs/ros2_ws/install/roboclaw_hardware_interface/lib:/opt/ros/humble/opt/rviz_ogre_vendor/lib:/opt/ros/humble/lib/aarch64-linux-gnu:/opt/ros/humble/lib:/usr/local/cuda-12.6/lib64 PKG_CONFIG_PATH=/home/gwcs/ros2_ws/install/roboclaw_serial/lib/aarch64-linux-gnu/pkgconfig:/home/gwcs/ros2_ws/install/roboclaw_serial/lib/pkgconfig ROS_PACKAGE_PATH=/home/gwcs/ros2_ws/install/roboclaw_serial/share /usr/bin/cmake --build /home/gwcs/ros2_ws/build/dumbot_bringup -- -j6 -l6
[1.627s] DEBUG:colcon.colcon_core.event_handler.log_command:Invoking command in '/home/gwcs/ros2_ws/build/dumbot_bringup': AMENT_PREFIX_PATH=/home/gwcs/ros2_ws/install/roboclaw_hardware_interface:${AMENT_PREFIX_PATH} CMAKE_PREFIX_PATH=/home/gwcs/ros2_ws/install/roboclaw_hardware_interface:/opt/ros/humble:/home/gwcs/ros2_ws/install/roboclaw_serial LD_LIBRARY_PATH=/home/gwcs/ros2_ws/install/roboclaw_hardware_interface/lib:/opt/ros/humble/opt/rviz_ogre_vendor/lib:/opt/ros/humble/lib/aarch64-linux-gnu:/opt/ros/humble/lib:/usr/local/cuda-12.6/lib64 PKG_CONFIG_PATH=/home/gwcs/ros2_ws/install/roboclaw_serial/lib/aarch64-linux-gnu/pkgconfig:/home/gwcs/ros2_ws/install/roboclaw_serial/lib/pkgconfig ROS_PACKAGE_PATH=/home/gwcs/ros2_ws/install/roboclaw_serial/share /usr/bin/cmake --install /home/gwcs/ros2_ws/build/dumbot_bringup
[1.641s] Level 1:colcon.colcon_core.environment:create_environment_scripts_only(dumbot_bringup)
[1.642s] Level 1:colcon.colcon_core.environment:checking '/home/gwcs/ros2_ws/install/dumbot_bringup' for CMake module files
[1.643s] DEBUG:colcon.colcon_core.event_handler.log_command:Invoked command in '/home/gwcs/ros2_ws/build/dumbot_bringup' returned '0': AMENT_PREFIX_PATH=/home/gwcs/ros2_ws/install/roboclaw_hardware_interface:${AMENT_PREFIX_PATH} CMAKE_PREFIX_PATH=/home/gwcs/ros2_ws/install/roboclaw_hardware_interface:/opt/ros/humble:/home/gwcs/ros2_ws/install/roboclaw_serial LD_LIBRARY_PATH=/home/gwcs/ros2_ws/install/roboclaw_hardware_interface/lib:/opt/ros/humble/opt/rviz_ogre_vendor/lib:/opt/ros/humble/lib/aarch64-linux-gnu:/opt/ros/humble/lib:/usr/local/cuda-12.6/lib64 PKG_CONFIG_PATH=/home/gwcs/ros2_ws/install/roboclaw_serial/lib/aarch64-linux-gnu/pkgconfig:/home/gwcs/ros2_ws/install/roboclaw_serial/lib/pkgconfig ROS_PACKAGE_PATH=/home/gwcs/ros2_ws/install/roboclaw_serial/share /usr/bin/cmake --install /home/gwcs/ros2_ws/build/dumbot_bringup
[1.643s] Level 1:colcon.colcon_core.environment:checking '/home/gwcs/ros2_ws/install/dumbot_bringup' for CMake config files
[1.644s] Level 1:colcon.colcon_core.shell:create_environment_hook('dumbot_bringup', 'cmake_prefix_path')
[1.644s] INFO:colcon.colcon_core.shell:Creating environment hook '/home/gwcs/ros2_ws/install/dumbot_bringup/share/dumbot_bringup/hook/cmake_prefix_path.ps1'
[1.645s] INFO:colcon.colcon_core.shell:Creating environment descriptor '/home/gwcs/ros2_ws/install/dumbot_bringup/share/dumbot_bringup/hook/cmake_prefix_path.dsv'
[1.646s] INFO:colcon.colcon_core.shell:Creating environment hook '/home/gwcs/ros2_ws/install/dumbot_bringup/share/dumbot_bringup/hook/cmake_prefix_path.sh'
[1.647s] Level 1:colcon.colcon_core.environment:checking '/home/gwcs/ros2_ws/install/dumbot_bringup/bin'
[1.647s] Level 1:colcon.colcon_core.environment:checking '/home/gwcs/ros2_ws/install/dumbot_bringup/lib/pkgconfig/dumbot_bringup.pc'
[1.648s] Level 1:colcon.colcon_core.environment:checking '/home/gwcs/ros2_ws/install/dumbot_bringup/lib/python3.10/site-packages'
[1.648s] Level 1:colcon.colcon_core.environment:checking '/home/gwcs/ros2_ws/install/dumbot_bringup/bin'
[1.649s] INFO:colcon.colcon_core.shell:Creating package script '/home/gwcs/ros2_ws/install/dumbot_bringup/share/dumbot_bringup/package.ps1'
[1.651s] INFO:colcon.colcon_core.shell:Creating package descriptor '/home/gwcs/ros2_ws/install/dumbot_bringup/share/dumbot_bringup/package.dsv'
[1.653s] INFO:colcon.colcon_core.shell:Creating package script '/home/gwcs/ros2_ws/install/dumbot_bringup/share/dumbot_bringup/package.sh'
[1.654s] INFO:colcon.colcon_core.shell:Creating package script '/home/gwcs/ros2_ws/install/dumbot_bringup/share/dumbot_bringup/package.bash'
[1.655s] INFO:colcon.colcon_core.shell:Creating package script '/home/gwcs/ros2_ws/install/dumbot_bringup/share/dumbot_bringup/package.zsh'
[1.656s] Level 1:colcon.colcon_core.environment:create_file_with_runtime_dependencies(/home/gwcs/ros2_ws/install/dumbot_bringup/share/colcon-core/packages/dumbot_bringup)
[1.657s] Level 1:colcon.colcon_core.environment:create_environment_scripts_only(dumbot_bringup)
[1.658s] Level 1:colcon.colcon_core.environment:checking '/home/gwcs/ros2_ws/install/dumbot_bringup' for CMake module files
[1.658s] Level 1:colcon.colcon_core.environment:checking '/home/gwcs/ros2_ws/install/dumbot_bringup' for CMake config files
[1.659s] Level 1:colcon.colcon_core.shell:create_environment_hook('dumbot_bringup', 'cmake_prefix_path')
[1.659s] INFO:colcon.colcon_core.shell:Creating environment hook '/home/gwcs/ros2_ws/install/dumbot_bringup/share/dumbot_bringup/hook/cmake_prefix_path.ps1'
[1.660s] INFO:colcon.colcon_core.shell:Creating environment descriptor '/home/gwcs/ros2_ws/install/dumbot_bringup/share/dumbot_bringup/hook/cmake_prefix_path.dsv'
[1.661s] INFO:colcon.colcon_core.shell:Creating environment hook '/home/gwcs/ros2_ws/install/dumbot_bringup/share/dumbot_bringup/hook/cmake_prefix_path.sh'
[1.663s] Level 1:colcon.colcon_core.environment:checking '/home/gwcs/ros2_ws/install/dumbot_bringup/bin'
[1.663s] Level 1:colcon.colcon_core.environment:checking '/home/gwcs/ros2_ws/install/dumbot_bringup/lib/pkgconfig/dumbot_bringup.pc'
[1.664s] Level 1:colcon.colcon_core.environment:checking '/home/gwcs/ros2_ws/install/dumbot_bringup/lib/python3.10/site-packages'
[1.664s] Level 1:colcon.colcon_core.environment:checking '/home/gwcs/ros2_ws/install/dumbot_bringup/bin'
[1.675s] INFO:colcon.colcon_core.shell:Creating package script '/home/gwcs/ros2_ws/install/dumbot_bringup/share/dumbot_bringup/package.ps1'
[1.676s] INFO:colcon.colcon_core.shell:Creating package descriptor '/home/gwcs/ros2_ws/install/dumbot_bringup/share/dumbot_bringup/package.dsv'
[1.677s] INFO:colcon.colcon_core.shell:Creating package script '/home/gwcs/ros2_ws/install/dumbot_bringup/share/dumbot_bringup/package.sh'
[1.678s] INFO:colcon.colcon_core.shell:Creating package script '/home/gwcs/ros2_ws/install/dumbot_bringup/share/dumbot_bringup/package.bash'
[1.679s] INFO:colcon.colcon_core.shell:Creating package script '/home/gwcs/ros2_ws/install/dumbot_bringup/share/dumbot_bringup/package.zsh'
[1.680s] Level 1:colcon.colcon_core.environment:create_file_with_runtime_dependencies(/home/gwcs/ros2_ws/install/dumbot_bringup/share/colcon-core/packages/dumbot_bringup)
[2.127s] DEBUG:colcon.colcon_core.event_handler.log_command:Invoking command in '/home/gwcs/ros2_ws/src/vicon_pkg': PYTHONPATH=/home/gwcs/ros2_ws/build/vicon_pkg/prefix_override:/usr/lib/python3/dist-packages/colcon_core/task/python/colcon_distutils_commands:/home/gwcs/ros2_ws/install/vicon_pkg/lib/python3.10/site-packages:${PYTHONPATH} /usr/bin/python3 -W ignore:setup.py install is deprecated -W ignore:easy_install command is deprecated setup.py egg_info --egg-base ../../build/vicon_pkg build --build-base /home/gwcs/ros2_ws/build/vicon_pkg/build install --record /home/gwcs/ros2_ws/build/vicon_pkg/install.log --single-version-externally-managed install_data
[2.730s] Level 1:colcon.colcon_core.environment:checking '/home/gwcs/ros2_ws/install/vicon_pkg' for CMake module files
[2.731s] DEBUG:colcon.colcon_core.event_handler.log_command:Invoked command in '/home/gwcs/ros2_ws/src/vicon_pkg' returned '0': PYTHONPATH=/home/gwcs/ros2_ws/build/vicon_pkg/prefix_override:/usr/lib/python3/dist-packages/colcon_core/task/python/colcon_distutils_commands:/home/gwcs/ros2_ws/install/vicon_pkg/lib/python3.10/site-packages:${PYTHONPATH} /usr/bin/python3 -W ignore:setup.py install is deprecated -W ignore:easy_install command is deprecated setup.py egg_info --egg-base ../../build/vicon_pkg build --build-base /home/gwcs/ros2_ws/build/vicon_pkg/build install --record /home/gwcs/ros2_ws/build/vicon_pkg/install.log --single-version-externally-managed install_data
[2.732s] Level 1:colcon.colcon_core.environment:checking '/home/gwcs/ros2_ws/install/vicon_pkg' for CMake config files
[2.733s] Level 1:colcon.colcon_core.environment:checking '/home/gwcs/ros2_ws/install/vicon_pkg/lib'
[2.733s] Level 1:colcon.colcon_core.environment:checking '/home/gwcs/ros2_ws/install/vicon_pkg/bin'
[2.733s] Level 1:colcon.colcon_core.environment:checking '/home/gwcs/ros2_ws/install/vicon_pkg/lib/pkgconfig/vicon_pkg.pc'
[2.734s] Level 1:colcon.colcon_core.environment:checking '/home/gwcs/ros2_ws/install/vicon_pkg/lib/python3.10/site-packages'
[2.734s] Level 1:colcon.colcon_core.shell:create_environment_hook('vicon_pkg', 'pythonpath')
[2.734s] INFO:colcon.colcon_core.shell:Creating environment hook '/home/gwcs/ros2_ws/install/vicon_pkg/share/vicon_pkg/hook/pythonpath.ps1'
[2.736s] INFO:colcon.colcon_core.shell:Creating environment descriptor '/home/gwcs/ros2_ws/install/vicon_pkg/share/vicon_pkg/hook/pythonpath.dsv'
[2.736s] INFO:colcon.colcon_core.shell:Creating environment hook '/home/gwcs/ros2_ws/install/vicon_pkg/share/vicon_pkg/hook/pythonpath.sh'
[2.738s] Level 1:colcon.colcon_core.environment:checking '/home/gwcs/ros2_ws/install/vicon_pkg/bin'
[2.738s] Level 1:colcon.colcon_core.environment:create_environment_scripts_only(vicon_pkg)
[2.739s] INFO:colcon.colcon_core.shell:Creating package script '/home/gwcs/ros2_ws/install/vicon_pkg/share/vicon_pkg/package.ps1'
[2.741s] INFO:colcon.colcon_core.shell:Creating package descriptor '/home/gwcs/ros2_ws/install/vicon_pkg/share/vicon_pkg/package.dsv'
[2.741s] INFO:colcon.colcon_core.shell:Creating package script '/home/gwcs/ros2_ws/install/vicon_pkg/share/vicon_pkg/package.sh'
[2.742s] INFO:colcon.colcon_core.shell:Creating package script '/home/gwcs/ros2_ws/install/vicon_pkg/share/vicon_pkg/package.bash'
[2.743s] INFO:colcon.colcon_core.shell:Creating package script '/home/gwcs/ros2_ws/install/vicon_pkg/share/vicon_pkg/package.zsh'
[2.744s] Level 1:colcon.colcon_core.environment:create_file_with_runtime_dependencies(/home/gwcs/ros2_ws/install/vicon_pkg/share/colcon-core/packages/vicon_pkg)
[19.964s] DEBUG:colcon.colcon_core.event_handler.log_command:Invoked command in '/home/gwcs/ros2_ws/build/pose_to_odom' returned '0': CMAKE_PREFIX_PATH=/opt/ros/humble /usr/bin/cmake --build /home/gwcs/ros2_ws/build/pose_to_odom -- -j6 -l6
[19.968s] DEBUG:colcon.colcon_core.event_handler.log_command:Invoking command in '/home/gwcs/ros2_ws/build/pose_to_odom': CMAKE_PREFIX_PATH=/opt/ros/humble /usr/bin/cmake --install /home/gwcs/ros2_ws/build/pose_to_odom
[19.990s] Level 1:colcon.colcon_core.environment:create_environment_scripts_only(pose_to_odom)
[19.991s] Level 1:colcon.colcon_core.environment:checking '/home/gwcs/ros2_ws/install/pose_to_odom' for CMake module files
[19.991s] DEBUG:colcon.colcon_core.event_handler.log_command:Invoked command in '/home/gwcs/ros2_ws/build/pose_to_odom' returned '0': CMAKE_PREFIX_PATH=/opt/ros/humble /usr/bin/cmake --install /home/gwcs/ros2_ws/build/pose_to_odom
[19.992s] Level 1:colcon.colcon_core.environment:checking '/home/gwcs/ros2_ws/install/pose_to_odom' for CMake config files
[19.993s] Level 1:colcon.colcon_core.shell:create_environment_hook('pose_to_odom', 'cmake_prefix_path')
[19.993s] INFO:colcon.colcon_core.shell:Creating environment hook '/home/gwcs/ros2_ws/install/pose_to_odom/share/pose_to_odom/hook/cmake_prefix_path.ps1'
[19.995s] INFO:colcon.colcon_core.shell:Creating environment descriptor '/home/gwcs/ros2_ws/install/pose_to_odom/share/pose_to_odom/hook/cmake_prefix_path.dsv'
[19.995s] INFO:colcon.colcon_core.shell:Creating environment hook '/home/gwcs/ros2_ws/install/pose_to_odom/share/pose_to_odom/hook/cmake_prefix_path.sh'
[19.997s] Level 1:colcon.colcon_core.environment:checking '/home/gwcs/ros2_ws/install/pose_to_odom/lib'
[19.997s] Level 1:colcon.colcon_core.environment:checking '/home/gwcs/ros2_ws/install/pose_to_odom/bin'
[19.997s] Level 1:colcon.colcon_core.environment:checking '/home/gwcs/ros2_ws/install/pose_to_odom/lib/pkgconfig/pose_to_odom.pc'
[19.998s] Level 1:colcon.colcon_core.environment:checking '/home/gwcs/ros2_ws/install/pose_to_odom/lib/python3.10/site-packages'
[19.998s] Level 1:colcon.colcon_core.environment:checking '/home/gwcs/ros2_ws/install/pose_to_odom/bin'
[19.999s] INFO:colcon.colcon_core.shell:Creating package script '/home/gwcs/ros2_ws/install/pose_to_odom/share/pose_to_odom/package.ps1'
[20.001s] INFO:colcon.colcon_core.shell:Creating package descriptor '/home/gwcs/ros2_ws/install/pose_to_odom/share/pose_to_odom/package.dsv'
[20.006s] INFO:colcon.colcon_core.shell:Creating package script '/home/gwcs/ros2_ws/install/pose_to_odom/share/pose_to_odom/package.sh'
[20.008s] INFO:colcon.colcon_core.shell:Creating package script '/home/gwcs/ros2_ws/install/pose_to_odom/share/pose_to_odom/package.bash'
[20.009s] INFO:colcon.colcon_core.shell:Creating package script '/home/gwcs/ros2_ws/install/pose_to_odom/share/pose_to_odom/package.zsh'
[20.010s] Level 1:colcon.colcon_core.environment:create_file_with_runtime_dependencies(/home/gwcs/ros2_ws/install/pose_to_odom/share/colcon-core/packages/pose_to_odom)
[20.013s] Level 1:colcon.colcon_core.environment:create_environment_scripts_only(pose_to_odom)
[20.014s] Level 1:colcon.colcon_core.environment:checking '/home/gwcs/ros2_ws/install/pose_to_odom' for CMake module files
[20.015s] Level 1:colcon.colcon_core.environment:checking '/home/gwcs/ros2_ws/install/pose_to_odom' for CMake config files
[20.016s] Level 1:colcon.colcon_core.shell:create_environment_hook('pose_to_odom', 'cmake_prefix_path')
[20.016s] INFO:colcon.colcon_core.shell:Creating environment hook '/home/gwcs/ros2_ws/install/pose_to_odom/share/pose_to_odom/hook/cmake_prefix_path.ps1'
[20.018s] INFO:colcon.colcon_core.shell:Creating environment descriptor '/home/gwcs/ros2_ws/install/pose_to_odom/share/pose_to_odom/hook/cmake_prefix_path.dsv'
[20.019s] INFO:colcon.colcon_core.shell:Creating environment hook '/home/gwcs/ros2_ws/install/pose_to_odom/share/pose_to_odom/hook/cmake_prefix_path.sh'
[20.020s] Level 1:colcon.colcon_core.environment:checking '/home/gwcs/ros2_ws/install/pose_to_odom/lib'
[20.020s] Level 1:colcon.colcon_core.environment:checking '/home/gwcs/ros2_ws/install/pose_to_odom/bin'
[20.020s] Level 1:colcon.colcon_core.environment:checking '/home/gwcs/ros2_ws/install/pose_to_odom/lib/pkgconfig/pose_to_odom.pc'
[20.021s] Level 1:colcon.colcon_core.environment:checking '/home/gwcs/ros2_ws/install/pose_to_odom/lib/python3.10/site-packages'
[20.022s] Level 1:colcon.colcon_core.environment:checking '/home/gwcs/ros2_ws/install/pose_to_odom/bin'
[20.022s] INFO:colcon.colcon_core.shell:Creating package script '/home/gwcs/ros2_ws/install/pose_to_odom/share/pose_to_odom/package.ps1'
[20.024s] INFO:colcon.colcon_core.shell:Creating package descriptor '/home/gwcs/ros2_ws/install/pose_to_odom/share/pose_to_odom/package.dsv'
[20.025s] INFO:colcon.colcon_core.shell:Creating package script '/home/gwcs/ros2_ws/install/pose_to_odom/share/pose_to_odom/package.sh'
[20.026s] INFO:colcon.colcon_core.shell:Creating package script '/home/gwcs/ros2_ws/install/pose_to_odom/share/pose_to_odom/package.bash'
[20.027s] INFO:colcon.colcon_core.shell:Creating package script '/home/gwcs/ros2_ws/install/pose_to_odom/share/pose_to_odom/package.zsh'
[20.028s] Level 1:colcon.colcon_core.environment:create_file_with_runtime_dependencies(/home/gwcs/ros2_ws/install/pose_to_odom/share/colcon-core/packages/pose_to_odom)
[20.029s] DEBUG:colcon.colcon_parallel_executor.executor.parallel:closing loop
[20.031s] DEBUG:colcon.colcon_parallel_executor.executor.parallel:loop closed
[20.031s] DEBUG:colcon.colcon_parallel_executor.executor.parallel:run_until_complete finished with '0'
[20.031s] DEBUG:colcon.colcon_core.event_reactor:joining thread
[20.046s] INFO:colcon.colcon_core.plugin_system:Skipping extension 'colcon_notification.desktop_notification.terminal_notifier': Not used on non-Darwin systems
[20.046s] INFO:colcon.colcon_core.plugin_system:Skipping extension 'colcon_notification.desktop_notification.win32': Not used on non-Windows systems
[20.046s] INFO:colcon.colcon_notification.desktop_notification:Sending desktop notification using 'notify2'
[20.087s] DEBUG:colcon.colcon_core.event_reactor:joined thread
[20.088s] INFO:colcon.colcon_core.shell:Creating prefix script '/home/gwcs/ros2_ws/install/local_setup.ps1'
[20.092s] INFO:colcon.colcon_core.shell:Creating prefix util module '/home/gwcs/ros2_ws/install/_local_setup_util_ps1.py'
[20.097s] INFO:colcon.colcon_core.shell:Creating prefix chain script '/home/gwcs/ros2_ws/install/setup.ps1'
[20.102s] INFO:colcon.colcon_core.shell:Creating prefix script '/home/gwcs/ros2_ws/install/local_setup.sh'
[20.105s] INFO:colcon.colcon_core.shell:Creating prefix util module '/home/gwcs/ros2_ws/install/_local_setup_util_sh.py'
[20.106s] INFO:colcon.colcon_core.shell:Creating prefix chain script '/home/gwcs/ros2_ws/install/setup.sh'
[20.109s] INFO:colcon.colcon_core.shell:Creating prefix script '/home/gwcs/ros2_ws/install/local_setup.bash'
[20.110s] INFO:colcon.colcon_core.shell:Creating prefix chain script '/home/gwcs/ros2_ws/install/setup.bash'
[20.113s] INFO:colcon.colcon_core.shell:Creating prefix script '/home/gwcs/ros2_ws/install/local_setup.zsh'
[20.115s] INFO:colcon.colcon_core.shell:Creating prefix chain script '/home/gwcs/ros2_ws/install/setup.zsh'
