[0.050s] Invoking command in '/home/gwcs/ros2_ws/build/roboclaw_hardware_interface': CMAKE_PREFIX_PATH=/opt/ros/humble:/home/gwcs/ros2_ws/install/roboclaw_serial PKG_CONFIG_PATH=/home/gwcs/ros2_ws/install/roboclaw_serial/lib/aarch64-linux-gnu/pkgconfig:/home/gwcs/ros2_ws/install/roboclaw_serial/lib/pkgconfig ROS_PACKAGE_PATH=/home/gwcs/ros2_ws/install/roboclaw_serial/share /usr/bin/cmake --build /home/gwcs/ros2_ws/build/roboclaw_hardware_interface -- -j6 -l6
[0.109s] [100%] Built target roboclaw_hardware_interface
[0.120s] Invoked command in '/home/gwcs/ros2_ws/build/roboclaw_hardware_interface' returned '0': CMAKE_PREFIX_PATH=/opt/ros/humble:/home/gwcs/ros2_ws/install/roboclaw_serial PKG_CONFIG_PATH=/home/gwcs/ros2_ws/install/roboclaw_serial/lib/aarch64-linux-gnu/pkgconfig:/home/gwcs/ros2_ws/install/roboclaw_serial/lib/pkgconfig ROS_PACKAGE_PATH=/home/gwcs/ros2_ws/install/roboclaw_serial/share /usr/bin/cmake --build /home/gwcs/ros2_ws/build/roboclaw_hardware_interface -- -j6 -l6
[0.123s] Invoking command in '/home/gwcs/ros2_ws/build/roboclaw_hardware_interface': CMAKE_PREFIX_PATH=/opt/ros/humble:/home/gwcs/ros2_ws/install/roboclaw_serial PKG_CONFIG_PATH=/home/gwcs/ros2_ws/install/roboclaw_serial/lib/aarch64-linux-gnu/pkgconfig:/home/gwcs/ros2_ws/install/roboclaw_serial/lib/pkgconfig ROS_PACKAGE_PATH=/home/gwcs/ros2_ws/install/roboclaw_serial/share /usr/bin/cmake --install /home/gwcs/ros2_ws/build/roboclaw_hardware_interface
[0.131s] -- Install configuration: ""
[0.131s] -- Up-to-date: /home/gwcs/ros2_ws/install/roboclaw_hardware_interface/share/roboclaw_hardware_interface/roboclaw_hardware_interface.xml
[0.132s] -- Up-to-date: /home/gwcs/ros2_ws/install/roboclaw_hardware_interface/lib/libroboclaw_hardware_interface.so
[0.132s] -- Up-to-date: /home/gwcs/ros2_ws/install/roboclaw_hardware_interface/share/roboclaw_hardware_interface/roboclaw_hardware_interface.xml
[0.132s] -- Up-to-date: /home/gwcs/ros2_ws/install/roboclaw_hardware_interface/share/ament_index/resource_index/package_run_dependencies/roboclaw_hardware_interface
[0.132s] -- Up-to-date: /home/gwcs/ros2_ws/install/roboclaw_hardware_interface/share/ament_index/resource_index/parent_prefix_path/roboclaw_hardware_interface
[0.132s] -- Up-to-date: /home/gwcs/ros2_ws/install/roboclaw_hardware_interface/share/roboclaw_hardware_interface/environment/ament_prefix_path.sh
[0.133s] -- Up-to-date: /home/gwcs/ros2_ws/install/roboclaw_hardware_interface/share/roboclaw_hardware_interface/environment/ament_prefix_path.dsv
[0.133s] -- Up-to-date: /home/gwcs/ros2_ws/install/roboclaw_hardware_interface/share/roboclaw_hardware_interface/environment/path.sh
[0.133s] -- Up-to-date: /home/gwcs/ros2_ws/install/roboclaw_hardware_interface/share/roboclaw_hardware_interface/environment/path.dsv
[0.133s] -- Up-to-date: /home/gwcs/ros2_ws/install/roboclaw_hardware_interface/share/roboclaw_hardware_interface/local_setup.bash
[0.133s] -- Up-to-date: /home/gwcs/ros2_ws/install/roboclaw_hardware_interface/share/roboclaw_hardware_interface/local_setup.sh
[0.133s] -- Up-to-date: /home/gwcs/ros2_ws/install/roboclaw_hardware_interface/share/roboclaw_hardware_interface/local_setup.zsh
[0.133s] -- Up-to-date: /home/gwcs/ros2_ws/install/roboclaw_hardware_interface/share/roboclaw_hardware_interface/local_setup.dsv
[0.133s] -- Installing: /home/gwcs/ros2_ws/install/roboclaw_hardware_interface/share/roboclaw_hardware_interface/package.dsv
[0.134s] -- Up-to-date: /home/gwcs/ros2_ws/install/roboclaw_hardware_interface/share/ament_index/resource_index/packages/roboclaw_hardware_interface
[0.134s] -- Up-to-date: /home/gwcs/ros2_ws/install/roboclaw_hardware_interface/share/ament_index/resource_index/hardware_interface__pluginlib__plugin/roboclaw_hardware_interface
[0.135s] -- Up-to-date: /home/gwcs/ros2_ws/install/roboclaw_hardware_interface/share/roboclaw_hardware_interface/cmake/roboclaw_hardware_interfaceConfig.cmake
[0.136s] -- Up-to-date: /home/gwcs/ros2_ws/install/roboclaw_hardware_interface/share/roboclaw_hardware_interface/cmake/roboclaw_hardware_interfaceConfig-version.cmake
[0.136s] -- Up-to-date: /home/gwcs/ros2_ws/install/roboclaw_hardware_interface/share/roboclaw_hardware_interface/package.xml
[0.137s] Invoked command in '/home/gwcs/ros2_ws/build/roboclaw_hardware_interface' returned '0': CMAKE_PREFIX_PATH=/opt/ros/humble:/home/gwcs/ros2_ws/install/roboclaw_serial PKG_CONFIG_PATH=/home/gwcs/ros2_ws/install/roboclaw_serial/lib/aarch64-linux-gnu/pkgconfig:/home/gwcs/ros2_ws/install/roboclaw_serial/lib/pkgconfig ROS_PACKAGE_PATH=/home/gwcs/ros2_ws/install/roboclaw_serial/share /usr/bin/cmake --install /home/gwcs/ros2_ws/build/roboclaw_hardware_interface
