running egg_info
writing ../../build/vicon_pkg/vicon_pkg.egg-info/PKG-INFO
writing dependency_links to ../../build/vicon_pkg/vicon_pkg.egg-info/dependency_links.txt
writing entry points to ../../build/vicon_pkg/vicon_pkg.egg-info/entry_points.txt
writing requirements to ../../build/vicon_pkg/vicon_pkg.egg-info/requires.txt
writing top-level names to ../../build/vicon_pkg/vicon_pkg.egg-info/top_level.txt
reading manifest file '../../build/vicon_pkg/vicon_pkg.egg-info/SOURCES.txt'
adding license file 'LICENSE'
writing manifest file '../../build/vicon_pkg/vicon_pkg.egg-info/SOURCES.txt'
running build
running build_py
running install
running install_lib
running install_data
running install_egg_info
removing '/home/gwcs/ros2_ws/install/vicon_pkg/lib/python3.10/site-packages/vicon_pkg-0.0.0-py3.10.egg-info' (and everything under it)
Copying ../../build/vicon_pkg/vicon_pkg.egg-info to /home/gwcs/ros2_ws/install/vicon_pkg/lib/python3.10/site-packages/vicon_pkg-0.0.0-py3.10.egg-info
running install_scripts
Installing vicon_node script to /home/gwcs/ros2_ws/install/vicon_pkg/lib/vicon_pkg
writing list of installed files to '/home/gwcs/ros2_ws/build/vicon_pkg/install.log'
